Archive member included to satisfy reference by file (symbol)

/home/pi/github/inferno-pico/Pico/arm/lib/libinterp.a(alt.o)
                              dis.o (altdone)
/home/pi/github/inferno-pico/Pico/arm/lib/libinterp.a(comp-arm.o)
                              devprog.o (comvec)
/home/pi/github/inferno-pico/Pico/arm/lib/libinterp.a(conv.o)
                              dis.o (Dconv)
/home/pi/github/inferno-pico/Pico/arm/lib/libinterp.a(dec.o)
                              devprog.o (dec)
/home/pi/github/inferno-pico/Pico/arm/lib/libinterp.a(gc.o)
                              dis.o (nprop)
/home/pi/github/inferno-pico/Pico/arm/lib/libinterp.a(heap.o)
                              devsrv.o (dtype)
/home/pi/github/inferno-pico/Pico/arm/lib/libinterp.a(link.o)
                              dis.o (mklinkmod)
/home/pi/github/inferno-pico/Pico/arm/lib/libinterp.a(load.o)
                              dis.o (load)
/home/pi/github/inferno-pico/Pico/arm/lib/libinterp.a(math.o)
                              pico.o (mathmodinit)
/home/pi/github/inferno-pico/Pico/arm/lib/libinterp.a(raise.o)
                              /home/pi/github/inferno-pico/Pico/arm/lib/libinterp.a(alt.o) (exNilref)
/home/pi/github/inferno-pico/Pico/arm/lib/libinterp.a(readmod.o)
                              /home/pi/github/inferno-pico/Pico/arm/lib/libinterp.a(load.o) (readmod)
/home/pi/github/inferno-pico/Pico/arm/lib/libinterp.a(runt.o)
                              inferno.o (xprint)
/home/pi/github/inferno-pico/Pico/arm/lib/libinterp.a(sign.o)
                              /home/pi/github/inferno-pico/Pico/arm/lib/libinterp.a(load.o) (verifysigner)
/home/pi/github/inferno-pico/Pico/arm/lib/libinterp.a(stack.o)
                              dis.o (newstack)
/home/pi/github/inferno-pico/Pico/arm/lib/libinterp.a(xec.o)
                              devprog.o (R)
/home/pi/github/inferno-pico/Pico/arm/lib/libinterp.a(das-arm.o)
                              /home/pi/github/inferno-pico/Pico/arm/lib/libinterp.a(comp-arm.o) (das)
/home/pi/github/inferno-pico/Pico/arm/lib/libinterp.a(string.o)
                              /home/pi/github/inferno-pico/Pico/arm/lib/libinterp.a(xec.o) (indc)
/home/pi/github/inferno-pico/Pico/arm/lib/libinterp.a(dlm-Pico.o)
                              /home/pi/github/inferno-pico/Pico/arm/lib/libinterp.a(readmod.o) (newdyncode)
/home/pi/github/inferno-pico/Pico/arm/lib/libmath.a(blas.o)
                              /home/pi/github/inferno-pico/Pico/arm/lib/libinterp.a(math.o) (dot)
/home/pi/github/inferno-pico/Pico/arm/lib/libmath.a(dtoa.o)
                              /home/pi/github/inferno-pico/Pico/arm/lib/libinterp.a(string.o) (strtod)
/home/pi/github/inferno-pico/Pico/arm/lib/libmath.a(fdim.o)
                              /home/pi/github/inferno-pico/Pico/arm/lib/libinterp.a(math.o) (fdim)
/home/pi/github/inferno-pico/Pico/arm/lib/libmath.a(FPcontrol-Pico.o)
                              /home/pi/github/inferno-pico/Pico/arm/lib/libinterp.a(math.o) (getFPstatus)
/home/pi/github/inferno-pico/Pico/arm/lib/libmath.a(gemm.o)
                              /home/pi/github/inferno-pico/Pico/arm/lib/libinterp.a(math.o) (gemm)
/home/pi/github/inferno-pico/Pico/arm/lib/libmath.a(gfltconv.o)
                              /home/pi/github/inferno-pico/Pico/arm/lib/libinterp.a(math.o) (gfltconv)
/home/pi/github/inferno-pico/Pico/arm/lib/libmath.a(pow10.o)
                              /home/pi/github/inferno-pico/Pico/arm/lib/libinterp.a(math.o) (ipow10)
/home/pi/github/inferno-pico/Pico/arm/lib/libmath.a(e_acos.o)
                              /home/pi/github/inferno-pico/Pico/arm/lib/libinterp.a(math.o) (__ieee754_acos)
/home/pi/github/inferno-pico/Pico/arm/lib/libmath.a(e_acosh.o)
                              /home/pi/github/inferno-pico/Pico/arm/lib/libinterp.a(math.o) (__ieee754_acosh)
/home/pi/github/inferno-pico/Pico/arm/lib/libmath.a(e_asin.o)
                              /home/pi/github/inferno-pico/Pico/arm/lib/libinterp.a(math.o) (__ieee754_asin)
/home/pi/github/inferno-pico/Pico/arm/lib/libmath.a(e_atan2.o)
                              /home/pi/github/inferno-pico/Pico/arm/lib/libinterp.a(math.o) (__ieee754_atan2)
/home/pi/github/inferno-pico/Pico/arm/lib/libmath.a(e_atanh.o)
                              /home/pi/github/inferno-pico/Pico/arm/lib/libinterp.a(math.o) (__ieee754_atanh)
/home/pi/github/inferno-pico/Pico/arm/lib/libmath.a(e_cosh.o)
                              /home/pi/github/inferno-pico/Pico/arm/lib/libinterp.a(math.o) (__ieee754_cosh)
/home/pi/github/inferno-pico/Pico/arm/lib/libmath.a(e_exp.o)
                              /home/pi/github/inferno-pico/Pico/arm/lib/libinterp.a(math.o) (__ieee754_exp)
/home/pi/github/inferno-pico/Pico/arm/lib/libmath.a(e_fmod.o)
                              /home/pi/github/inferno-pico/Pico/arm/lib/libinterp.a(math.o) (__ieee754_fmod)
/home/pi/github/inferno-pico/Pico/arm/lib/libmath.a(e_hypot.o)
[...]
Memory Configuration

Name             Origin             Length             Attributes
FLASH            0x10000000         0x00200000         xr
RAM              0x20000000         0x00040000         xrw
SCRATCH_X        0x20040000         0x00001000         xrw
SCRATCH_Y        0x20041000         0x00001000         xrw
*default*        0x00000000         0xffffffff

Linker script and memory map

LOAD /usr/lib/gcc/arm-none-eabi/7.3.1/thumb/v6-m/crti.o
LOAD /usr/lib/gcc/arm-none-eabi/7.3.1/thumb/v6-m/crtbegin.o
LOAD /usr/lib/gcc/arm-none-eabi/7.3.1/../../../arm-none-eabi/lib/thumb/v6-m/crt0.o

.flash_begin    0x10000000        0x0
                0x10000000                __flash_binary_start = .

.boot2          0x10000000      0x100
                0x10000000                __boot2_start__ = .
 *(.boot2)
 .boot2         0x10000000      0x100 /tmp/cccGXpSV.o
                0x10000100                __boot2_end__ = .
                0x00000001                ASSERT (((__boot2_end__ - __boot2_start__) == 0x100), ERROR: Pico second stage bootloader must be 256 bytes in size)

.text           0x10000100    0x2ea00
                0x10000100                __logical_binary_start = .
 *(.vectors)
 .vectors       0x10000100       0xd4 /home/pi/github/inferno-pico/Pico/arm/lib/libpico.a(crt0.o)
                0x10000100                __vectors
                0x10000100                __VECTOR_TABLE
                0x100001c0                isr_invalid
                0x100001c0                __default_isrs_start
                0x100001c2                isr_nmi
                0x100001c4                isr_hardfault
                0x100001c6                isr_svcall
                0x100001c8                isr_pendsv
                0x100001ca                isr_systick
                0x100001cc                isr_irq30
                0x100001cc                __unhandled_user_irq
                0x100001cc                isr_irq13
                0x100001cc                isr_irq27
                0x100001cc                isr_irq31
                0x100001cc                isr_irq5
                0x100001cc                isr_irq11
                0x100001cc                isr_irq23
                0x100001cc                isr_irq18
                0x100001cc                isr_irq28
                0x100001cc                isr_irq19
                0x100001cc                isr_irq0
                0x100001cc                isr_irq6
                0x100001cc                isr_irq22
                0x100001cc                isr_irq17
                0x100001cc                isr_irq14
                0x100001cc                isr_irq2
                0x100001cc                isr_irq10
                0x100001cc                isr_irq8
                0x100001cc                isr_irq24
                0x100001cc                isr_irq1
                0x100001cc                isr_irq7
                0x100001cc                isr_irq21
                0x100001cc                isr_irq20
                0x100001cc                isr_irq15
                0x100001cc                isr_irq25
                0x100001cc                isr_irq4
                0x100001cc                isr_irq16
                0x100001cc                isr_irq29
                0x100001cc                isr_irq26
                0x100001cc                __default_isrs_end
                0x100001cc                isr_irq3
                0x100001cc                isr_irq12
                0x100001cc                isr_irq9
                0x100001d2                unhandled_user_irq_num_in_r0
 *(.binary_info_header)
 .binary_info_header
                0x100001d4       0x14 /home/pi/github/inferno-pico/Pico/arm/lib/libpico.a(crt0.o)
                0x100001e8                __binary_info_header_end = .
 *(.reset)
 .reset         0x100001e8       0xa8 /home/pi/github/inferno-pico/Pico/arm/lib/libpico.a(crt0.o)
                0x100001e8                _entry_point
                0x10000266                __get_current_exception
 *(.init)
 .init          0x10000290        0x4 /usr/lib/gcc/arm-none-eabi/7.3.1/thumb/v6-m/crti.o
                0x10000290                _init
 *(EXCLUDE_FILE(*libm.a: *libc.a:*lib_a-mem*.o *libgcc.a:) .text*)
 .text          0x10000294       0x98 /usr/lib/gcc/arm-none-eabi/7.3.1/thumb/v6-m/crtbegin.o
 .text.init0    0x1000032c      0x128 main.o
                0x1000032c                init0
 .text.confinit
                0x10000454       0x74 main.o
                0x10000454                confinit
 .text.poolsizeinit
                0x100004c8       0x70 main.o
                0x100004c8                poolsizeinit
 .text.userinit
                0x10000538       0x70 main.o
                0x10000538                userinit
 .text.main     0x100005a8      0x188 main.o
                0x100005a8                main
 .text          0x10000730       0x38 armv6.o
                0x10000730                FPsave
                0x10000734                FPrestore
                0x10000736                setlabel
                0x10000742                gotolabel
                0x1000074e                getpc
                0x10000752                coherence
                0x1000075c                spllo
                0x10000760                idlehands
 .text.rootclose
                0x10000768        0x2 devroot.o
 *fill*         0x1000076a        0x2 
 .text.rootwrite
                0x1000076c       0x10 devroot.o
 .text.rootread
                0x1000077c       0x98 devroot.o
 .text.rootgen  0x10000814      0x154 devroot.o
 .text.rootopen
                0x10000968       0x28 devroot.o
 .text.rootstat
                0x10000990       0x2c devroot.o
 .text.rootwalk
                0x100009bc       0x34 devroot.o
 .text.rootattach
                0x100009f0       0x60 devroot.o
 .text.finddbgkey
                0x10000a50       0x2c devcons.o
 .text.dbgwork  0x10000a7c       0x10 devcons.o
 .text.qpanic   0x10000a8c       0x10 devcons.o
 .text.flushkbdline
                0x10000a9c       0x24 devcons.o
 .text.putstrn0
                0x10000ac0      0x15c devcons.o
 .text.consclose
                0x10000c1c       0xa4 devcons.o
 .text.consstat
                0x10000cc0       0x20 devcons.o
 .text.conswalk
                0x10000ce0       0x20 devcons.o
 .text.consattach
                0x10000d00        0xc devcons.o
 .text.rexit    0x10000d0c        0xa devcons.o
 *fill*         0x10000d16        0x2 
 .text.dbgproc  0x10000d18       0x30 devcons.o
 .text.printinit
                0x10000d48       0x34 devcons.o
                0x10000d48                printinit
 .text.iseve    0x10000d7c       0x24 devcons.o
                0x10000d7c                iseve
 .text.consopen
                0x10000da0      0x16c devcons.o
 .text.putstrn  0x10000f0c        0xa devcons.o
                0x10000f0c                putstrn
 .text.snprint  0x10000f16       0x1a devcons.o
                0x10000f16                snprint
 .text.sprint   0x10000f30       0x1c devcons.o
                0x10000f30                sprint
 .text.print    0x10000f4c       0x2a devcons.o
                0x10000f4c                print
 *fill*         0x10000f76        0x2 
 .text.fddump   0x10000f78       0x48 devcons.o
                0x10000f78                fddump
 .text.dbghelp  0x10000fc0       0x64 devcons.o
 .text.dbgtoggle
                0x10001024       0x34 devcons.o
 .text.iprint   0x10001058       0x60 devcons.o
                0x10001058                iprint
 .text._assert  0x100010b8       0x10 devcons.o
                0x100010b8                _assert
 .text.echo     0x100010c8       0x70 devcons.o
                0x100010c8                echo
 .text.isdbgkey
                0x10001138       0xb4 devcons.o
 .text.debugkey
                0x100011ec       0x74 devcons.o
                0x100011ec                debugkey
 .text.debuginit
                0x10001260       0x40 devcons.o
 .text.consinit
                0x100012a0       0x60 devcons.o
 .text.kbdputc  0x10001300       0xbc devcons.o
                0x10001300                kbdputc
 .text.conswrite
                0x100013bc      0x384 devcons.o
 .text.seconds  0x10001740       0x20 devcons.o
                0x10001740                seconds
 .text.mseconds
                0x10001760       0x30 devcons.o
                0x10001760                mseconds
 .text.readnum  0x10001790       0x4c devcons.o
                0x10001790                readnum
 .text.readstr  0x100017dc       0x2e devcons.o
                0x100017dc                readstr
 *fill*         0x1000180a        0x2 
 .text.consread
                0x1000180c      0x3e0 devcons.o
 .text.envremove
                0x10001bec       0x9c devenv.o
 .text.envclose
                0x10001c88       0x12 devenv.o
 *fill*         0x10001c9a        0x2 
 .text.envwrite
                0x10001c9c      0x100 devenv.o
 .text.envread  0x10001d9c       0xfc devenv.o
 .text.envgen   0x10001e98       0xe4 devenv.o
 .text.envopen  0x10001f7c       0xc0 devenv.o
 .text.envcreate
                0x1000203c      0x128 devenv.o
 .text.envstat  0x10002164       0x38 devenv.o
 .text.envwalk  0x1000219c       0x1c devenv.o
 .text.envattach
                0x100021b8       0x34 devenv.o
 .text.newegrp  0x100021ec        0xe devenv.o
                0x100021ec                newegrp
 .text.closeegrp
                0x100021fa       0x3a devenv.o
                0x100021fa                closeegrp
 .text.egrpcpy  0x10002234       0x7c devenv.o
                0x10002234                egrpcpy
 .text.ksetenv  0x100022b0       0xcc devenv.o
                0x100022b0                ksetenv
 .text.alloctag
                0x1000237c       0x50 devmnt.o
 .text.freetag  0x100023cc       0x1c devmnt.o
 .text.rpcattn  0x100023e8       0x22 devmnt.o
                0x100023e8                rpcattn
 *fill*         0x1000240a        0x2 
 .text.doread   0x1000240c       0x54 devmnt.o
 .text.mntreset
                0x10002460       0x2c devmnt.o
 .text.mntversion
                0x1000248c      0x3ec devmnt.o
                0x1000248c                mntversion
 .text.mntchan  0x10002878       0x3c devmnt.o
                0x10002878                mntchan
 .text.mntpntfree
                0x100028b4       0x40 devmnt.o
                0x100028b4                mntpntfree
 .text.mntrpcread
                0x100028f4      0x13c devmnt.o
                0x100028f4                mntrpcread
 .text.mntgate  0x10002a30       0x36 devmnt.o
                0x10002a30                mntgate
 *fill*         0x10002a66        0x2 
 .text.mountmux
                0x10002a68       0xc4 devmnt.o
                0x10002a68                mountmux
 .text.mntralloc
                0x10002b2c      0x104 devmnt.o
                0x10002b2c                mntralloc
 .text.mntflushalloc
                0x10002c30       0x26 devmnt.o
                0x10002c30                mntflushalloc
 *fill*         0x10002c56        0x2 
 .text.mntfree  0x10002c58       0x58 devmnt.o
                0x10002c58                mntfree
 .text.muxclose
                0x10002cb0       0x28 devmnt.o
                0x10002cb0                muxclose
 .text.mntqrm   0x10002cd8       0x32 devmnt.o
                0x10002cd8                mntqrm
 .text.mntflushfree
                0x10002d0a       0x3c devmnt.o
                0x10002d0a                mntflushfree
 *fill*         0x10002d46        0x2 
 .text.mountio  0x10002d48      0x198 devmnt.o
                0x10002d48                mountio
 .text.mountrpc
                0x10002ee0       0xd4 devmnt.o
                0x10002ee0                mountrpc
 .text.mntauth  0x10002fb4      0x120 devmnt.o
                0x10002fb4                mntauth
 .text.mntattach
                0x100030d4      0x134 devmnt.o
 .text.mntchk   0x10003208       0x64 devmnt.o
                0x10003208                mntchk
 .text.mntrdwr  0x1000326c      0x16c devmnt.o
                0x1000326c                mntrdwr
 .text.mntwrite
                0x100033d8       0x1c devmnt.o
 .text.mntwstat
                0x100033f4       0x80 devmnt.o
 .text.mntclunk
                0x10003474       0x68 devmnt.o
 .text.mntremove
                0x100034dc        0xa devmnt.o
 .text.mntclose
                0x100034e6        0xa devmnt.o
 .text.mntopencreate
                0x100034f0       0xdc devmnt.o
 .text.mntcreate
                0x100035cc       0x16 devmnt.o
 .text.mntopen  0x100035e2       0x16 devmnt.o
 .text.mntwalk  0x100035f8      0x1bc devmnt.o
 .text.mntdirfix
                0x100037b4       0x2c devmnt.o
                0x100037b4                mntdirfix
 .text.mntread  0x100037e0       0xdc devmnt.o
 .text.mntstat  0x100038bc       0xc0 devmnt.o
 .text.pipeinit
                0x1000397c       0x10 devpipe.o
 .text.freepipe
                0x1000398c       0x26 devpipe.o
 *fill*         0x100039b2        0x2 
 .text.pipewstat
                0x100039b4      0x13c devpipe.o
 .text.pipebwrite
                0x10003af0       0x90 devpipe.o
 .text.pipewrite
                0x10003b80       0x94 devpipe.o
 .text.pipebread
                0x10003c14       0x2a devpipe.o
 *fill*         0x10003c3e        0x2 
 .text.piperead
                0x10003c40       0x50 devpipe.o
 .text.pipegen  0x10003c90       0xd8 devpipe.o
 .text.pipeclose
                0x10003d68       0x92 devpipe.o
 *fill*         0x10003dfa        0x2 
 .text.pipeopen
                0x10003dfc       0xe8 devpipe.o
 .text.pipestat
                0x10003ee4      0x108 devpipe.o
 .text.pipewalk
                0x10003fec       0x6c devpipe.o
 .text.pipeattach
                0x10004058      0x104 devpipe.o
 .text.calldepth
                0x1000415c       0x10 devprog.o
 .text.int2flag
                0x1000416c       0x3e devprog.o
 .text.xecdone  0x100041aa        0x8 devprog.o
 .text.bdone    0x100041b2        0xa devprog.o
 .text.progqidwidth
                0x100041bc       0x18 devprog.o
 .text.progoffset
                0x100041d4       0x2e devprog.o
 .text.telldbg  0x10004202       0x18 devprog.o
 .text.dbgaddrun
                0x1000421a       0x28 devprog.o
 *fill*         0x10004242        0x2 
 .text.dbgblock
                0x10004244       0xc4 devprog.o
 .text.freebpts
                0x10004308       0x12 devprog.o
 *fill*         0x1000431a        0x2 
 .text.closedbgctl
                0x1000431c       0x4c devprog.o
 .text.dbgxec   0x10004368      0x25c devprog.o
                0x10004368                dbgxec
 .text.delbpt   0x100045c4       0x3c devprog.o
 .text.progwstat
                0x10004600       0xb8 devprog.o
 .text.dbgstep  0x100046b8      0x10c devprog.o
 .text.dbgstart
                0x100047c4       0x44 devprog.o
 .text.setbpt   0x10004808       0x4e devprog.o
 *fill*         0x10004856        0x2 
 .text.progwrite
                0x10004858      0x388 devprog.o
 .text.proggen  0x10004be0      0x218 devprog.o
 .text.progclose
                0x10004df8       0x9e devprog.o
 *fill*         0x10004e96        0x2 
 .text.progtime
                0x10004e98       0x50 devprog.o
 .text.progsize
                0x10004ee8       0x72 devprog.o
 .text.mntscan  0x10004f5a       0x82 devprog.o
 .text.progheap
                0x10004fdc      0x3c0 devprog.o
 .text.progopen
                0x1000539c      0x1dc devprog.o
 .text.progstat
                0x10005578       0x18 devprog.o
 .text.progwalk
                0x10005590       0x1c devprog.o
 .text.progattach
                0x100055ac        0xc devprog.o
 .text.progfdprint
                0x100055b8       0xa4 devprog.o
                0x100055b8                progfdprint
 .text.progfds  0x1000565c       0xbc devprog.o
 .text.pc2dispc
                0x10005718       0x66 devprog.o
                0x10005718                pc2dispc
 *fill*         0x1000577e        0x2 
 .text.progstack
                0x10005780      0x11c devprog.o
 .text.modstatus
                0x1000589c       0x8c devprog.o
                0x1000589c                modstatus
 .text.progread
                0x10005928      0x4f0 devprog.o
 .text.dbgexit  0x10005e18       0x60 devprog.o
                0x10005e18                dbgexit
 .text.srvdelete
                0x10005e78       0x2e devsrv.o
 .text.addwaiting
                0x10005ea6       0x12 devsrv.o
 .text.delwaiting
                0x10005eb8        0xe devsrv.o
 *fill*         0x10005ec6        0x2 
 .text.srvcanattach
                0x10005ec8       0x30 devsrv.o
 .text.srvretype
                0x10005ef8       0x1e devsrv.o
 *fill*         0x10005f16        0x2 
 .text.srvputdir
                0x10005f18       0x44 devsrv.o
 .text.srvchkref
                0x10005f5c       0x28 devsrv.o
 .text.srvwstat
                0x10005f84      0x120 devsrv.o
 .text.srvunblock
                0x100060a4       0x80 devsrv.o
 .text.srvclunk
                0x10006124       0xc8 devsrv.o
 .text.srvremove
                0x100061ec        0xa devsrv.o
 .text.srvclose
                0x100061f6        0xa devsrv.o
 .text.srvwrite
                0x10006200      0x23c devsrv.o
 .text.srvread  0x1000643c      0x250 devsrv.o
 .text.srvgen   0x1000668c       0xe4 devsrv.o
 .text.srvopen  0x10006770      0x10c devsrv.o
 .text.srvstat  0x1000687c       0x78 devsrv.o
 .text.srvwalk  0x100068f4       0xd8 devsrv.o
 .text.srvattach
                0x100069cc      0x164 devsrv.o
 .text.srvinit  0x10006b30       0x70 devsrv.o
 .text.srvcancelreqs
                0x10006ba0       0xa0 devsrv.o
 .text.srvfree  0x10006c40       0x2c devsrv.o
 .text.freewrchan
                0x10006c6c       0x3c devsrv.o
 .text.freerdchan
                0x10006ca8       0x3c devsrv.o
 .text.srvf2c   0x10006ce4      0x1d8 devsrv.o
                0x10006ce4                srvf2c
 .text.dupclose
                0x10006ebc        0x2 devdup.o
 *fill*         0x10006ebe        0x2 
 .text.dupwrite
                0x10006ec0       0x10 devdup.o
 .text.dupread  0x10006ed0       0xc4 devdup.o
 .text.dupgen   0x10006f94      0x114 devdup.o
 .text.dupopen  0x100070a8       0xc0 devdup.o
 .text.dupstat  0x10007168       0x18 devdup.o
 .text.dupwalk  0x10007180       0x1c devdup.o
 .text.dupattach
                0x1000719c        0xc devdup.o
 .text.linkproc
                0x100071a8       0x50 archpico.o
 .text.clockintr
                0x100071f8       0x16 archpico.o
                0x100071f8                clockintr
 .text.archinit
                0x1000720e        0xc archpico.o
                0x1000720e                archinit
 .text.archpicolink
                0x1000721a        0x2 archpico.o
                0x1000721a                archpicolink
 .text.kprocchild
                0x1000721c       0x28 archpico.o
                0x1000721c                kprocchild
 .text._tas     0x10007244        0xa archpico.o
                0x10007244                _tas
 *fill*         0x1000724e        0x2 
 .text.splhi    0x10007250       0x14 archpico.o
                0x10007250                splhi
 .text.splx     0x10007264       0x14 archpico.o
                0x10007264                splx
 .text.splxpc   0x10007278        0xc archpico.o
                0x10007278                splxpc
 .text.islo     0x10007284        0xa archpico.o
                0x10007284                islo
 .text.getcpuid
                0x1000728e       0x28 archpico.o
                0x1000728e                getcpuid
 *fill*         0x100072b6        0x2 
 .text.serputs  0x100072b8       0x10 archpico.o
                0x100072b8                serputs
 .text.clockinit
                0x100072c8        0x2 archpico.o
                0x100072c8                clockinit
 *fill*         0x100072ca        0x2 
 .text.timerset
                0x100072cc       0x70 archpico.o
                0x100072cc                timerset
 .text.clock_sys_freq
                0x1000733c        0xa archpico.o
                0x1000733c                clock_sys_freq
 *fill*         0x10007346        0x2 
 .text.machinit
                0x10007348       0x18 archpico.o
                0x10007348                machinit
 .text.fastticks
                0x10007360       0x16 archpico.o
                0x10007360                fastticks
 .text.reboot   0x10007376        0x2 archpico.o
                0x10007376                reboot
 .text.fpinit   0x10007378        0x2 archpico.o
                0x10007378                fpinit
 .text.clockcheck
                0x1000737a        0x2 archpico.o
                0x1000737a                clockcheck
 .text.segflush
                0x1000737c        0x6 archpico.o
                0x1000737c                segflush
 .text.genrandom
                0x10007382        0x2 archpico.o
                0x10007382                genrandom
 .text.rom_version
                0x10007384        0x6 archpico.o
                0x10007384                rom_version
 *fill*         0x1000738a        0x2 
 .text.setpanic
                0x1000738c       0x14 archpico.o
                0x1000738c                setpanic
 .text.inferno_panic
                0x100073a0       0x38 archpico.o
                0x100073a0                inferno_panic
 .text.halt     0x100073d8        0xc archpico.o
                0x100073d8                halt
 .text.checkalarms
                0x100073e4       0x70 alarm.o
                0x100073e4                checkalarms
 .text.poolmax  0x10007454       0x3c alloc.o
 .text.dumpvl   0x10007490       0x60 alloc.o
 .text.corrupted
                0x100074f0       0x3c alloc.o
 .text._auditmemloc
                0x1000752c      0x1c8 alloc.o
 .text._poolfault
                0x100076f4       0x34 alloc.o
 .text.memusehigh
                0x10007728       0x40 alloc.o
                0x10007728                memusehigh
 .text.poolimmutable
                0x10007768       0x34 alloc.o
                0x10007768                poolimmutable
 .text.poolchain
                0x1000779c        0x4 alloc.o
                0x1000779c                poolchain
 .text.pooldel  0x100077a0       0xba alloc.o
                0x100077a0                pooldel
 *fill*         0x1000785a        0x2 
 .text.pooladd  0x1000785c       0x58 alloc.o
                0x1000785c                pooladd
 .text.poolfree
                0x100078b4       0xd0 alloc.o
                0x100078b4                poolfree
 .text.poolmsize
                0x10007984       0x50 alloc.o
                0x10007984                poolmsize
 .text.poolread
                0x100079d4       0xb8 alloc.o
                0x100079d4                poolread
 .text.poolsummary
                0x10007a8c       0x40 alloc.o
                0x10007a8c                poolsummary
 .text.free     0x10007acc       0x48 alloc.o
                0x10007acc                free
 .text.setmalloctag
                0x10007b14        0xa alloc.o
                0x10007b14                setmalloctag
 .text.setrealloctag
                0x10007b1e        0xa alloc.o
                0x10007b1e                setrealloctag
 .text.msize    0x10007b28       0x20 alloc.o
                0x10007b28                msize
 .text.poolcompact
                0x10007b48       0xdc alloc.o
                0x10007b48                poolcompact
 .text.poolalloc
                0x10007c24      0x25c alloc.o
                0x10007c24                poolalloc
 .text.poolrealloc
                0x10007e80       0xac alloc.o
                0x10007e80                poolrealloc
 .text.malloc   0x10007f2c       0x38 alloc.o
                0x10007f2c                malloc
 .text.realloc  0x10007f64       0x4c alloc.o
                0x10007f64                realloc
 .text.smalloc  0x10007fb0       0x5c alloc.o
                0x10007fb0                smalloc
 .text.mallocz  0x1000800c       0x40 alloc.o
                0x1000800c                mallocz
 .text.poolsize
                0x1000804c       0x60 alloc.o
                0x1000804c                poolsize
 .text.poolinit
                0x100080ac       0x18 alloc.o
                0x100080ac                poolinit
 .text._allocb  0x100080c4       0x3e allocb.o
                0x100080c4                _allocb
 *fill*         0x10008102        0x2 
 .text.allocb   0x10008104       0x24 allocb.o
                0x10008104                allocb
 .text.iallocb  0x10008128       0x4c allocb.o
                0x10008128                iallocb
 .text.freeb    0x10008174       0x50 allocb.o
                0x10008174                freeb
 .text.iallocsummary
                0x100081c4       0x20 allocb.o
                0x100081c4                iallocsummary
 .text.growparse
                0x100081e4       0x48 chan.o
 .text.channame
                0x1000822c       0x2c chan.o
                0x1000822c                channame
 .text.isdotdot
                0x10008258       0x22 chan.o
                0x10008258                isdotdot
 .text.incref   0x1000827a       0x18 chan.o
                0x1000827a                incref
 *fill*         0x10008292        0x2 
 .text.decref   0x10008294       0x2c chan.o
                0x10008294                decref
 .text.kstrcpy  0x100082c0       0x60 chan.o
                0x100082c0                kstrcpy
 .text.emptystr
                0x10008320       0x16 chan.o
                0x10008320                emptystr
 *fill*         0x10008336        0x2 
 .text.kstrdup  0x10008338       0x54 chan.o
                0x10008338                kstrdup
 .text.chandevreset
                0x1000838c       0x1c chan.o
                0x1000838c                chandevreset
 .text.chandevinit
                0x100083a8       0x1c chan.o
                0x100083a8                chandevinit
 .text.newchan  0x100083c4       0x98 chan.o
                0x100083c4                newchan
 .text.newcname
                0x1000845c       0x3c chan.o
                0x1000845c                newcname
 .text.cnameclose
                0x10008498       0x28 chan.o
                0x10008498                cnameclose
 .text.eqchan   0x100084c0       0x44 chan.o
                0x100084c0                eqchan
 .text.eqchantdqid
                0x10008504       0x42 chan.o
                0x10008504                eqchantdqid
 .text.newmhead
                0x10008546       0x1e chan.o
                0x10008546                newmhead
 .text.cmount   0x10008564      0x1f4 chan.o
                0x10008564                cmount
 .text.cclone   0x10008758       0x48 chan.o
                0x10008758                cclone
 .text.cleancname
                0x100087a0       0x48 chan.o
                0x100087a0                cleancname
 .text.addelem  0x100087e8       0xb8 chan.o
                0x100087e8                addelem
 .text.memrchr  0x100088a0       0x18 chan.o
                0x100088a0                memrchr
 .text.skipslash
                0x100088b8       0x1a chan.o
                0x100088b8                skipslash
 .text.parsename
                0x100088d2       0x88 chan.o
 *fill*         0x1000895a        0x2 
 .text.validname
                0x1000895c       0x98 chan.o
                0x1000895c                validname
 .text.isdir    0x100089f4       0x18 chan.o
                0x100089f4                isdir
 .text.putmhead
                0x10008a0c       0x20 chan.o
                0x10008a0c                putmhead
 .text.chanfree
                0x10008a2c       0x6c chan.o
                0x10008a2c                chanfree
 .text.cclose   0x10008a98       0x74 chan.o
                0x10008a98                cclose
 .text.cunique  0x10008b0c       0x1e chan.o
                0x10008b0c                cunique
 *fill*         0x10008b2a        0x2 
 .text.undomount
                0x10008b2c       0xe0 chan.o
                0x10008b2c                undomount
 .text.createdir
                0x10008c0c       0x80 chan.o
                0x10008c0c                createdir
 .text.cunmount
                0x10008c8c      0x158 chan.o
                0x10008c8c                cunmount
 .text.findmount
                0x10008de4       0xe4 chan.o
                0x10008de4                findmount
 .text.domount  0x10008ec8       0x28 chan.o
                0x10008ec8                domount
 .text.walk     0x10008ef0      0x39c chan.o
                0x10008ef0                walk
 .text.namec    0x1000928c      0x680 chan.o
                0x1000928c                namec
 .text.tdel     0x1000990c       0x48 portclock.o
 .text.tadd     0x10009954      0x120 portclock.o
 .text.timeradd
                0x10009a74       0x88 portclock.o
                0x10009a74                timeradd
 .text.hzclock  0x10009afc       0x88 portclock.o
                0x10009afc                hzclock
 .text.timerintr
                0x10009b84       0xf4 portclock.o
                0x10009b84                timerintr
 .text.timersinit
                0x10009c78       0x28 portclock.o
                0x10009c78                timersinit
 .text.addclock0link
                0x10009ca0       0x88 portclock.o
                0x10009ca0                addclock0link
 .text.mkqid    0x10009d28        0xe dev.o
                0x10009d28                mkqid
 *fill*         0x10009d36        0x2 
 .text.devno    0x10009d38       0x3c dev.o
                0x10009d38                devno
 .text.devdir   0x10009d74       0x80 dev.o
                0x10009d74                devdir
 .text.devgen   0x10009df4       0x60 dev.o
                0x10009df4                devgen
 .text.devreset
                0x10009e54        0x2 dev.o
                0x10009e54                devreset
 .text.devinit  0x10009e56        0x2 dev.o
                0x10009e56                devinit
 .text.devshutdown
                0x10009e58        0x2 dev.o
                0x10009e58                devshutdown
 *fill*         0x10009e5a        0x2 
 .text.devattach
                0x10009e5c       0x68 dev.o
                0x10009e5c                devattach
 .text.devclone
                0x10009ec4       0x78 dev.o
                0x10009ec4                devclone
 .text.devwalk  0x10009f3c      0x1f0 dev.o
                0x10009f3c                devwalk
 .text.devstat  0x1000a12c      0x144 dev.o
                0x1000a12c                devstat
 .text.devdirread
                0x1000a270       0x6c dev.o
                0x1000a270                devdirread
 .text.devpermcheck
                0x1000a2dc       0x68 dev.o
                0x1000a2dc                devpermcheck
 .text.devopen  0x1000a344       0x80 dev.o
                0x1000a344                devopen
 .text.devcreate
                0x1000a3c4       0x10 dev.o
                0x1000a3c4                devcreate
 .text.devbread
                0x1000a3d4       0x84 dev.o
                0x1000a3d4                devbread
 .text.devbwrite
                0x1000a458       0x74 dev.o
                0x1000a458                devbwrite
 .text.devremove
                0x1000a4cc       0x10 dev.o
                0x1000a4cc                devremove
 .text.devwstat
                0x1000a4dc       0x10 dev.o
                0x1000a4dc                devwstat
 .text.validwstatname
                0x1000a4ec       0x38 dev.o
                0x1000a4ec                validwstatname
 .text._dial_string_parse
                0x1000a524       0x78 dial.o
 .text.identtrans
                0x1000a59c       0x5c dial.o
 .text.nettrans
                0x1000a5f8      0x160 dial.o
 .text.call     0x1000a758      0x16c dial.o
 .text.csdial   0x1000a8c4      0x13c dial.o
 .text.kdial    0x1000aa00       0xd8 dial.o
                0x1000aa00                kdial
 .text.kannounce
                0x1000aad8       0xb4 dial.o
                0x1000aad8                kannounce
 .text.klisten  0x1000ab8c       0x78 dial.o
                0x1000ab8c                klisten
 .text.pidlook  0x1000ac04       0x24 dis.o
 .text.tready   0x1000ac28       0x20 dis.o
                0x1000ac28                tready
 .text.accountant
                0x1000ac48       0x14 dis.o
 .text.grpleader
                0x1000ac5c       0x22 dis.o
 .text.addgrp   0x1000ac7e       0x26 dis.o
 .text.cdone    0x1000aca4       0x1a dis.o
 .text.delgrp   0x1000acbe       0x84 dis.o
 *fill*         0x1000ad42        0x2 
 .text.swiprog  0x1000ad44       0x38 dis.o
 .text.cwakeme  0x1000ad7c       0x16 dis.o
 .text.progpid  0x1000ad92        0xa dis.o
                0x1000ad92                progpid
 .text.progn    0x1000ad9c       0x1c dis.o
                0x1000ad9c                progn
 .text.tellsomeone
                0x1000adb8       0x6c dis.o
                0x1000adb8                tellsomeone
 .text.newgrp   0x1000ae24       0x54 dis.o
                0x1000ae24                newgrp
 .text.addprog  0x1000ae78       0x38 dis.o
                0x1000ae78                addprog
 .text.addrun   0x1000aeb0       0x60 dis.o
                0x1000aeb0                addrun
 .text.newprog  0x1000af10      0x1d8 dis.o
                0x1000af10                newprog
 .text.exprog   0x1000b0e8       0xa4 dis.o
                0x1000b0e8                exprog
 .text.killcomm
                0x1000b18c       0x50 dis.o
                0x1000b18c                killcomm
 .text.delrun   0x1000b1dc       0x20 dis.o
                0x1000b1dc                delrun
 .text.delrunq  0x1000b1fc       0x3c dis.o
                0x1000b1fc                delrunq
 .text.execatidle
                0x1000b238       0xc0 dis.o
 .text.delruntail
                0x1000b2f8       0x1c dis.o
                0x1000b2f8                delruntail
 .text.currun   0x1000b314        0xc dis.o
                0x1000b314                currun
 .text.schedmod
                0x1000b320       0x74 dis.o
                0x1000b320                schedmod
 .text.acquire  0x1000b394       0x9c dis.o
                0x1000b394                acquire
 .text.release  0x1000b430       0xac dis.o
                0x1000b430                release
 .text.delprog  0x1000b4dc       0xc8 dis.o
                0x1000b4dc                delprog
 .text.killprog
                0x1000b5a4      0x12c dis.o
                0x1000b5a4                killprog
 .text.propex   0x1000b6d0       0x74 dis.o
 .text.renameproguser
                0x1000b744       0x44 dis.o
                0x1000b744                renameproguser
 .text.killgrp  0x1000b788      0x104 dis.o
                0x1000b788                killgrp
 .text.cblock   0x1000b88c       0x8c dis.o
                0x1000b88c                cblock
 .text.iyield   0x1000b918       0x90 dis.o
                0x1000b918                iyield
 .text.startup  0x1000b9a8       0x54 dis.o
                0x1000b9a8                startup
 .text.progexit
                0x1000b9fc      0x11c dis.o
                0x1000b9fc                progexit
 .text.pushrun  0x1000bb18       0x34 dis.o
                0x1000bb18                pushrun
 .text.vmachine
                0x1000bb4c      0x154 dis.o
                0x1000bb4c                vmachine
 .text.disinit  0x1000bca0      0x19c dis.o
                0x1000bca0                disinit
 .text.freeframe
                0x1000be3c       0x2c exception.o
 .text.ematch   0x1000be68       0x44 exception.o
 .text.setstr   0x1000beac       0x2a exception.o
 *fill*         0x1000bed6        0x2 
 .text.newestring
                0x1000bed8       0x60 exception.o
 .text.excinit  0x1000bf38       0x18 exception.o
                0x1000bf38                excinit
 .text.handler  0x1000bf50      0x2e4 exception.o
                0x1000bf50                handler
 .text.exwork   0x1000c234       0x10 exportfs.o
 .text.exiounit
                0x1000c244       0x18 exportfs.o
 .text.Exrmtqid
                0x1000c25c       0x14 exportfs.o
 .text.Exauth   0x1000c270        0x8 exportfs.o
 .text.uqidhash
                0x1000c278        0xe exportfs.o
 .text.uqidlook
                0x1000c286       0x40 exportfs.o
 .text.uqidexists
                0x1000c2c6       0x2c exportfs.o
 *fill*         0x1000c2f2        0x2 
 .text.exreadn  0x1000c2f4       0x80 exportfs.o
 .text.exreadmsg
                0x1000c374       0x70 exportfs.o
 .text.exportinit
                0x1000c3e4       0xa8 exportfs.o
 .text.Exgetfid
                0x1000c48c       0x48 exportfs.o
 .text.Exmkfid  0x1000c4d4       0x78 exportfs.o
 .text.uqidalloc
                0x1000c54c       0xd4 exportfs.o
 .text.exmount  0x1000c620       0xa8 exportfs.o
 .text.freeuqid
                0x1000c6c8       0x50 exportfs.o
 .text.Exputfid
                0x1000c718       0x5c exportfs.o
 .text.Exwstat  0x1000c774       0xd8 exportfs.o
 .text.Exstat   0x1000c84c       0xb8 exportfs.o
 .text.Exremove
                0x1000c904       0xbc exportfs.o
 .text.Exclunk  0x1000c9c0       0x28 exportfs.o
 .text.Exwrite  0x1000c9e8      0x120 exportfs.o
 .text.exfreefids
                0x1000cb08       0x54 exportfs.o
 .text.Exread   0x1000cb5c      0x218 exportfs.o
 .text.Exopen   0x1000cd74      0x130 exportfs.o
 .text.Excreate
                0x1000cea4      0x264 exportfs.o
 .text.Exattach
                0x1000d108       0x98 exportfs.o
 .text.exisroot
                0x1000d1a0       0x10 exportfs.o
 .text.safewalk
                0x1000d1b0       0x54 exportfs.o
 .text.Exwalk   0x1000d204      0x1ac exportfs.o
 .text.Exversion
                0x1000d3b0       0x88 exportfs.o
 .text.exreply  0x1000d438       0xdc exportfs.o
 .text.exfree   0x1000d514       0x88 exportfs.o
 .text.exfreeq  0x1000d59c       0x2a exportfs.o
 *fill*         0x1000d5c6        0x2 
 .text.exslave  0x1000d5c8      0x2c8 exportfs.o
 .text.exflushed
                0x1000d890       0xec exportfs.o
 .text.exshutdown
                0x1000d97c       0x68 exportfs.o
 .text.exportproc
                0x1000d9e4      0x290 exportfs.o
 .text.export   0x1000dc74      0x188 exportfs.o
                0x1000dc74                export
 .text.freeFD   0x1000ddfc       0x20 inferno.o
                0x1000ddfc                freeFD
 .text.freeFileIO
                0x1000de1c       0x18 inferno.o
                0x1000de1c                freeFileIO
 .text.unpackdir
                0x1000de34       0x56 inferno.o
 .text.packdir  0x1000de8a       0xe6 inferno.o
 .text.sysinit  0x1000df70       0x8c inferno.o
                0x1000df70                sysinit
 .text.mkfd     0x1000dffc       0x34 inferno.o
                0x1000dffc                mkfd
 .text.syserr   0x1000e030       0x1a inferno.o
                0x1000e030                syserr
 *fill*         0x1000e04a        0x2 
 .text.Sys_millisec
                0x1000e04c       0x18 inferno.o
                0x1000e04c                Sys_millisec
 .text.Sys_open
                0x1000e064       0x3a inferno.o
                0x1000e064                Sys_open
 .text.Sys_pipe
                0x1000e09e       0x52 inferno.o
                0x1000e09e                Sys_pipe
 .text.Sys_fildes
                0x1000e0f0       0x36 inferno.o
                0x1000e0f0                Sys_fildes
 .text.Sys_dup  0x1000e126       0x1a inferno.o
                0x1000e126                Sys_dup
 .text.Sys_create
                0x1000e140       0x3c inferno.o
                0x1000e140                Sys_create
 .text.Sys_remove
                0x1000e17c       0x1c inferno.o
                0x1000e17c                Sys_remove
 .text.Sys_seek
                0x1000e198       0x32 inferno.o
                0x1000e198                Sys_seek
 .text.Sys_unmount
                0x1000e1ca       0x28 inferno.o
                0x1000e1ca                Sys_unmount
 .text.Sys_read
                0x1000e1f2       0x46 inferno.o
                0x1000e1f2                Sys_read
 .text.Sys_readn
                0x1000e238       0x60 inferno.o
                0x1000e238                Sys_readn
 .text.Sys_pread
                0x1000e298       0x52 inferno.o
                0x1000e298                Sys_pread
 .text.Sys_chdir
                0x1000e2ea       0x1c inferno.o
                0x1000e2ea                Sys_chdir
 .text.Sys_write
                0x1000e306       0x46 inferno.o
                0x1000e306                Sys_write
 .text.Sys_pwrite
                0x1000e34c       0x52 inferno.o
                0x1000e34c                Sys_pwrite
 *fill*         0x1000e39e        0x2 
 .text.Sys_fstat
                0x1000e3a0       0x74 inferno.o
                0x1000e3a0                Sys_fstat
 .text.Sys_stat
                0x1000e414       0x6c inferno.o
                0x1000e414                Sys_stat
 .text.Sys_fd2path
                0x1000e480       0x70 inferno.o
                0x1000e480                Sys_fd2path
 .text.Sys_mount
                0x1000e4f0       0x50 inferno.o
                0x1000e4f0                Sys_mount
 .text.Sys_bind
                0x1000e540       0x2a inferno.o
                0x1000e540                Sys_bind
 .text.Sys_wstat
                0x1000e56a       0x2c inferno.o
                0x1000e56a                Sys_wstat
 .text.Sys_fwstat
                0x1000e596       0x34 inferno.o
                0x1000e596                Sys_fwstat
 *fill*         0x1000e5ca        0x2 
 .text.Sys_print
                0x1000e5cc       0x94 inferno.o
                0x1000e5cc                Sys_print
 .text.Sys_fprint
                0x1000e660       0x88 inferno.o
                0x1000e660                Sys_fprint
 .text.Sys_werrstr
                0x1000e6e8       0x28 inferno.o
                0x1000e6e8                Sys_werrstr
 .text.Sys_dial
                0x1000e710       0x78 inferno.o
                0x1000e710                Sys_dial
 .text.Sys_announce
                0x1000e788       0x62 inferno.o
                0x1000e788                Sys_announce
 .text.Sys_listen
                0x1000e7ea       0x62 inferno.o
                0x1000e7ea                Sys_listen
 .text.Sys_sleep
                0x1000e84c       0x74 inferno.o
                0x1000e84c                Sys_sleep
 .text.Sys_stream
                0x1000e8c0       0xbc inferno.o
                0x1000e8c0                Sys_stream
 .text.Sys_export
                0x1000e97c       0x34 inferno.o
                0x1000e97c                Sys_export
 .text.Sys_file2chan
                0x1000e9b0       0x84 inferno.o
                0x1000e9b0                Sys_file2chan
 .text.Sys_pctl
                0x1000ea34      0x26c inferno.o
                0x1000ea34                Sys_pctl
 .text.Sys_dirread
                0x1000eca0       0xc4 inferno.o
                0x1000eca0                Sys_dirread
 .text.Sys_fauth
                0x1000ed64       0x48 inferno.o
                0x1000ed64                Sys_fauth
 .text.Sys_fversion
                0x1000edac       0x78 inferno.o
                0x1000edac                Sys_fversion
 .text.Sys_iounit
                0x1000ee24       0x24 inferno.o
                0x1000ee24                Sys_iounit
 .text.ccom     0x1000ee48       0x5c inferno.o
                0x1000ee48                ccom
 .text.crecv    0x1000eea4       0x50 inferno.o
                0x1000eea4                crecv
 .text.csend    0x1000eef4       0x58 inferno.o
                0x1000eef4                csend
 .text.unicode  0x1000ef4c       0x44 latin1.o
                0x1000ef4c                unicode
 .text.latin1   0x1000ef90       0x7c latin1.o
                0x1000ef90                latin1
 .text.mul64fract
                0x1000f00c       0x62 mul64fract.o
                0x1000f00c                mul64fract
 .text.cinit    0x1000f06e        0x2 nocache.o
                0x1000f06e                cinit
 .text.copen    0x1000f070        0xc nocache.o
                0x1000f070                copen
 .text.cread    0x1000f07c        0x4 nocache.o
                0x1000f07c                cread
 .text.cwrite   0x1000f080        0x2 nocache.o
                0x1000f080                cwrite
 .text.cupdate  0x1000f082        0x2 nocache.o
                0x1000f082                cupdate
 .text.dynldable
                0x1000f084        0x4 nodynld.o
                0x1000f084                dynldable
 .text.ncmdfield
                0x1000f088       0x40 parse.o
 .text.parsecmd
                0x1000f0c8       0xc8 parse.o
                0x1000f0c8                parsecmd
 .text.cmderror
                0x1000f190       0x78 parse.o
                0x1000f190                cmderror
 .text.lookupcmd
                0x1000f208       0x74 parse.o
                0x1000f208                lookupcmd
 .text.newpgrp  0x1000f27c       0x2c pgrp.o
                0x1000f27c                newpgrp
 .text.pgrpinsert
                0x1000f2a8       0x2e pgrp.o
                0x1000f2a8                pgrpinsert
 .text.newfgrp  0x1000f2d6       0x4e pgrp.o
                0x1000f2d6                newfgrp
 .text.dupfgrp  0x1000f324       0x9c pgrp.o
                0x1000f324                dupfgrp
 .text.closefgrp
                0x1000f3c0       0x38 pgrp.o
                0x1000f3c0                closefgrp
 .text.newmount
                0x1000f3f8       0x48 pgrp.o
                0x1000f3f8                newmount
 .text.pgrpcpy  0x1000f440      0x1b4 pgrp.o
                0x1000f440                pgrpcpy
 .text.mountfree
                0x1000f5f4       0x26 pgrp.o
                0x1000f5f4                mountfree
 .text.closepgrp
                0x1000f61a       0xa6 pgrp.o
                0x1000f61a                closepgrp
 .text.resrcwait
                0x1000f6c0       0x60 pgrp.o
                0x1000f6c0                resrcwait
 .text.freeskey
                0x1000f720       0x24 pgrp.o
                0x1000f720                freeskey
 .text.closesigs
                0x1000f744       0x2e pgrp.o
                0x1000f744                closesigs
 *fill*         0x1000f772        0x2 
 .text._fmtlock
                0x1000f774       0x10 print.o
                0x1000f774                _fmtlock
 .text._fmtunlock
                0x1000f784       0x10 print.o
                0x1000f784                _fmtunlock
 .text.errfmt   0x1000f794        0x6 print.o
                0x1000f794                errfmt
 *fill*         0x1000f79a        0x2 
 .text.tfn      0x1000f79c       0x34 proc.o
                0x1000f79c                tfn
 .text.return0  0x1000f7d0        0x4 proc.o
                0x1000f7d0                return0
 .text.procdump
                0x1000f7d4       0xa8 proc.o
                0x1000f7d4                procdump
 .text.ready    0x1000f87c       0x7c proc.o
                0x1000f87c                ready
 .text.anyready
                0x1000f8f8       0x20 proc.o
                0x1000f8f8                anyready
 .text.anyhigher
                0x1000f918       0x20 proc.o
                0x1000f918                anyhigher
 .text.runproc  0x1000f938      0x140 proc.o
                0x1000f938                runproc
 .text.sched    0x1000fa78       0x58 proc.o
                0x1000fa78                sched
 .text.schedinit
                0x1000fad0       0x5c proc.o
                0x1000fad0                schedinit
 .text.setpri   0x1000fb2c       0x2c proc.o
                0x1000fb2c                setpri
 .text.newproc  0x1000fb58       0xf0 proc.o
                0x1000fb58                newproc
 .text.procinit
                0x1000fc48       0x50 proc.o
                0x1000fc48                procinit
 .text.wakeup   0x1000fc98       0x48 proc.o
                0x1000fc98                wakeup
 .text.swiproc  0x1000fce0       0x66 proc.o
                0x1000fce0                swiproc
 *fill*         0x1000fd46        0x2 
 .text.notkilled
                0x1000fd48       0x30 proc.o
                0x1000fd48                notkilled
 .text.pexit    0x1000fd78       0x64 proc.o
                0x1000fd78                pexit
 .text.proctab  0x1000fddc       0x18 proc.o
                0x1000fddc                proctab
 .text.kproc    0x1000fdf4       0xdc proc.o
                0x1000fdf4                kproc
 .text.kerrstr  0x1000fed0       0x38 proc.o
                0x1000fed0                kerrstr
 .text.kgerrstr
                0x1000ff08       0x38 proc.o
                0x1000ff08                kgerrstr
 .text.kwerrstr
                0x1000ff40       0x30 proc.o
                0x1000ff40                kwerrstr
 .text.nexterror
                0x1000ff70       0x20 proc.o
                0x1000ff70                nexterror
 .text.error    0x1000ff90       0x68 proc.o
                0x1000ff90                error
 .text.sleep    0x1000fff8      0x12c proc.o
                0x1000fff8                sleep
 .text.errorf   0x10010124       0x20 proc.o
                0x10010124                errorf
 .text.tsleep   0x10010144      0x104 proc.o
                0x10010144                tsleep
 .text.exhausted
                0x10010248       0x2c proc.o
                0x10010248                exhausted
 .text.renameuser
                0x10010274       0x50 proc.o
                0x10010274                renameuser
 .text.notempty
                0x100102c4       0x18 qio.o
 .text.qnotfull
                0x100102dc       0x18 qio.o
 .text.qwakeup_iunlock
                0x100102f4       0x44 qio.o
 .text.qwait    0x10010338       0x6c qio.o
 .text.ixsummary
                0x100103a4       0x68 qio.o
                0x100103a4                ixsummary
 .text.freeblist
                0x1001040c       0x16 qio.o
                0x1001040c                freeblist
 .text.blocklen
                0x10010422       0x16 qio.o
                0x10010422                blocklen
 .text.blockalloclen
                0x10010438       0x16 qio.o
                0x10010438                blockalloclen
 *fill*         0x1001044e        0x2 
 .text.pullupblock
                0x10010450       0x9c qio.o
                0x10010450                pullupblock
 .text.pullupqueue
                0x100104ec       0x2c qio.o
                0x100104ec                pullupqueue
 .text.qdiscard
                0x10010518       0x8c qio.o
                0x10010518                qdiscard
 .text.qproduce
                0x100105a4       0xcc qio.o
                0x100105a4                qproduce
 .text.qopen    0x10010670       0x2c qio.o
                0x10010670                qopen
 .text.qaddlist
                0x1001069c       0x3e qio.o
                0x1001069c                qaddlist
 .text.qremove  0x100106da       0x2a qio.o
                0x100106da                qremove
 .text.bl2mem   0x10010704       0x4a qio.o
                0x10010704                bl2mem
 .text.qputback
                0x1001074e       0x2e qio.o
                0x1001074e                qputback
 .text.qbread   0x1001077c       0xf4 qio.o
                0x1001077c                qbread
 .text.qread    0x10010870      0x140 qio.o
                0x10010870                qread
 .text.qbwrite  0x100109b0      0x168 qio.o
                0x100109b0                qbwrite
 .text.qwrite   0x10010b18       0x9c qio.o
                0x10010b18                qwrite
 .text.qiwrite  0x10010bb4       0xb4 qio.o
                0x10010bb4                qiwrite
 .text.qclose   0x10010c68       0x50 qio.o
                0x10010c68                qclose
 .text.qfree    0x10010cb8       0x10 qio.o
                0x10010cb8                qfree
 .text.qhangup  0x10010cc8       0x50 qio.o
                0x10010cc8                qhangup
 .text.qreopen  0x10010d18       0x26 qio.o
                0x10010d18                qreopen
 .text.qlen     0x10010d3e        0x4 qio.o
                0x10010d3e                qlen
 .text.qcanread
                0x10010d42        0x8 qio.o
                0x10010d42                qcanread
 .text.qnoblock
                0x10010d4a        0x4 qio.o
                0x10010d4a                qnoblock
 *fill*         0x10010d4e        0x2 
 .text.qlock    0x10010d50       0x50 qlock.o
                0x10010d50                qlock
 .text.canqlock
                0x10010da0       0x2a qlock.o
                0x10010da0                canqlock
 .text.qunlock  0x10010dca       0x34 qlock.o
                0x10010dca                qunlock
 .text.rlock    0x10010dfe       0x30 qlock.o
                0x10010dfe                rlock
 .text.canrlock
                0x10010e2e       0x38 qlock.o
                0x10010e2e                canrlock
 .text.runlock  0x10010e66       0x24 qlock.o
                0x10010e66                runlock
 .text.wlock    0x10010e8a       0x14 qlock.o
                0x10010e8a                wlock
 .text.wunlock  0x10010e9e       0x14 qlock.o
                0x10010e9e                wunlock
 *fill*         0x10010eb2        0x2 
 .text.rbnotfull
                0x10010eb4       0x34 random.o
 .text.rbnotempty
                0x10010ee8       0x1c random.o
 .text.randomclock
                0x10010f04       0xa8 random.o
 .text.genrandom
                0x10010fac       0x5c random.o
 .text.randominit
                0x10011008       0x38 random.o
                0x10011008                randominit
 .text.randomread
                0x10011040      0x16c random.o
                0x10011040                randomread
 .text.growfd   0x100111ac       0x4e sysfile.o
 .text.unionrewind
                0x100111fa       0x2a sysfile.o
 .text.dirpackage
                0x10011224       0xd8 sysfile.o
 .text.newfd    0x100112fc       0x74 sysfile.o
                0x100112fc                newfd
 .text.fdtochan
                0x10011370       0xc0 sysfile.o
                0x10011370                fdtochan
 .text.rwrite   0x10011430      0x198 sysfile.o
 .text.openmode
                0x100115c8       0x30 sysfile.o
                0x100115c8                openmode
 .text.fdclose  0x100115f8       0x56 sysfile.o
                0x100115f8                fdclose
 *fill*         0x1001164e        0x2 
 .text.kchdir   0x10011650       0x6c sysfile.o
                0x10011650                kchdir
 .text.kfgrpclose
                0x100116bc       0x5c sysfile.o
                0x100116bc                kfgrpclose
 .text.kclose   0x10011718       0x1c sysfile.o
                0x10011718                kclose
 .text.kcreate  0x10011734       0x98 sysfile.o
                0x10011734                kcreate
 .text.kdup     0x100117cc      0x124 sysfile.o
                0x100117cc                kdup
 .text.kfd2path
                0x100118f0       0xa0 sysfile.o
                0x100118f0                kfd2path
 .text.kfauth   0x10011990       0xe4 sysfile.o
                0x10011990                kfauth
 .text.kfversion
                0x10011a74       0xc4 sysfile.o
                0x10011a74                kfversion
 .text.kpipe    0x10011b38      0x144 sysfile.o
                0x10011b38                kpipe
 .text.bindmount
                0x10011c7c       0x80 sysfile.o
                0x10011c7c                bindmount
 .text.kbind    0x10011cfc       0x98 sysfile.o
                0x10011cfc                kbind
 .text.kmount   0x10011d94       0xec sysfile.o
                0x10011d94                kmount
 .text.kunmount
                0x10011e80       0x90 sysfile.o
                0x10011e80                kunmount
 .text.kopen    0x10011f10       0x90 sysfile.o
                0x10011f10                kopen
 .text.unionread
                0x10011fa0      0x114 sysfile.o
                0x10011fa0                unionread
 .text.rread    0x100120b4      0x160 sysfile.o
 .text.kread    0x10012214        0xa sysfile.o
                0x10012214                kread
 .text.kpread   0x1001221e        0xa sysfile.o
                0x1001221e                kpread
 .text.kremove  0x10012228       0x9c sysfile.o
                0x10012228                kremove
 .text.validstat
                0x100122c4       0x5c sysfile.o
                0x100122c4                validstat
 .text.kfwstat  0x10012320       0xb8 sysfile.o
                0x10012320                kfwstat
 .text.kwrite   0x100123d8        0xa sysfile.o
                0x100123d8                kwrite
 .text.kpwrite  0x100123e2        0xa sysfile.o
                0x100123e2                kpwrite
 .text.kwstat   0x100123ec       0xa4 sysfile.o
                0x100123ec                kwstat
 .text.chandirstat
                0x10012490       0xb0 sysfile.o
                0x10012490                chandirstat
 .text.kseek    0x10012540      0x1b8 sysfile.o
                0x10012540                kseek
 .text.kdirstat
                0x100126f8       0x88 sysfile.o
                0x100126f8                kdirstat
 .text.kdirfstat
                0x10012780       0x9c sysfile.o
                0x10012780                kdirfstat
 .text.kdirwstat
                0x1001281c       0x38 sysfile.o
                0x1001281c                kdirwstat
 .text.kdirfwstat
                0x10012854       0x38 sysfile.o
                0x10012854                kdirfwstat
 .text.kdirread
                0x1001288c       0xb0 sysfile.o
                0x1001288c                kdirread
 .text.kiounit  0x1001293c       0x68 sysfile.o
                0x1001293c                kiounit
 .text.lockloop
                0x100129a4       0x30 taslock.o
 .text.lock     0x100129d4       0xa8 taslock.o
                0x100129d4                lock
 .text.ilock    0x10012a7c       0x60 taslock.o
                0x10012a7c                ilock
 .text.canlock  0x10012adc       0x30 taslock.o
                0x10012adc                canlock
 .text.unlock   0x10012b0c       0x4c taslock.o
                0x10012b0c                unlock
 .text.iunlock  0x10012b58       0x2c taslock.o
                0x10012b58                iunlock
 .text.todfix   0x10012b84       0xa0 tod.o
                0x10012b84                todfix
 .text.tod2fastticks
                0x10012c24       0x4c tod.o
                0x10012c24                tod2fastticks
 .text.mk64fract
                0x10012c70        0xc tod.o
                0x10012c70                mk64fract
 .text.todsetfreq
                0x10012c7c       0x44 tod.o
                0x10012c7c                todsetfreq
 .text.todinit  0x10012cc0       0x4c tod.o
                0x10012cc0                todinit
 .text.todget   0x10012d0c       0xf4 tod.o
                0x10012d0c                todget
 .text.ns2fastticks
                0x10012e00       0x38 tod.o
                0x10012e00                ns2fastticks
 .text.xallocz  0x10012e38       0x84 xalloc.o
                0x10012e38                xallocz
 .text.xalloc   0x10012ebc        0xa xalloc.o
                0x10012ebc                xalloc
 *fill*         0x10012ec6        0x2 
 .text.xhole    0x10012ec8       0xdc xalloc.o
                0x10012ec8                xhole
 .text.xinit    0x10012fa4       0x84 xalloc.o
                0x10012fa4                xinit
 .text.xsummary
                0x10013028       0x5c xalloc.o
                0x10013028                xsummary
 .text.ixprt    0x10013084        0xc xalloc.o
 .text.isvalid_wa
                0x10013090       0x1c dump.o
                0x10013090                isvalid_wa
 .text._dumpstack
                0x100130ac      0x11c dump.o
 .text.callwithureg
                0x100131c8       0x1c dump.o
                0x100131c8                callwithureg
 .text.dumpstack
                0x100131e4       0x10 dump.o
                0x100131e4                dumpstack
 .text.links    0x100131f4        0x8 pico.o
                0x100131f4                links
 .text.modinit  0x100131fc        0xc pico.o
                0x100131fc                modinit
 .text          0x10013208      0x438 /home/pi/github/inferno-pico/Pico/arm/lib/libinterp.a(alt.o)
                0x100133bc                altdone
                0x10013580                altgone
                0x100135ac                xecalt
 .text          0x10013640     0x2fa4 /home/pi/github/inferno-pico/Pico/arm/lib/libinterp.a(comp-arm.o)
                0x10016058                comd
                0x100160f4                comi
                0x10016160                typecom
                0x10016210                compile
 .text          0x100165e4      0x23c /home/pi/github/inferno-pico/Pico/arm/lib/libinterp.a(conv.o)
                0x100165e4                aconv
                0x10016678                Dconv
 .text          0x10016820     0x1a50 /home/pi/github/inferno-pico/Pico/arm/lib/libinterp.a(dec.o)
 .text          0x10018270      0x5bc /home/pi/github/inferno-pico/Pico/arm/lib/libinterp.a(gc.o)
                0x10018418                ptradd
                0x1001845c                ptrdel
                0x10018490                noptrs
                0x10018492                markheap
                0x1001855c                markarray
                0x100185b8                marklist
                0x10018620                rungc
 .text          0x1001882c      0x7b8 /home/pi/github/inferno-pico/Pico/arm/lib/libinterp.a(heap.o)
                0x1001882c                freestring
                0x1001883a                heapref
                0x10018840                dtype
                0x1001887c                checktype
                0x100188ec                freetype
                0x1001890c                destroy
                0x100189a8                freeptrs
                0x10018a40                freelist
                0x10018af0                freeheap
                0x10018b08                freearray
                0x10018b58                freemodlink
                0x10018b80                freechan
                0x10018bbc                incmem
                0x10018c2c                scanptrs
                0x10018c8c                initmem
                0x10018cfe                nheap
                0x10018d4c                heapz
                0x10018dbc                heap
                0x10018e20                hmsize
                0x10018e34                initarray
                0x10018e64                heaparray
                0x10018ea4                arraycpy
                0x10018f54                newmp
 .text          0x10018fe4      0x1fc /home/pi/github/inferno-pico/Pico/arm/lib/libinterp.a(link.o)
                0x100190b8                runtime
                0x100190ce                mlink
                0x100190f0                mklinkmod
                0x10019130                linkmod
                0x100191c2                destroylinks
 .text          0x100191e0      0xa1c /home/pi/github/inferno-pico/Pico/arm/lib/libinterp.a(load.o)
                0x10019282                canontod
                0x1001928c                load
                0x10019298                brpatch
                0x100192de                newmod
                0x10019330                lookmod
                0x1001935c                freemod
                0x100193f0                parsemod
                0x10019ba4                unload
 .text          0x10019bfc      0xb08 /home/pi/github/inferno-pico/Pico/arm/lib/libinterp.a(math.o)
                0x10019bfc                Math_bits32real
                0x10019c0e                Math_bits64real
                0x10019c1a                Math_realbits32
                0x10019c2c                Math_realbits64
                0x10019cdc                Math_import_int
                0x10019d28                Math_import_real32
                0x10019d88                Math_import_real
                0x10019e28                Math_export_int
                0x10019e70                Math_export_real32
                0x10019ec0                Math_export_real
                0x10019f28                Math_getFPcontrol
                0x10019f36                Math_getFPstatus
                0x10019f44                Math_finite
                0x10019f54                Math_ilogb
                0x10019f64                Math_isnan
                0x10019f74                Math_acos
                0x10019f86                Math_acosh
                0x10019f98                Math_asin
                0x10019faa                Math_asinh
                0x10019fbc                Math_atan
                0x10019fce                Math_atanh
                0x10019fe0                Math_cbrt
                0x10019ff2                Math_ceil
                0x1001a004                Math_cos
                0x1001a016                Math_cosh
                0x1001a028                Math_erf
                0x1001a03a                Math_erfc
                0x1001a04c                Math_exp
                0x1001a05e                Math_expm1
                0x1001a070                Math_fabs
                0x1001a082                Math_floor
                0x1001a094                Math_j0
                0x1001a0a6                Math_j1
                0x1001a0b8                Math_log
                0x1001a0ca                Math_log10
                0x1001a0dc                Math_log1p
                0x1001a0ee                Math_rint
                0x1001a100                Math_sin
                0x1001a112                Math_sinh
                0x1001a124                Math_sqrt
                0x1001a136                Math_tan
                0x1001a148                Math_tanh
                0x1001a15a                Math_y0
                0x1001a16c                Math_y1
                0x1001a17e                Math_fdim
                0x1001a194                Math_fmax
                0x1001a1aa                Math_fmin
                0x1001a1c0                Math_fmod
                0x1001a1d6                Math_hypot
                0x1001a1ec                Math_nextafter
                0x1001a202                Math_pow
                0x1001a218                Math_FPcontrol
                0x1001a22a                Math_FPstatus
                0x1001a23c                Math_atan2
                0x1001a252                Math_copysign
                0x1001a268                Math_jn
                0x1001a27c                Math_lgamma
                0x1001a290                Math_modf
                0x1001a2b6                Math_pow10
                0x1001a2c6                Math_remainder
                0x1001a2dc                Math_scalbn
                0x1001a2f0                Math_yn
                0x1001a304                Math_dot
                0x1001a334                Math_iamax
                0x1001a346                Math_norm2
                0x1001a35a                Math_norm1
                0x1001a36e                Math_gemm
                0x1001a480                mathmodinit
                0x1001a4c4                rqsort
                0x1001a6b4                Math_sort
 .text          0x1001a704      0x1c0 /home/pi/github/inferno-pico/Pico/arm/lib/libinterp.a(readmod.o)
                0x1001a704                readmod
 .text          0x1001a8c4      0x7ac /home/pi/github/inferno-pico/Pico/arm/lib/libinterp.a(runt.o)
                0x1001a900                Sys_tokenize
                0x1001aa70                Sys_utfbytes
                0x1001aaa4                Sys_byte2char
                0x1001ab44                Sys_char2byte
                0x1001abb8                xprint
                0x1001ae2c                bigxprint
                0x1001ae78                builtinmod
                0x1001aee8                sysmodinit
                0x1001af04                retnstr
                0x1001af22                retstr
                0x1001af4a                Sys_sprint
                0x1001afae                mem2array
                0x1001b004                Sys_aprint
 .text          0x1001b070        0x8 /home/pi/github/inferno-pico/Pico/arm/lib/libinterp.a(sign.o)
                0x1001b070                verifysigner
                0x1001b074                mustbesigned
 .text          0x1001b078      0x168 /home/pi/github/inferno-pico/Pico/arm/lib/libinterp.a(stack.o)
                0x1001b078                newstack
                0x1001b100                extend
                0x1001b170                unextend
                0x1001b1a0                unframe
 .text          0x1001b1e0     0x2684 /home/pi/github/inferno-pico/Pico/arm/lib/libinterp.a(xec.o)
                0x1001b1e0                runt
                0x1001b1e2                negf
                0x1001b200                jmp
                0x1001b210                movpc
                0x1001b22c                lea
                0x1001b23c                movb
                0x1001b24c                movw
                0x1001b25c                movf
                0x1001b270                movl
                0x1001b284                cvtbw
                0x1001b294                cvtwb
                0x1001b2a4                cvtrf
                0x1001b2bc                cvtfr
                0x1001b2d4                cvtws
                0x1001b2e4                cvtsw
                0x1001b2f8                cvtwf
                0x1001b310                addb
                0x1001b328                addw
                0x1001b340                addl
                0x1001b360                addf
                0x1001b384                subb
                0x1001b39c                subw
                0x1001b3b4                subl
                0x1001b3d4                subf
                0x1001b3f8                divb
                0x1001b414                divw
                0x1001b430                divl
                0x1001b454                divf
                0x1001b478                modb
                0x1001b494                modw
                0x1001b4b0                modl
                0x1001b4d4                mulb
                0x1001b4ec                mulw
                0x1001b504                mull
                0x1001b528                mulf
                0x1001b54c                andb
                0x1001b564                andw
                0x1001b57c                andl
                0x1001b59c                xorb
                0x1001b5b4                xorw
                0x1001b5cc                xorl
                0x1001b5ec                orb
                0x1001b604                orw
                0x1001b61c                orl
                0x1001b63c                shlb
                0x1001b654                shlw
                0x1001b66c                shll
                0x1001b6a4                shrb
                0x1001b6bc                shrw
                0x1001b6d4                shrl
                0x1001b70c                lsrw
                0x1001b724                lsrl
                0x1001b75c                beqb
                0x1001b77c                bneb
                0x1001b798                bltb
                0x1001b7b4                bleb
                0x1001b7d0                bgtb
                0x1001b7ec                bgeb
                0x1001b808                beqw
                0x1001b828                bnew
                0x1001b844                bltw
                0x1001b860                blew
                0x1001b87c                bgtw
                0x1001b898                bgew
                0x1001b8b4                beql
                0x1001b8dc                bnel
                0x1001b904                bltl
                0x1001b930                blel
                0x1001b958                bgtl
                0x1001b984                bgel
                0x1001b9ac                beqf
                0x1001b9d4                bnef
                0x1001b9fc                bltf
                0x1001ba24                blef
                0x1001ba4c                bgtf
                0x1001ba74                bgef
                0x1001ba9c                cvtwl
                0x1001bab0                cvtlw
                0x1001bac0                cvtlf
                0x1001badc                cvtfl
                0x1001bb2c                cvtfw
                0x1001bb78                iexpw
                0x1001bbbc                iexpl
                0x1001bc44                iexpf
                0x1001bcd0                icase
                0x1001bd34                casel
                0x1001bdb0                igoto
                0x1001bde4                call
                0x1001be00                lena
                0x1001be1c                lenl
                0x1001be84                headb
                0x1001be98                headw
                0x1001beac                headl
                0x1001bec4                headf
                0x1001bedc                eclr
                0x1001bede                mulx
                0x1001bf24                divx
                0x1001bf88                cvtxx
                0x1001bfc4                mulx0
                0x1001c044                divx0
                0x1001c0c0                cvtxx0
                0x1001c134                mulx1
                0x1001c28c                divx1
                0x1001c398                cvtxx1
                0x1001c4a8                cvtfx
                0x1001c4fc                cvtxf
                0x1001c520                movm
                0x1001c538                headm
                0x1001c554                beqc
                0x1001c578                bnec
                0x1001c59c                bltc
                0x1001c5c0                blec
                0x1001c5e4                bgtc
                0x1001c608                bgec
                0x1001c62c                casec
                0x1001c700                iexit
                0x1001c710                indx
                0x1001c748                indw
                0x1001c77c                indf
                0x1001c7b0                indl
                0x1001c7e4                indb
                0x1001c814                tcmp
                0x1001c844                badop
                0x1001c854                cvtcl
                0x1001c888                movp
                0x1001c8d0                headp
                0x1001c8e8                tail
                0x1001c8fc                self
                0x1001c940                movmp
                0x1001c97c                headmp
                0x1001c994                slicela
                0x1001caa4                movtmp
                0x1001cad8                new
                0x1001cb00                slicea
                0x1001cbb4                newz
                0x1001cbdc                mnewz
                0x1001cc18                frame
                0x1001cc68                mframe
                0x1001cd64                iraise
                0x1001cdb8                spawn
                0x1001cddc                mspawn
                0x1001ce48                ret
                0x1001ceb4                mcall
                0x1001cf88                iload
                0x1001d040                alt
                0x1001d054                nbalt
                0x1001d05e                acheck
                0x1001d090                newa
                0x1001d0f0                newaz
                0x1001d15c                cnewc
                0x1001d1f8                newc
                0x1001d244                newcl
                0x1001d258                newcb
                0x1001d26c                newcw
                0x1001d280                newcf
                0x1001d294                newcp
                0x1001d2a8                newcm
                0x1001d2f8                newcmp
                0x1001d318                cqadd
                0x1001d354                cqdel
                0x1001d36c                isend
                0x1001d418                irecv
                0x1001d4e4                cqdelp
                0x1001d51a                csendalt
                0x1001d5ac                cons
                0x1001d5fc                consb
                0x1001d614                consw
                0x1001d62c                consl
                0x1001d648                consp
                0x1001d69c                consf
                0x1001d6b8                consm
                0x1001d6d8                consmp
                0x1001d714                destroystack
                0x1001d788                isave
                0x1001d7a4                irestore
                0x1001d7bc                opinit
                0x1001d7e4                xec
 .text          0x1001d864      0x5ec /home/pi/github/inferno-pico/Pico/arm/lib/libinterp.a(das-arm.o)
                0x1001dd20                armclass
                0x1001ddf0                das
 .text          0x1001de50      0x8e0 /home/pi/github/inferno-pico/Pico/arm/lib/libinterp.a(string.o)
                0x1001de50                indc
                0x1001dea0                cvtup
                0x1001deb8                cvtca
                0x1001df2c                lenc
                0x1001df50                string2c
                0x1001dfd8                cvtcw
                0x1001e024                cvtcf
                0x1001e074                newstring
                0x1001e0a4                cvtwc
                0x1001e0d4                cvtlc
                0x1001e104                cvtfc
                0x1001e134                newrunes
                0x1001e17c                slicer
                0x1001e220                slicec
                0x1001e248                c2string
                0x1001e2e2                cvtac
                0x1001e310                stringdup
                0x1001e356                addstring
                0x1001e4ca                addc
                0x1001e4f8                stringcmp
                0x1001e5c4                splitc
                0x1001e5f8                insc
 .text          0x1001e730        0xa /home/pi/github/inferno-pico/Pico/arm/lib/libinterp.a(dlm-Pico.o)
                0x1001e730                newdyncode
                0x1001e734                freedyncode
                0x1001e736                newdyndata
                0x1001e738                freedyndata
 .text          0x1001e73a      0x122 /home/pi/github/inferno-pico/Pico/arm/lib/libmath.a(blas.o)
                0x1001e73a                dot
                0x1001e78e                iamax
                0x1001e7e4                norm1
                0x1001e81c                norm2
 .text          0x1001e85c     0x202c /home/pi/github/inferno-pico/Pico/arm/lib/libmath.a(dtoa.o)
                0x1001f25a                strtod
                0x1001fcc4                freedtoa
                0x1001fcd8                dtoa
 .text          0x10020888       0x62 /home/pi/github/inferno-pico/Pico/arm/lib/libmath.a(fdim.o)
                0x10020888                fdim
                0x100208ae                fmax
                0x100208cc                fmin
 .text          0x100208ea      0x166 /home/pi/github/inferno-pico/Pico/arm/lib/libmath.a(FPcontrol-Pico.o)
                0x100208ea                FPinit
                0x100208fc                getFPstatus
                0x10020930                FPstatus
                0x10020978                getFPcontrol
                0x100209ce                FPcontrol
 .text          0x10020a50      0x5dc /home/pi/github/inferno-pico/Pico/arm/lib/libmath.a(gemm.o)
                0x10020a50                gemm
 .text          0x1002102c      0x314 /home/pi/github/inferno-pico/Pico/arm/lib/libmath.a(gfltconv.o)
                0x1002102c                gfltconv
 .text          0x10021340       0x18 /home/pi/github/inferno-pico/Pico/arm/lib/libmath.a(pow10.o)
                0x10021340                ipow10
 .text          0x10021358      0x410 /home/pi/github/inferno-pico/Pico/arm/lib/libmath.a(e_acos.o)
                0x10021358                __ieee754_acos
 .text          0x10021768      0x120 /home/pi/github/inferno-pico/Pico/arm/lib/libmath.a(e_acosh.o)
                0x10021768                __ieee754_acosh
 .text          0x10021888      0x3d0 /home/pi/github/inferno-pico/Pico/arm/lib/libmath.a(e_asin.o)
                0x10021888                __ieee754_asin
 .text          0x10021c58      0x1dc /home/pi/github/inferno-pico/Pico/arm/lib/libmath.a(e_atan2.o)
                0x10021c58                __ieee754_atan2
 .text          0x10021e34      0x134 /home/pi/github/inferno-pico/Pico/arm/lib/libmath.a(e_atanh.o)
                0x10021e34                __ieee754_atanh
 .text          0x10021f68      0x158 /home/pi/github/inferno-pico/Pico/arm/lib/libmath.a(e_cosh.o)
                0x10021f68                __ieee754_cosh
 .text          0x100220c0      0x2ec /home/pi/github/inferno-pico/Pico/arm/lib/libmath.a(e_exp.o)
                0x100220c0                __ieee754_exp
 .text          0x100223ac      0x2a8 /home/pi/github/inferno-pico/Pico/arm/lib/libmath.a(e_fmod.o)
                0x100223ac                __ieee754_fmod
 .text          0x10022654      0x2f8 /home/pi/github/inferno-pico/Pico/arm/lib/libmath.a(e_hypot.o)
                0x10022654                __ieee754_hypot
 .text          0x1002294c      0xa14 /home/pi/github/inferno-pico/Pico/arm/lib/libmath.a(e_j0.o)
                0x10022cec                __ieee754_j0
                0x10023034                __ieee754_y0
 .text          0x10023360      0x9b0 /home/pi/github/inferno-pico/Pico/arm/lib/libmath.a(e_j1.o)
                0x10023700                __ieee754_j1
                0x100239dc                __ieee754_y1
 .text          0x10023d10      0x714 /home/pi/github/inferno-pico/Pico/arm/lib/libmath.a(e_jn.o)
                0x10023d10                __ieee754_jn
                0x100241f4                __ieee754_yn
 .text          0x10024424      0xc3c /home/pi/github/inferno-pico/Pico/arm/lib/libmath.a(e_lgamma_r.o)
                0x100245cc                __ieee754_lgamma_r
 .text          0x10025060      0x424 /home/pi/github/inferno-pico/Pico/arm/lib/libmath.a(e_log.o)
                0x10025060                __ieee754_log
 .text          0x10025484      0x10c /home/pi/github/inferno-pico/Pico/arm/lib/libmath.a(e_log10.o)
                0x10025484                __ieee754_log10
 .text          0x10025590      0xbd0 /home/pi/github/inferno-pico/Pico/arm/lib/libmath.a(e_pow.o)
                0x10025590                __ieee754_pow
 .text          0x10026160      0x198 /home/pi/github/inferno-pico/Pico/arm/lib/libmath.a(e_remainder.o)
                0x10026160                __ieee754_remainder
 .text          0x100262f8      0x18c /home/pi/github/inferno-pico/Pico/arm/lib/libmath.a(e_sinh.o)
                0x100262f8                __ieee754_sinh
 .text          0x10026484      0x17c /home/pi/github/inferno-pico/Pico/arm/lib/libmath.a(e_sqrt.o)
                0x10026484                __ieee754_sqrt
 .text          0x10026600      0x1c8 /home/pi/github/inferno-pico/Pico/arm/lib/libmath.a(k_cos.o)
                0x10026600                __kernel_cos
 .text          0x100267c8      0x158 /home/pi/github/inferno-pico/Pico/arm/lib/libmath.a(k_sin.o)
                0x100267c8                __kernel_sin
 .text          0x10026920      0xeb4 /home/pi/github/inferno-pico/Pico/arm/lib/libmath.a(s_erf.o)
                0x10026920                erf
                0x10027074                erfc
 .text          0x100277d4       0x16 /home/pi/github/inferno-pico/Pico/arm/lib/libmath.a(s_fabs.o)
                0x100277d4                fabs
 *fill*         0x100277ea        0x2 
 .text          0x100277ec       0x14 /home/pi/github/inferno-pico/Pico/arm/lib/libmath.a(s_finite.o)
                0x100277ec                finite
 .text          0x10027800       0x68 /home/pi/github/inferno-pico/Pico/arm/lib/libmath.a(s_ilogb.o)
                0x10027800                ilogb
 .text          0x10027868      0x188 /home/pi/github/inferno-pico/Pico/arm/lib/libmath.a(s_nextafter.o)
                0x10027868                nextafter
 .text          0x100279f0      0x134 /home/pi/github/inferno-pico/Pico/arm/lib/libmath.a(s_rint.o)
                0x100279f0                dummy
                0x100279f2                rint
 .text          0x10027b24      0x124 /home/pi/github/inferno-pico/Pico/arm/lib/libmath.a(s_scalbn.o)
                0x10027b24                scalbn
 .text          0x10027c48      0x164 /home/pi/github/inferno-pico/Pico/arm/lib/libmath.a(g_fmt.o)
                0x10027c48                g_fmt
 .text          0x10027dac        0xa /home/pi/github/inferno-pico/Pico/arm/lib/libkern.a(abort.o)
                0x10027dac                abort
 .text          0x10027db6       0x14 /home/pi/github/inferno-pico/Pico/arm/lib/libkern.a(abs.o)
                0x10027db6                abs
                0x10027dc0                labs
 .text          0x10027dca       0xd8 /home/pi/github/inferno-pico/Pico/arm/lib/libkern.a(atol.o)
                0x10027dca                atol
                0x10027e9a                atoi
 .text          0x10027ea2       0xec /home/pi/github/inferno-pico/Pico/arm/lib/libkern.a(cleanname.o)
                0x10027ea2                cleanname
 .text          0x10027f8e      0x1d6 /home/pi/github/inferno-pico/Pico/arm/lib/libkern.a(convD2M.o)
                0x10027f8e                sizeD2M
                0x10027fca                convD2M
 .text          0x10028164      0x1e4 /home/pi/github/inferno-pico/Pico/arm/lib/libkern.a(convM2D.o)
                0x10028164                statcheck
                0x100281b8                convM2D
 .text          0x10028348      0x5e0 /home/pi/github/inferno-pico/Pico/arm/lib/libkern.a(convM2S.o)
                0x100283da                convM2S
 .text          0x10028928      0x5a0 /home/pi/github/inferno-pico/Pico/arm/lib/libkern.a(convS2M.o)
                0x100289a8                sizeS2M
                0x10028aa0                convS2M
 .text          0x10028ec8      0xad4 /home/pi/github/inferno-pico/Pico/arm/lib/libkern.a(dofmt.o)
                0x10028ec8                _fmtflush
                0x10028f14                dofmt
                0x1002904a                _fmtpad
                0x10029090                _rfmtpad
                0x100290d8                _fmtcpy
                0x100292a0                _fmtrcpy
                0x10029404                _charfmt
                0x10029422                _runefmt
                0x1002943c                fmtstrcpy
                0x100294a0                _strfmt
                0x100294b0                fmtrunestrcpy
                0x100294f8                _runesfmt
                0x10029508                _percentfmt
                0x10029520                _ifmt
                0x100298a4                _countfmt
                0x100298e2                _flagfmt
                0x1002997c                _badfmt
 .text          0x1002999c      0x620 /home/pi/github/inferno-pico/Pico/arm/lib/libkern.a(fcallfmt.o)
                0x10029b18                fcallfmt
                0x10029f98                dirfmt
 .text          0x10029fbc      0x19c /home/pi/github/inferno-pico/Pico/arm/lib/libkern.a(fmt.o)
                0x10029fbc                fmtinstall
                0x1002a084                _fmtdispatch
 .text          0x1002a158      0x5d0 /home/pi/github/inferno-pico/Pico/arm/lib/libkern.a(fmtquote.o)
                0x1002a484                _quotesetup
                0x1002a5cc                _quotestrfmt
                0x1002a69c                quotestrfmt
                0x1002a6a8                quoterunestrfmt
                0x1002a6b4                quotefmtinstall
                0x1002a6d0                _needsquotes
                0x1002a6fc                _runeneedsquotes
 .text          0x1002a728       0x1c /home/pi/github/inferno-pico/Pico/arm/lib/libkern.a(memchr.o)
                0x1002a728                memchr
 .text          0x1002a744       0x2c /home/pi/github/inferno-pico/Pico/arm/lib/libkern.a(memcmp.o)
                0x1002a744                memcmp
 .text          0x1002a770      0x1f4 /home/pi/github/inferno-pico/Pico/arm/lib/libkern.a(rune.o)
                0x1002a770                chartorune
                0x1002a824                runetochar
                0x1002a8c4                runelen
                0x1002a8d6                runenlen
                0x1002a91e                fullrune
 .text          0x1002a964       0x14 /home/pi/github/inferno-pico/Pico/arm/lib/libkern.a(seprint.o)
                0x1002a964                seprint
 .text          0x1002a978       0x28 /home/pi/github/inferno-pico/Pico/arm/lib/libkern.a(strcmp.o)
                0x1002a978                strcmp
 .text          0x1002a9a0       0x2c /home/pi/github/inferno-pico/Pico/arm/lib/libkern.a(strcpy.o)
                0x1002a9a0                strcpy
 .text          0x1002a9cc       0x1a /home/pi/github/inferno-pico/Pico/arm/lib/libkern.a(strdup.o)
                0x1002a9cc                strdup
 .text          0x1002a9e6       0x24 /home/pi/github/inferno-pico/Pico/arm/lib/libkern.a(strecpy.o)
                0x1002a9e6                strecpy
 .text          0x1002aa0a        0xe /home/pi/github/inferno-pico/Pico/arm/lib/libkern.a(strlen.o)
                0x1002aa0a                strlen
 .text          0x1002aa18       0x34 /home/pi/github/inferno-pico/Pico/arm/lib/libkern.a(strncmp.o)
                0x1002aa18                strncmp
 .text          0x1002aa4c       0x2c /home/pi/github/inferno-pico/Pico/arm/lib/libkern.a(strncpy.o)
                0x1002aa4c                strncpy
 .text          0x1002aa78       0x2a /home/pi/github/inferno-pico/Pico/arm/lib/libkern.a(strrchr.o)
                0x1002aa78                strrchr
 .text          0x1002aaa2       0x40 /home/pi/github/inferno-pico/Pico/arm/lib/libkern.a(strstr.o)
                0x1002aaa2                strstr
 *fill*         0x1002aae2        0x2 
 .text          0x1002aae4       0xfc /home/pi/github/inferno-pico/Pico/arm/lib/libkern.a(strtol.o)
                0x1002aae4                strtol
 .text          0x1002abe0      0x126 /home/pi/github/inferno-pico/Pico/arm/lib/libkern.a(strtoll.o)
                0x1002abe0                strtoll
 .text          0x1002ad06      0x15e /home/pi/github/inferno-pico/Pico/arm/lib/libkern.a(strtoul.o)
                0x1002ad06                strtoul
 .text          0x1002ae64      0x130 /home/pi/github/inferno-pico/Pico/arm/lib/libkern.a(tokenize.o)
                0x1002af08                gettokens
                0x1002af54                tokenize
 .text          0x1002af94       0x2a /home/pi/github/inferno-pico/Pico/arm/lib/libkern.a(utflen.o)
                0x1002af94                utflen
 .text          0x1002afbe       0x3c /home/pi/github/inferno-pico/Pico/arm/lib/libkern.a(utfnlen.o)
                0x1002afbe                utfnlen
 .text          0x1002affa       0x40 /home/pi/github/inferno-pico/Pico/arm/lib/libkern.a(utfrune.o)
                0x1002affa                utfrune
 .text          0x1002b03a       0x36 /home/pi/github/inferno-pico/Pico/arm/lib/libkern.a(vseprint.o)
                0x1002b03a                vseprint
 .text          0x1002b070      0x168 /home/pi/github/inferno-pico/Pico/arm/lib/libkern.a(frexp-arm.o)
                0x1002b070                frexp
                0x1002b0b8                ldexp
                0x1002b120                modf
 .text          0x1002b1d8       0x10 /home/pi/github/inferno-pico/Pico/arm/lib/libkern.a(getfcr-arm.o)
                0x1002b1d8                setfcr
                0x1002b1dc                getfcr
                0x1002b1e0                getfsr
                0x1002b1e4                setfsr
 .text          0x1002b1e8       0x78 /home/pi/github/inferno-pico/Pico/arm/lib/libkern.a(nan-arm.o)
                0x1002b1e8                NaN
                0x1002b1f4                Inf
                0x1002b210                isInf
                0x1002b240                isNaN
 .text          0x1002b260       0x24 /home/pi/github/inferno-pico/Pico/arm/lib/libkern.a(memccpy.o)
                0x1002b260                memccpy
 .text.clock_configure
                0x1002b284       0xfc /home/pi/github/inferno-pico/Pico/arm/lib/libpico.a(clocks.o)
                0x1002b284                clock_configure
 .text.clocks_init
                0x1002b380      0x100 /home/pi/github/inferno-pico/Pico/arm/lib/libpico.a(clocks.o)
                0x1002b380                clocks_init
 .text.clock_get_hz
                0x1002b480        0xc /home/pi/github/inferno-pico/Pico/arm/lib/libpico.a(clocks.o)
                0x1002b480                clock_get_hz
 .text          0x1002b48c       0x28 /home/pi/github/inferno-pico/Pico/arm/lib/libpico.a(double_none.o)
                0x1002b48c                __wrap___aeabi_dcmpun
                0x1002b48c                __wrap___aeabi_ddiv
                0x1002b48c                __wrap_cos
                0x1002b48c                __wrap___aeabi_d2iz
                0x1002b48c                __wrap___aeabi_dmul
                0x1002b48c                __wrap___aeabi_l2d
                0x1002b48c                __wrap_cbrt
                0x1002b48c                __wrap___aeabi_cdcmple
                0x1002b48c                __wrap_log1p
                0x1002b48c                __wrap_atan2
                0x1002b48c                __wrap_fmod
                0x1002b48c                __wrap___aeabi_cdrcmple
                0x1002b48c                __wrap___aeabi_ui2d
                0x1002b48c                __wrap___aeabi_d2ulz
                0x1002b48c                __wrap___aeabi_drsub
                0x1002b48c                __wrap_fma
                0x1002b48c                __wrap_drem