Archive member included to satisfy reference by file (symbol)

/home/pi/github/inferno-pico/Pico/arm/lib/libinterp.a(alt.o)
                              dis.o (altdone)
/home/pi/github/inferno-pico/Pico/arm/lib/libinterp.a(comp-arm.o)
                              devprog.o (comvec)
/home/pi/github/inferno-pico/Pico/arm/lib/libinterp.a(conv.o)
                              dis.o (Dconv)
/home/pi/github/inferno-pico/Pico/arm/lib/libinterp.a(dec.o)
                              devprog.o (dec)
/home/pi/github/inferno-pico/Pico/arm/lib/libinterp.a(gc.o)
                              dis.o (nprop)
/home/pi/github/inferno-pico/Pico/arm/lib/libinterp.a(heap.o)
                              devsrv.o (dtype)
/home/pi/github/inferno-pico/Pico/arm/lib/libinterp.a(link.o)
                              dis.o (mklinkmod)
/home/pi/github/inferno-pico/Pico/arm/lib/libinterp.a(load.o)
                              dis.o (load)
/home/pi/github/inferno-pico/Pico/arm/lib/libinterp.a(math.o)
                              pico.o (mathmodinit)
/home/pi/github/inferno-pico/Pico/arm/lib/libinterp.a(raise.o)
                              /home/pi/github/inferno-pico/Pico/arm/lib/libinterp.a(alt.o) (exNilref)
/home/pi/github/inferno-pico/Pico/arm/lib/libinterp.a(readmod.o)
                              /home/pi/github/inferno-pico/Pico/arm/lib/libinterp.a(load.o) (readmod)
/home/pi/github/inferno-pico/Pico/arm/lib/libinterp.a(runt.o)
                              inferno.o (xprint)
/home/pi/github/inferno-pico/Pico/arm/lib/libinterp.a(sign.o)
                              /home/pi/github/inferno-pico/Pico/arm/lib/libinterp.a(load.o) (verifysigner)
/home/pi/github/inferno-pico/Pico/arm/lib/libinterp.a(stack.o)
                              dis.o (newstack)
/home/pi/github/inferno-pico/Pico/arm/lib/libinterp.a(xec.o)
                              devprog.o (R)
/home/pi/github/inferno-pico/Pico/arm/lib/libinterp.a(das-arm.o)
                              /home/pi/github/inferno-pico/Pico/arm/lib/libinterp.a(comp-arm.o) (das)
/home/pi/github/inferno-pico/Pico/arm/lib/libinterp.a(string.o)
                              /home/pi/github/inferno-pico/Pico/arm/lib/libinterp.a(xec.o) (indc)
/home/pi/github/inferno-pico/Pico/arm/lib/libinterp.a(dlm-Pico.o)
                              /home/pi/github/inferno-pico/Pico/arm/lib/libinterp.a(readmod.o) (newdyncode)
/home/pi/github/inferno-pico/Pico/arm/lib/libmath.a(blas.o)
                              /home/pi/github/inferno-pico/Pico/arm/lib/libinterp.a(math.o) (dot)
/home/pi/github/inferno-pico/Pico/arm/lib/libmath.a(dtoa.o)
                              /home/pi/github/inferno-pico/Pico/arm/lib/libinterp.a(string.o) (strtod)
/home/pi/github/inferno-pico/Pico/arm/lib/libmath.a(fdim.o)
                              /home/pi/github/inferno-pico/Pico/arm/lib/libinterp.a(math.o) (fdim)
/home/pi/github/inferno-pico/Pico/arm/lib/libmath.a(FPcontrol-Pico.o)
                              /home/pi/github/inferno-pico/Pico/arm/lib/libinterp.a(math.o) (getFPstatus)
/home/pi/github/inferno-pico/Pico/arm/lib/libmath.a(gemm.o)
                              /home/pi/github/inferno-pico/Pico/arm/lib/libinterp.a(math.o) (gemm)
/home/pi/github/inferno-pico/Pico/arm/lib/libmath.a(gfltconv.o)
                              /home/pi/github/inferno-pico/Pico/arm/lib/libinterp.a(math.o) (gfltconv)
/home/pi/github/inferno-pico/Pico/arm/lib/libmath.a(pow10.o)
                              /home/pi/github/inferno-pico/Pico/arm/lib/libinterp.a(math.o) (ipow10)
/home/pi/github/inferno-pico/Pico/arm/lib/libmath.a(e_acos.o)
                              /home/pi/github/inferno-pico/Pico/arm/lib/libinterp.a(math.o) (__ieee754_acos)
/home/pi/github/inferno-pico/Pico/arm/lib/libmath.a(e_acosh.o)
                              /home/pi/github/inferno-pico/Pico/arm/lib/libinterp.a(math.o) (__ieee754_acosh)
/home/pi/github/inferno-pico/Pico/arm/lib/libmath.a(e_asin.o)
                              /home/pi/github/inferno-pico/Pico/arm/lib/libinterp.a(math.o) (__ieee754_asin)
/home/pi/github/inferno-pico/Pico/arm/lib/libmath.a(e_atan2.o)
                              /home/pi/github/inferno-pico/Pico/arm/lib/libinterp.a(math.o) (__ieee754_atan2)
/home/pi/github/inferno-pico/Pico/arm/lib/libmath.a(e_atanh.o)
                              /home/pi/github/inferno-pico/Pico/arm/lib/libinterp.a(math.o) (__ieee754_atanh)
/home/pi/github/inferno-pico/Pico/arm/lib/libmath.a(e_cosh.o)
                              /home/pi/github/inferno-pico/Pico/arm/lib/libinterp.a(math.o) (__ieee754_cosh)
/home/pi/github/inferno-pico/Pico/arm/lib/libmath.a(e_exp.o)
                              /home/pi/github/inferno-pico/Pico/arm/lib/libinterp.a(math.o) (__ieee754_exp)
/home/pi/github/inferno-pico/Pico/arm/lib/libmath.a(e_fmod.o)
                              /home/pi/github/inferno-pico/Pico/arm/lib/libinterp.a(math.o) (__ieee754_fmod)
/home/pi/github/inferno-pico/Pico/arm/lib/libmath.a(e_hypot.o)
[...]
Memory Configuration

Name             Origin             Length             Attributes
FLASH            0x10000000         0x00200000         xr
RAM              0x20000000         0x00040000         xrw
SCRATCH_X        0x20040000         0x00001000         xrw
SCRATCH_Y        0x20041000         0x00001000         xrw
*default*        0x00000000         0xffffffff

Linker script and memory map

LOAD /usr/lib/gcc/arm-none-eabi/7.3.1/thumb/v6-m/crti.o
LOAD /usr/lib/gcc/arm-none-eabi/7.3.1/thumb/v6-m/crtbegin.o
LOAD /usr/lib/gcc/arm-none-eabi/7.3.1/../../../arm-none-eabi/lib/thumb/v6-m/crt0.o

.flash_begin    0x10000000        0x0
                0x10000000                __flash_binary_start = .

.boot2          0x10000000      0x100
                0x10000000                __boot2_start__ = .
 *(.boot2)
 .boot2         0x10000000      0x100 /tmp/cc4UTSUz.o
                0x10000100                __boot2_end__ = .
                0x00000001                ASSERT (((__boot2_end__ - __boot2_start__) == 0x100), ERROR: Pico second stage bootloader must be 256 bytes in size)

.text           0x10000100    0x2e9f8
                0x10000100                __logical_binary_start = .
 *(.vectors)
 .vectors       0x10000100       0xd4 /home/pi/github/inferno-pico/Pico/arm/lib/libpico.a(crt0.o)
                0x10000100                __vectors
                0x10000100                __VECTOR_TABLE
                0x100001c0                isr_invalid
                0x100001c0                __default_isrs_start
                0x100001c2                isr_nmi
                0x100001c4                isr_hardfault
                0x100001c6                isr_svcall
                0x100001c8                isr_pendsv
                0x100001ca                isr_systick
                0x100001cc                isr_irq30
                0x100001cc                __unhandled_user_irq
                0x100001cc                isr_irq13
                0x100001cc                isr_irq27
                0x100001cc                isr_irq31
                0x100001cc                isr_irq5
                0x100001cc                isr_irq11
                0x100001cc                isr_irq23
                0x100001cc                isr_irq18
                0x100001cc                isr_irq28
                0x100001cc                isr_irq19
                0x100001cc                isr_irq0
                0x100001cc                isr_irq6
                0x100001cc                isr_irq22
                0x100001cc                isr_irq17
                0x100001cc                isr_irq14
                0x100001cc                isr_irq2
                0x100001cc                isr_irq10
                0x100001cc                isr_irq8
                0x100001cc                isr_irq24
                0x100001cc                isr_irq1
                0x100001cc                isr_irq7
                0x100001cc                isr_irq21
                0x100001cc                isr_irq20
                0x100001cc                isr_irq15
                0x100001cc                isr_irq25
                0x100001cc                isr_irq4
                0x100001cc                isr_irq16
                0x100001cc                isr_irq29
                0x100001cc                isr_irq26
                0x100001cc                __default_isrs_end
                0x100001cc                isr_irq3
                0x100001cc                isr_irq12
                0x100001cc                isr_irq9
                0x100001d2                unhandled_user_irq_num_in_r0
 *(.binary_info_header)
 .binary_info_header
                0x100001d4       0x14 /home/pi/github/inferno-pico/Pico/arm/lib/libpico.a(crt0.o)
                0x100001e8                __binary_info_header_end = .
 *(.reset)
 .reset         0x100001e8       0xa8 /home/pi/github/inferno-pico/Pico/arm/lib/libpico.a(crt0.o)
                0x100001e8                _entry_point
                0x10000266                __get_current_exception
 *(.init)
 .init          0x10000290        0x4 /usr/lib/gcc/arm-none-eabi/7.3.1/thumb/v6-m/crti.o
                0x10000290                _init
 *(EXCLUDE_FILE(*libm.a: *libc.a:*lib_a-mem*.o *libgcc.a:) .text*)
 .text          0x10000294       0x98 /usr/lib/gcc/arm-none-eabi/7.3.1/thumb/v6-m/crtbegin.o
 .text.init0    0x1000032c      0x128 main.o
                0x1000032c                init0
 .text.confinit
                0x10000454       0x74 main.o
                0x10000454                confinit
 .text.poolsizeinit
                0x100004c8       0x70 main.o
                0x100004c8                poolsizeinit
 .text.userinit
                0x10000538       0x70 main.o
                0x10000538                userinit
 .text.main     0x100005a8      0x17c main.o
                0x100005a8                main
 .text          0x10000724       0x38 armv6.o
                0x10000724                FPsave
                0x10000728                FPrestore
                0x1000072a                setlabel
                0x10000736                gotolabel
                0x10000742                getpc
                0x10000746                coherence
                0x10000750                spllo
                0x10000754                idlehands
 .text.rootclose
                0x1000075c        0x2 devroot.o
 *fill*         0x1000075e        0x2 
 .text.rootwrite
                0x10000760       0x10 devroot.o
 .text.rootread
                0x10000770       0x98 devroot.o
 .text.rootgen  0x10000808      0x154 devroot.o
 .text.rootopen
                0x1000095c       0x28 devroot.o
 .text.rootstat
                0x10000984       0x2c devroot.o
 .text.rootwalk
                0x100009b0       0x34 devroot.o
 .text.rootattach
                0x100009e4       0x60 devroot.o
 .text.finddbgkey
                0x10000a44       0x2c devcons.o
 .text.dbgwork  0x10000a70       0x10 devcons.o
 .text.qpanic   0x10000a80       0x10 devcons.o
 .text.flushkbdline
                0x10000a90       0x24 devcons.o
 .text.putstrn0
                0x10000ab4      0x15c devcons.o
 .text.consclose
                0x10000c10       0xa4 devcons.o
 .text.consstat
                0x10000cb4       0x20 devcons.o
 .text.conswalk
                0x10000cd4       0x20 devcons.o
 .text.consattach
                0x10000cf4        0xc devcons.o
 .text.rexit    0x10000d00        0xa devcons.o
 *fill*         0x10000d0a        0x2 
 .text.dbgproc  0x10000d0c       0x30 devcons.o
 .text.printinit
                0x10000d3c       0x34 devcons.o
                0x10000d3c                printinit
 .text.iseve    0x10000d70       0x24 devcons.o
                0x10000d70                iseve
 .text.consopen
                0x10000d94      0x16c devcons.o
 .text.putstrn  0x10000f00        0xa devcons.o
                0x10000f00                putstrn
 .text.snprint  0x10000f0a       0x1a devcons.o
                0x10000f0a                snprint
 .text.sprint   0x10000f24       0x1c devcons.o
                0x10000f24                sprint
 .text.print    0x10000f40       0x2a devcons.o
                0x10000f40                print
 *fill*         0x10000f6a        0x2 
 .text.fddump   0x10000f6c       0x48 devcons.o
                0x10000f6c                fddump
 .text.dbghelp  0x10000fb4       0x64 devcons.o
 .text.dbgtoggle
                0x10001018       0x34 devcons.o
 .text.iprint   0x1000104c       0x60 devcons.o
                0x1000104c                iprint
 .text._assert  0x100010ac       0x10 devcons.o
                0x100010ac                _assert
 .text.echo     0x100010bc       0x70 devcons.o
                0x100010bc                echo
 .text.isdbgkey
                0x1000112c       0xb4 devcons.o
 .text.debugkey
                0x100011e0       0x74 devcons.o
                0x100011e0                debugkey
 .text.debuginit
                0x10001254       0x40 devcons.o
 .text.consinit
                0x10001294       0x60 devcons.o
 .text.kbdputc  0x100012f4       0xbc devcons.o
                0x100012f4                kbdputc
 .text.conswrite
                0x100013b0      0x384 devcons.o
 .text.seconds  0x10001734       0x20 devcons.o
                0x10001734                seconds
 .text.mseconds
                0x10001754       0x30 devcons.o
                0x10001754                mseconds
 .text.readnum  0x10001784       0x4c devcons.o
                0x10001784                readnum
 .text.readstr  0x100017d0       0x2e devcons.o
                0x100017d0                readstr
 *fill*         0x100017fe        0x2 
 .text.consread
                0x10001800      0x3e0 devcons.o
 .text.envremove
                0x10001be0       0x9c devenv.o
 .text.envclose
                0x10001c7c       0x12 devenv.o
 *fill*         0x10001c8e        0x2 
 .text.envwrite
                0x10001c90      0x100 devenv.o
 .text.envread  0x10001d90       0xfc devenv.o
 .text.envgen   0x10001e8c       0xe4 devenv.o
 .text.envopen  0x10001f70       0xc0 devenv.o
 .text.envcreate
                0x10002030      0x128 devenv.o
 .text.envstat  0x10002158       0x38 devenv.o
 .text.envwalk  0x10002190       0x1c devenv.o
 .text.envattach
                0x100021ac       0x34 devenv.o
 .text.newegrp  0x100021e0        0xe devenv.o
                0x100021e0                newegrp
 .text.closeegrp
                0x100021ee       0x3a devenv.o
                0x100021ee                closeegrp
 .text.egrpcpy  0x10002228       0x7c devenv.o
                0x10002228                egrpcpy
 .text.ksetenv  0x100022a4       0xcc devenv.o
                0x100022a4                ksetenv
 .text.alloctag
                0x10002370       0x50 devmnt.o
 .text.freetag  0x100023c0       0x1c devmnt.o
 .text.rpcattn  0x100023dc       0x22 devmnt.o
                0x100023dc                rpcattn
 *fill*         0x100023fe        0x2 
 .text.doread   0x10002400       0x54 devmnt.o
 .text.mntreset
                0x10002454       0x2c devmnt.o
 .text.mntversion
                0x10002480      0x3ec devmnt.o
                0x10002480                mntversion
 .text.mntchan  0x1000286c       0x3c devmnt.o
                0x1000286c                mntchan
 .text.mntpntfree
                0x100028a8       0x40 devmnt.o
                0x100028a8                mntpntfree
 .text.mntrpcread
                0x100028e8      0x13c devmnt.o
                0x100028e8                mntrpcread
 .text.mntgate  0x10002a24       0x36 devmnt.o
                0x10002a24                mntgate
 *fill*         0x10002a5a        0x2 
 .text.mountmux
                0x10002a5c       0xc4 devmnt.o
                0x10002a5c                mountmux
 .text.mntralloc
                0x10002b20      0x104 devmnt.o
                0x10002b20                mntralloc
 .text.mntflushalloc
                0x10002c24       0x26 devmnt.o
                0x10002c24                mntflushalloc
 *fill*         0x10002c4a        0x2 
 .text.mntfree  0x10002c4c       0x58 devmnt.o
                0x10002c4c                mntfree
 .text.muxclose
                0x10002ca4       0x28 devmnt.o
                0x10002ca4                muxclose
 .text.mntqrm   0x10002ccc       0x32 devmnt.o
                0x10002ccc                mntqrm
 .text.mntflushfree
                0x10002cfe       0x3c devmnt.o
                0x10002cfe                mntflushfree
 *fill*         0x10002d3a        0x2 
 .text.mountio  0x10002d3c      0x198 devmnt.o
                0x10002d3c                mountio
 .text.mountrpc
                0x10002ed4       0xd4 devmnt.o
                0x10002ed4                mountrpc
 .text.mntauth  0x10002fa8      0x120 devmnt.o
                0x10002fa8                mntauth
 .text.mntattach
                0x100030c8      0x134 devmnt.o
 .text.mntchk   0x100031fc       0x64 devmnt.o
                0x100031fc                mntchk
 .text.mntrdwr  0x10003260      0x16c devmnt.o
                0x10003260                mntrdwr
 .text.mntwrite
                0x100033cc       0x1c devmnt.o
 .text.mntwstat
                0x100033e8       0x80 devmnt.o
 .text.mntclunk
                0x10003468       0x68 devmnt.o
 .text.mntremove
                0x100034d0        0xa devmnt.o
 .text.mntclose
                0x100034da        0xa devmnt.o
 .text.mntopencreate
                0x100034e4       0xdc devmnt.o
 .text.mntcreate
                0x100035c0       0x16 devmnt.o
 .text.mntopen  0x100035d6       0x16 devmnt.o
 .text.mntwalk  0x100035ec      0x1bc devmnt.o
 .text.mntdirfix
                0x100037a8       0x2c devmnt.o
                0x100037a8                mntdirfix
 .text.mntread  0x100037d4       0xdc devmnt.o
 .text.mntstat  0x100038b0       0xc0 devmnt.o
 .text.pipeinit
                0x10003970       0x10 devpipe.o
 .text.freepipe
                0x10003980       0x26 devpipe.o
 *fill*         0x100039a6        0x2 
 .text.pipewstat
                0x100039a8      0x13c devpipe.o
 .text.pipebwrite
                0x10003ae4       0x90 devpipe.o
 .text.pipewrite
                0x10003b74       0x94 devpipe.o
 .text.pipebread
                0x10003c08       0x2a devpipe.o
 *fill*         0x10003c32        0x2 
 .text.piperead
                0x10003c34       0x50 devpipe.o
 .text.pipegen  0x10003c84       0xd8 devpipe.o
 .text.pipeclose
                0x10003d5c       0x92 devpipe.o
 *fill*         0x10003dee        0x2 
 .text.pipeopen
                0x10003df0       0xe8 devpipe.o
 .text.pipestat
                0x10003ed8      0x108 devpipe.o
 .text.pipewalk
                0x10003fe0       0x6c devpipe.o
 .text.pipeattach
                0x1000404c      0x104 devpipe.o
 .text.calldepth
                0x10004150       0x10 devprog.o
 .text.int2flag
                0x10004160       0x3e devprog.o
 .text.xecdone  0x1000419e        0x8 devprog.o
 .text.bdone    0x100041a6        0xa devprog.o
 .text.progqidwidth
                0x100041b0       0x18 devprog.o
 .text.progoffset
                0x100041c8       0x2e devprog.o
 .text.telldbg  0x100041f6       0x18 devprog.o
 .text.dbgaddrun
                0x1000420e       0x28 devprog.o
 *fill*         0x10004236        0x2 
 .text.dbgblock
                0x10004238       0xc4 devprog.o
 .text.freebpts
                0x100042fc       0x12 devprog.o
 *fill*         0x1000430e        0x2 
 .text.closedbgctl
                0x10004310       0x4c devprog.o
 .text.dbgxec   0x1000435c      0x25c devprog.o
                0x1000435c                dbgxec
 .text.delbpt   0x100045b8       0x3c devprog.o
 .text.progwstat
                0x100045f4       0xb8 devprog.o
 .text.dbgstep  0x100046ac      0x10c devprog.o
 .text.dbgstart
                0x100047b8       0x44 devprog.o
 .text.setbpt   0x100047fc       0x4e devprog.o
 *fill*         0x1000484a        0x2 
 .text.progwrite
                0x1000484c      0x388 devprog.o
 .text.proggen  0x10004bd4      0x218 devprog.o
 .text.progclose
                0x10004dec       0x9e devprog.o
 *fill*         0x10004e8a        0x2 
 .text.progtime
                0x10004e8c       0x50 devprog.o
 .text.progsize
                0x10004edc       0x72 devprog.o
 .text.mntscan  0x10004f4e       0x82 devprog.o
 .text.progheap
                0x10004fd0      0x3c0 devprog.o
 .text.progopen
                0x10005390      0x1dc devprog.o
 .text.progstat
                0x1000556c       0x18 devprog.o
 .text.progwalk
                0x10005584       0x1c devprog.o
 .text.progattach
                0x100055a0        0xc devprog.o
 .text.progfdprint
                0x100055ac       0xa4 devprog.o
                0x100055ac                progfdprint
 .text.progfds  0x10005650       0xbc devprog.o
 .text.pc2dispc
                0x1000570c       0x66 devprog.o
                0x1000570c                pc2dispc
 *fill*         0x10005772        0x2 
 .text.progstack
                0x10005774      0x11c devprog.o
 .text.modstatus
                0x10005890       0x8c devprog.o
                0x10005890                modstatus
 .text.progread
                0x1000591c      0x4f0 devprog.o
 .text.dbgexit  0x10005e0c       0x60 devprog.o
                0x10005e0c                dbgexit
 .text.srvdelete
                0x10005e6c       0x2e devsrv.o
 .text.addwaiting
                0x10005e9a       0x12 devsrv.o
 .text.delwaiting
                0x10005eac        0xe devsrv.o
 *fill*         0x10005eba        0x2 
 .text.srvcanattach
                0x10005ebc       0x30 devsrv.o
 .text.srvretype
                0x10005eec       0x1e devsrv.o
 *fill*         0x10005f0a        0x2 
 .text.srvputdir
                0x10005f0c       0x44 devsrv.o
 .text.srvchkref
                0x10005f50       0x28 devsrv.o
 .text.srvwstat
                0x10005f78      0x120 devsrv.o
 .text.srvunblock
                0x10006098       0x80 devsrv.o
 .text.srvclunk
                0x10006118       0xc8 devsrv.o
 .text.srvremove
                0x100061e0        0xa devsrv.o
 .text.srvclose
                0x100061ea        0xa devsrv.o
 .text.srvwrite
                0x100061f4      0x23c devsrv.o
 .text.srvread  0x10006430      0x250 devsrv.o
 .text.srvgen   0x10006680       0xe4 devsrv.o
 .text.srvopen  0x10006764      0x10c devsrv.o
 .text.srvstat  0x10006870       0x78 devsrv.o
 .text.srvwalk  0x100068e8       0xd8 devsrv.o
 .text.srvattach
                0x100069c0      0x164 devsrv.o
 .text.srvinit  0x10006b24       0x70 devsrv.o
 .text.srvcancelreqs
                0x10006b94       0xa0 devsrv.o
 .text.srvfree  0x10006c34       0x2c devsrv.o
 .text.freewrchan
                0x10006c60       0x3c devsrv.o
 .text.freerdchan
                0x10006c9c       0x3c devsrv.o
 .text.srvf2c   0x10006cd8      0x1d8 devsrv.o
                0x10006cd8                srvf2c
 .text.dupclose
                0x10006eb0        0x2 devdup.o
 *fill*         0x10006eb2        0x2 
 .text.dupwrite
                0x10006eb4       0x10 devdup.o
 .text.dupread  0x10006ec4       0xc4 devdup.o
 .text.dupgen   0x10006f88      0x114 devdup.o
 .text.dupopen  0x1000709c       0xc0 devdup.o
 .text.dupstat  0x1000715c       0x18 devdup.o
 .text.dupwalk  0x10007174       0x1c devdup.o
 .text.dupattach
                0x10007190        0xc devdup.o
 .text.linkproc
                0x1000719c       0x50 archpico.o
 .text.clockintr
                0x100071ec       0x16 archpico.o
                0x100071ec                clockintr
 .text.archinit
                0x10007202        0xc archpico.o
                0x10007202                archinit
 .text.archpicolink
                0x1000720e        0x2 archpico.o
                0x1000720e                archpicolink
 .text.kprocchild
                0x10007210       0x28 archpico.o
                0x10007210                kprocchild
 .text._tas     0x10007238        0xa archpico.o
                0x10007238                _tas
 *fill*         0x10007242        0x2 
 .text.splhi    0x10007244       0x14 archpico.o
                0x10007244                splhi
 .text.splx     0x10007258       0x14 archpico.o
                0x10007258                splx
 .text.splxpc   0x1000726c        0xc archpico.o
                0x1000726c                splxpc
 .text.islo     0x10007278        0xa archpico.o
                0x10007278                islo
 .text.getcpuid
                0x10007282       0x28 archpico.o
                0x10007282                getcpuid
 *fill*         0x100072aa        0x2 
 .text.serputs  0x100072ac       0x10 archpico.o
                0x100072ac                serputs
 .text.clockinit
                0x100072bc        0x2 archpico.o
                0x100072bc                clockinit
 *fill*         0x100072be        0x2 
 .text.timerset
                0x100072c0       0x70 archpico.o
                0x100072c0                timerset
 .text.clock_sys_freq
                0x10007330        0xa archpico.o
                0x10007330                clock_sys_freq
 *fill*         0x1000733a        0x2 
 .text.machinit
                0x1000733c       0x18 archpico.o
                0x1000733c                machinit
 .text.fastticks
                0x10007354       0x16 archpico.o
                0x10007354                fastticks
 .text.reboot   0x1000736a        0x2 archpico.o
                0x1000736a                reboot
 .text.fpinit   0x1000736c        0x2 archpico.o
                0x1000736c                fpinit
 .text.clockcheck
                0x1000736e        0x2 archpico.o
                0x1000736e                clockcheck
 .text.segflush
                0x10007370        0x6 archpico.o
                0x10007370                segflush
 .text.genrandom
                0x10007376        0x2 archpico.o
                0x10007376                genrandom
 .text.rom_version
                0x10007378        0x6 archpico.o
                0x10007378                rom_version
 *fill*         0x1000737e        0x2 
 .text.setpanic
                0x10007380       0x14 archpico.o
                0x10007380                setpanic
 .text.inferno_panic
                0x10007394       0x38 archpico.o
                0x10007394                inferno_panic
 .text.halt     0x100073cc        0xc archpico.o
                0x100073cc                halt
 .text.checkalarms
                0x100073d8       0x70 alarm.o
                0x100073d8                checkalarms
 .text.poolmax  0x10007448       0x3c alloc.o
 .text.dumpvl   0x10007484       0x60 alloc.o
 .text.corrupted
                0x100074e4       0x3c alloc.o
 .text._auditmemloc
                0x10007520      0x1c8 alloc.o
 .text._poolfault
                0x100076e8       0x34 alloc.o
 .text.memusehigh
                0x1000771c       0x40 alloc.o
                0x1000771c                memusehigh
 .text.poolimmutable
                0x1000775c       0x34 alloc.o
                0x1000775c                poolimmutable
 .text.poolchain
                0x10007790        0x4 alloc.o
                0x10007790                poolchain
 .text.pooldel  0x10007794       0xba alloc.o
                0x10007794                pooldel
 *fill*         0x1000784e        0x2 
 .text.pooladd  0x10007850       0x58 alloc.o
                0x10007850                pooladd
 .text.poolfree
                0x100078a8       0xd0 alloc.o
                0x100078a8                poolfree
 .text.poolmsize
                0x10007978       0x50 alloc.o
                0x10007978                poolmsize
 .text.poolread
                0x100079c8       0xb8 alloc.o
                0x100079c8                poolread
 .text.poolsummary
                0x10007a80       0x40 alloc.o
                0x10007a80                poolsummary
 .text.free     0x10007ac0       0x48 alloc.o
                0x10007ac0                free
 .text.setmalloctag
                0x10007b08        0xa alloc.o
                0x10007b08                setmalloctag
 .text.setrealloctag
                0x10007b12        0xa alloc.o
                0x10007b12                setrealloctag
 .text.msize    0x10007b1c       0x20 alloc.o
                0x10007b1c                msize
 .text.poolcompact
                0x10007b3c       0xdc alloc.o
                0x10007b3c                poolcompact
 .text.poolalloc
                0x10007c18      0x27c alloc.o
                0x10007c18                poolalloc
 .text.poolrealloc
                0x10007e94       0xac alloc.o
                0x10007e94                poolrealloc
 .text.malloc   0x10007f40       0x4c alloc.o
                0x10007f40                malloc
 .text.realloc  0x10007f8c       0x4c alloc.o
                0x10007f8c                realloc
 .text.smalloc  0x10007fd8       0x5c alloc.o
                0x10007fd8                smalloc
 .text.mallocz  0x10008034       0x40 alloc.o
                0x10008034                mallocz
 .text.poolsize
                0x10008074       0x60 alloc.o
                0x10008074                poolsize
 .text.poolinit
                0x100080d4       0x18 alloc.o
                0x100080d4                poolinit
 .text._allocb  0x100080ec       0x3e allocb.o
                0x100080ec                _allocb
 *fill*         0x1000812a        0x2 
 .text.allocb   0x1000812c       0x24 allocb.o
                0x1000812c                allocb
 .text.iallocb  0x10008150       0x4c allocb.o
                0x10008150                iallocb
 .text.freeb    0x1000819c       0x50 allocb.o
                0x1000819c                freeb
 .text.iallocsummary
                0x100081ec       0x20 allocb.o
                0x100081ec                iallocsummary
 .text.growparse
                0x1000820c       0x48 chan.o
 .text.channame
                0x10008254       0x2c chan.o
                0x10008254                channame
 .text.isdotdot
                0x10008280       0x22 chan.o
                0x10008280                isdotdot
 .text.incref   0x100082a2       0x18 chan.o
                0x100082a2                incref
 *fill*         0x100082ba        0x2 
 .text.decref   0x100082bc       0x2c chan.o
                0x100082bc                decref
 .text.kstrcpy  0x100082e8       0x60 chan.o
                0x100082e8                kstrcpy
 .text.emptystr
                0x10008348       0x16 chan.o
                0x10008348                emptystr
 *fill*         0x1000835e        0x2 
 .text.kstrdup  0x10008360       0x54 chan.o
                0x10008360                kstrdup
 .text.chandevreset
                0x100083b4       0x1c chan.o
                0x100083b4                chandevreset
 .text.chandevinit
                0x100083d0       0x1c chan.o
                0x100083d0                chandevinit
 .text.newchan  0x100083ec       0x98 chan.o
                0x100083ec                newchan
 .text.newcname
                0x10008484       0x3c chan.o
                0x10008484                newcname
 .text.cnameclose
                0x100084c0       0x28 chan.o
                0x100084c0                cnameclose
 .text.eqchan   0x100084e8       0x44 chan.o
                0x100084e8                eqchan
 .text.eqchantdqid
                0x1000852c       0x42 chan.o
                0x1000852c                eqchantdqid
 .text.newmhead
                0x1000856e       0x1e chan.o
                0x1000856e                newmhead
 .text.cmount   0x1000858c      0x1f4 chan.o
                0x1000858c                cmount
 .text.cclone   0x10008780       0x48 chan.o
                0x10008780                cclone
 .text.cleancname
                0x100087c8       0x48 chan.o
                0x100087c8                cleancname
 .text.addelem  0x10008810       0xb8 chan.o
                0x10008810                addelem
 .text.memrchr  0x100088c8       0x18 chan.o
                0x100088c8                memrchr
 .text.skipslash
                0x100088e0       0x1a chan.o
                0x100088e0                skipslash
 .text.parsename
                0x100088fa       0x88 chan.o
 *fill*         0x10008982        0x2 
 .text.validname
                0x10008984       0x98 chan.o
                0x10008984                validname
 .text.isdir    0x10008a1c       0x18 chan.o
                0x10008a1c                isdir
 .text.putmhead
                0x10008a34       0x20 chan.o
                0x10008a34                putmhead
 .text.chanfree
                0x10008a54       0x6c chan.o
                0x10008a54                chanfree
 .text.cclose   0x10008ac0       0x74 chan.o
                0x10008ac0                cclose
 .text.cunique  0x10008b34       0x1e chan.o
                0x10008b34                cunique
 *fill*         0x10008b52        0x2 
 .text.undomount
                0x10008b54       0xe0 chan.o
                0x10008b54                undomount
 .text.createdir
                0x10008c34       0x80 chan.o
                0x10008c34                createdir
 .text.cunmount
                0x10008cb4      0x158 chan.o
                0x10008cb4                cunmount
 .text.findmount
                0x10008e0c       0xe4 chan.o
                0x10008e0c                findmount
 .text.domount  0x10008ef0       0x28 chan.o
                0x10008ef0                domount
 .text.walk     0x10008f18      0x39c chan.o
                0x10008f18                walk
 .text.namec    0x100092b4      0x680 chan.o
                0x100092b4                namec
 .text.tdel     0x10009934       0x48 portclock.o
 .text.tadd     0x1000997c      0x120 portclock.o
 .text.timeradd
                0x10009a9c       0x88 portclock.o
                0x10009a9c                timeradd
 .text.hzclock  0x10009b24       0x88 portclock.o
                0x10009b24                hzclock
 .text.timerintr
                0x10009bac       0xf4 portclock.o
                0x10009bac                timerintr
 .text.timersinit
                0x10009ca0       0x28 portclock.o
                0x10009ca0                timersinit
 .text.addclock0link
                0x10009cc8       0x88 portclock.o
                0x10009cc8                addclock0link
 .text.mkqid    0x10009d50        0xe dev.o
                0x10009d50                mkqid
 *fill*         0x10009d5e        0x2 
 .text.devno    0x10009d60       0x3c dev.o
                0x10009d60                devno
 .text.devdir   0x10009d9c       0x80 dev.o
                0x10009d9c                devdir
 .text.devgen   0x10009e1c       0x60 dev.o
                0x10009e1c                devgen
 .text.devreset
                0x10009e7c        0x2 dev.o
                0x10009e7c                devreset
 .text.devinit  0x10009e7e        0x2 dev.o
                0x10009e7e                devinit
 .text.devshutdown
                0x10009e80        0x2 dev.o
                0x10009e80                devshutdown
 *fill*         0x10009e82        0x2 
 .text.devattach
                0x10009e84       0x68 dev.o
                0x10009e84                devattach
 .text.devclone
                0x10009eec       0x78 dev.o
                0x10009eec                devclone
 .text.devwalk  0x10009f64      0x1f0 dev.o
                0x10009f64                devwalk
 .text.devstat  0x1000a154      0x144 dev.o
                0x1000a154                devstat
 .text.devdirread
                0x1000a298       0x6c dev.o
                0x1000a298                devdirread
 .text.devpermcheck
                0x1000a304       0x68 dev.o
                0x1000a304                devpermcheck
 .text.devopen  0x1000a36c       0x80 dev.o
                0x1000a36c                devopen
 .text.devcreate
                0x1000a3ec       0x10 dev.o
                0x1000a3ec                devcreate
 .text.devbread
                0x1000a3fc       0x84 dev.o
                0x1000a3fc                devbread
 .text.devbwrite
                0x1000a480       0x74 dev.o
                0x1000a480                devbwrite
 .text.devremove
                0x1000a4f4       0x10 dev.o
                0x1000a4f4                devremove
 .text.devwstat
                0x1000a504       0x10 dev.o
                0x1000a504                devwstat
 .text.validwstatname
                0x1000a514       0x38 dev.o
                0x1000a514                validwstatname
 .text._dial_string_parse
                0x1000a54c       0x78 dial.o
 .text.identtrans
                0x1000a5c4       0x5c dial.o
 .text.nettrans
                0x1000a620      0x160 dial.o
 .text.call     0x1000a780      0x16c dial.o
 .text.csdial   0x1000a8ec      0x13c dial.o
 .text.kdial    0x1000aa28       0xd8 dial.o
                0x1000aa28                kdial
 .text.kannounce
                0x1000ab00       0xb4 dial.o
                0x1000ab00                kannounce
 .text.klisten  0x1000abb4       0x78 dial.o
                0x1000abb4                klisten
 .text.pidlook  0x1000ac2c       0x24 dis.o
 .text.tready   0x1000ac50       0x20 dis.o
                0x1000ac50                tready
 .text.accountant
                0x1000ac70       0x14 dis.o
 .text.grpleader
                0x1000ac84       0x22 dis.o
 .text.addgrp   0x1000aca6       0x26 dis.o
 .text.cdone    0x1000accc       0x1a dis.o
 .text.delgrp   0x1000ace6       0x84 dis.o
 *fill*         0x1000ad6a        0x2 
 .text.swiprog  0x1000ad6c       0x38 dis.o
 .text.cwakeme  0x1000ada4       0x16 dis.o
 .text.progpid  0x1000adba        0xa dis.o
                0x1000adba                progpid
 .text.progn    0x1000adc4       0x1c dis.o
                0x1000adc4                progn
 .text.tellsomeone
                0x1000ade0       0x6c dis.o
                0x1000ade0                tellsomeone
 .text.newgrp   0x1000ae4c       0x54 dis.o
                0x1000ae4c                newgrp
 .text.addprog  0x1000aea0       0x38 dis.o
                0x1000aea0                addprog
 .text.addrun   0x1000aed8       0x60 dis.o
                0x1000aed8                addrun
 .text.newprog  0x1000af38      0x1d8 dis.o
                0x1000af38                newprog
 .text.exprog   0x1000b110       0xa4 dis.o
                0x1000b110                exprog
 .text.killcomm
                0x1000b1b4       0x50 dis.o
                0x1000b1b4                killcomm
 .text.delrun   0x1000b204       0x20 dis.o
                0x1000b204                delrun
 .text.delrunq  0x1000b224       0x3c dis.o
                0x1000b224                delrunq
 .text.execatidle
                0x1000b260       0xc0 dis.o
 .text.delruntail
                0x1000b320       0x1c dis.o
                0x1000b320                delruntail
 .text.currun   0x1000b33c        0xc dis.o
                0x1000b33c                currun
 .text.schedmod
                0x1000b348       0x74 dis.o
                0x1000b348                schedmod
 .text.acquire  0x1000b3bc       0x9c dis.o
                0x1000b3bc                acquire
 .text.release  0x1000b458       0xb0 dis.o
                0x1000b458                release
 .text.delprog  0x1000b508       0xc8 dis.o
                0x1000b508                delprog
 .text.killprog
                0x1000b5d0      0x12c dis.o
                0x1000b5d0                killprog
 .text.propex   0x1000b6fc       0x74 dis.o
 .text.renameproguser
                0x1000b770       0x44 dis.o
                0x1000b770                renameproguser
 .text.killgrp  0x1000b7b4      0x104 dis.o
                0x1000b7b4                killgrp
 .text.cblock   0x1000b8b8       0x8c dis.o
                0x1000b8b8                cblock
 .text.iyield   0x1000b944       0x90 dis.o
                0x1000b944                iyield
 .text.startup  0x1000b9d4       0x54 dis.o
                0x1000b9d4                startup
 .text.progexit
                0x1000ba28      0x11c dis.o
                0x1000ba28                progexit
 .text.pushrun  0x1000bb44       0x34 dis.o
                0x1000bb44                pushrun
 .text.vmachine
                0x1000bb78      0x154 dis.o
                0x1000bb78                vmachine
 .text.disinit  0x1000bccc      0x168 dis.o
                0x1000bccc                disinit
 .text.freeframe
                0x1000be34       0x2c exception.o
 .text.ematch   0x1000be60       0x44 exception.o
 .text.setstr   0x1000bea4       0x2a exception.o
 *fill*         0x1000bece        0x2 
 .text.newestring
                0x1000bed0       0x60 exception.o
 .text.excinit  0x1000bf30       0x18 exception.o
                0x1000bf30                excinit
 .text.handler  0x1000bf48      0x2e4 exception.o
                0x1000bf48                handler
 .text.exwork   0x1000c22c       0x10 exportfs.o
 .text.exiounit
                0x1000c23c       0x18 exportfs.o
 .text.Exrmtqid
                0x1000c254       0x14 exportfs.o
 .text.Exauth   0x1000c268        0x8 exportfs.o
 .text.uqidhash
                0x1000c270        0xe exportfs.o
 .text.uqidlook
                0x1000c27e       0x40 exportfs.o
 .text.uqidexists
                0x1000c2be       0x2c exportfs.o
 *fill*         0x1000c2ea        0x2 
 .text.exreadn  0x1000c2ec       0x80 exportfs.o
 .text.exreadmsg
                0x1000c36c       0x70 exportfs.o
 .text.exportinit
                0x1000c3dc       0xa8 exportfs.o
 .text.Exgetfid
                0x1000c484       0x48 exportfs.o
 .text.Exmkfid  0x1000c4cc       0x78 exportfs.o
 .text.uqidalloc
                0x1000c544       0xd4 exportfs.o
 .text.exmount  0x1000c618       0xa8 exportfs.o
 .text.freeuqid
                0x1000c6c0       0x50 exportfs.o
 .text.Exputfid
                0x1000c710       0x5c exportfs.o
 .text.Exwstat  0x1000c76c       0xd8 exportfs.o
 .text.Exstat   0x1000c844       0xb8 exportfs.o
 .text.Exremove
                0x1000c8fc       0xbc exportfs.o
 .text.Exclunk  0x1000c9b8       0x28 exportfs.o
 .text.Exwrite  0x1000c9e0      0x120 exportfs.o
 .text.exfreefids
                0x1000cb00       0x54 exportfs.o
 .text.Exread   0x1000cb54      0x218 exportfs.o
 .text.Exopen   0x1000cd6c      0x130 exportfs.o
 .text.Excreate
                0x1000ce9c      0x264 exportfs.o
 .text.Exattach
                0x1000d100       0x98 exportfs.o
 .text.exisroot
                0x1000d198       0x10 exportfs.o
 .text.safewalk
                0x1000d1a8       0x54 exportfs.o
 .text.Exwalk   0x1000d1fc      0x1ac exportfs.o
 .text.Exversion
                0x1000d3a8       0x88 exportfs.o
 .text.exreply  0x1000d430       0xdc exportfs.o
 .text.exfree   0x1000d50c       0x88 exportfs.o
 .text.exfreeq  0x1000d594       0x2a exportfs.o
 *fill*         0x1000d5be        0x2 
 .text.exslave  0x1000d5c0      0x2c8 exportfs.o
 .text.exflushed
                0x1000d888       0xec exportfs.o
 .text.exshutdown
                0x1000d974       0x68 exportfs.o
 .text.exportproc
                0x1000d9dc      0x290 exportfs.o
 .text.export   0x1000dc6c      0x188 exportfs.o
                0x1000dc6c                export
 .text.freeFD   0x1000ddf4       0x20 inferno.o
                0x1000ddf4                freeFD
 .text.freeFileIO
                0x1000de14       0x18 inferno.o
                0x1000de14                freeFileIO
 .text.unpackdir
                0x1000de2c       0x56 inferno.o
 .text.packdir  0x1000de82       0xe6 inferno.o
 .text.sysinit  0x1000df68       0x8c inferno.o
                0x1000df68                sysinit
 .text.mkfd     0x1000dff4       0x34 inferno.o
                0x1000dff4                mkfd
 .text.syserr   0x1000e028       0x1a inferno.o
                0x1000e028                syserr
 *fill*         0x1000e042        0x2 
 .text.Sys_millisec
                0x1000e044       0x18 inferno.o
                0x1000e044                Sys_millisec
 .text.Sys_open
                0x1000e05c       0x3a inferno.o
                0x1000e05c                Sys_open
 .text.Sys_pipe
                0x1000e096       0x52 inferno.o
                0x1000e096                Sys_pipe
 .text.Sys_fildes
                0x1000e0e8       0x36 inferno.o
                0x1000e0e8                Sys_fildes
 .text.Sys_dup  0x1000e11e       0x1a inferno.o
                0x1000e11e                Sys_dup
 .text.Sys_create
                0x1000e138       0x3c inferno.o
                0x1000e138                Sys_create
 .text.Sys_remove
                0x1000e174       0x1c inferno.o
                0x1000e174                Sys_remove
 .text.Sys_seek
                0x1000e190       0x32 inferno.o
                0x1000e190                Sys_seek
 .text.Sys_unmount
                0x1000e1c2       0x28 inferno.o
                0x1000e1c2                Sys_unmount
 .text.Sys_read
                0x1000e1ea       0x46 inferno.o
                0x1000e1ea                Sys_read
 .text.Sys_readn
                0x1000e230       0x60 inferno.o
                0x1000e230                Sys_readn
 .text.Sys_pread
                0x1000e290       0x52 inferno.o
                0x1000e290                Sys_pread
 .text.Sys_chdir
                0x1000e2e2       0x1c inferno.o
                0x1000e2e2                Sys_chdir
 .text.Sys_write
                0x1000e2fe       0x46 inferno.o
                0x1000e2fe                Sys_write
 .text.Sys_pwrite
                0x1000e344       0x52 inferno.o
                0x1000e344                Sys_pwrite
 *fill*         0x1000e396        0x2 
 .text.Sys_fstat
                0x1000e398       0x74 inferno.o
                0x1000e398                Sys_fstat
 .text.Sys_stat
                0x1000e40c       0x6c inferno.o
                0x1000e40c                Sys_stat
 .text.Sys_fd2path
                0x1000e478       0x70 inferno.o
                0x1000e478                Sys_fd2path
 .text.Sys_mount
                0x1000e4e8       0x50 inferno.o
                0x1000e4e8                Sys_mount
 .text.Sys_bind
                0x1000e538       0x2a inferno.o
                0x1000e538                Sys_bind
 .text.Sys_wstat
                0x1000e562       0x2c inferno.o
                0x1000e562                Sys_wstat
 .text.Sys_fwstat
                0x1000e58e       0x34 inferno.o
                0x1000e58e                Sys_fwstat
 *fill*         0x1000e5c2        0x2 
 .text.Sys_print
                0x1000e5c4       0x94 inferno.o
                0x1000e5c4                Sys_print
 .text.Sys_fprint
                0x1000e658       0x88 inferno.o
                0x1000e658                Sys_fprint
 .text.Sys_werrstr
                0x1000e6e0       0x28 inferno.o
                0x1000e6e0                Sys_werrstr
 .text.Sys_dial
                0x1000e708       0x78 inferno.o
                0x1000e708                Sys_dial
 .text.Sys_announce
                0x1000e780       0x62 inferno.o
                0x1000e780                Sys_announce
 .text.Sys_listen
                0x1000e7e2       0x62 inferno.o
                0x1000e7e2                Sys_listen
 .text.Sys_sleep
                0x1000e844       0x74 inferno.o
                0x1000e844                Sys_sleep
 .text.Sys_stream
                0x1000e8b8       0xbc inferno.o
                0x1000e8b8                Sys_stream
 .text.Sys_export
                0x1000e974       0x34 inferno.o
                0x1000e974                Sys_export
 .text.Sys_file2chan
                0x1000e9a8       0x84 inferno.o
                0x1000e9a8                Sys_file2chan
 .text.Sys_pctl
                0x1000ea2c      0x26c inferno.o
                0x1000ea2c                Sys_pctl
 .text.Sys_dirread
                0x1000ec98       0xc4 inferno.o
                0x1000ec98                Sys_dirread
 .text.Sys_fauth
                0x1000ed5c       0x48 inferno.o
                0x1000ed5c                Sys_fauth
 .text.Sys_fversion
                0x1000eda4       0x78 inferno.o
                0x1000eda4                Sys_fversion
 .text.Sys_iounit
                0x1000ee1c       0x24 inferno.o
                0x1000ee1c                Sys_iounit
 .text.ccom     0x1000ee40       0x5c inferno.o
                0x1000ee40                ccom
 .text.crecv    0x1000ee9c       0x50 inferno.o
                0x1000ee9c                crecv
 .text.csend    0x1000eeec       0x58 inferno.o
                0x1000eeec                csend
 .text.unicode  0x1000ef44       0x44 latin1.o
                0x1000ef44                unicode
 .text.latin1   0x1000ef88       0x7c latin1.o
                0x1000ef88                latin1
 .text.mul64fract
                0x1000f004       0x62 mul64fract.o
                0x1000f004                mul64fract
 .text.cinit    0x1000f066        0x2 nocache.o
                0x1000f066                cinit
 .text.copen    0x1000f068        0xc nocache.o
                0x1000f068                copen
 .text.cread    0x1000f074        0x4 nocache.o
                0x1000f074                cread
 .text.cwrite   0x1000f078        0x2 nocache.o
                0x1000f078                cwrite
 .text.cupdate  0x1000f07a        0x2 nocache.o
                0x1000f07a                cupdate
 .text.dynldable
                0x1000f07c        0x4 nodynld.o
                0x1000f07c                dynldable
 .text.ncmdfield
                0x1000f080       0x40 parse.o
 .text.parsecmd
                0x1000f0c0       0xc8 parse.o
                0x1000f0c0                parsecmd
 .text.cmderror
                0x1000f188       0x78 parse.o
                0x1000f188                cmderror
 .text.lookupcmd
                0x1000f200       0x74 parse.o
                0x1000f200                lookupcmd
 .text.newpgrp  0x1000f274       0x2c pgrp.o
                0x1000f274                newpgrp
 .text.pgrpinsert
                0x1000f2a0       0x2e pgrp.o
                0x1000f2a0                pgrpinsert
 .text.newfgrp  0x1000f2ce       0x4e pgrp.o
                0x1000f2ce                newfgrp
 .text.dupfgrp  0x1000f31c       0x9c pgrp.o
                0x1000f31c                dupfgrp
 .text.closefgrp
                0x1000f3b8       0x38 pgrp.o
                0x1000f3b8                closefgrp
 .text.newmount
                0x1000f3f0       0x48 pgrp.o
                0x1000f3f0                newmount
 .text.pgrpcpy  0x1000f438      0x1b4 pgrp.o
                0x1000f438                pgrpcpy
 .text.mountfree
                0x1000f5ec       0x26 pgrp.o
                0x1000f5ec                mountfree
 .text.closepgrp
                0x1000f612       0xa6 pgrp.o
                0x1000f612                closepgrp
 .text.resrcwait
                0x1000f6b8       0x60 pgrp.o
                0x1000f6b8                resrcwait
 .text.freeskey
                0x1000f718       0x24 pgrp.o
                0x1000f718                freeskey
 .text.closesigs
                0x1000f73c       0x2e pgrp.o
                0x1000f73c                closesigs
 *fill*         0x1000f76a        0x2 
 .text._fmtlock
                0x1000f76c       0x10 print.o
                0x1000f76c                _fmtlock
 .text._fmtunlock
                0x1000f77c       0x10 print.o
                0x1000f77c                _fmtunlock
 .text.errfmt   0x1000f78c        0x6 print.o
                0x1000f78c                errfmt
 *fill*         0x1000f792        0x2 
 .text.tfn      0x1000f794       0x34 proc.o
                0x1000f794                tfn
 .text.return0  0x1000f7c8        0x4 proc.o
                0x1000f7c8                return0
 .text.procdump
                0x1000f7cc       0xa8 proc.o
                0x1000f7cc                procdump
 .text.ready    0x1000f874       0x7c proc.o
                0x1000f874                ready
 .text.anyready
                0x1000f8f0       0x20 proc.o
                0x1000f8f0                anyready
 .text.anyhigher
                0x1000f910       0x20 proc.o
                0x1000f910                anyhigher
 .text.runproc  0x1000f930      0x140 proc.o
                0x1000f930                runproc
 .text.sched    0x1000fa70       0x58 proc.o
                0x1000fa70                sched
 .text.schedinit
                0x1000fac8       0x5c proc.o
                0x1000fac8                schedinit
 .text.setpri   0x1000fb24       0x2c proc.o
                0x1000fb24                setpri
 .text.newproc  0x1000fb50       0xf0 proc.o
                0x1000fb50                newproc
 .text.procinit
                0x1000fc40       0x50 proc.o
                0x1000fc40                procinit
 .text.wakeup   0x1000fc90       0x48 proc.o
                0x1000fc90                wakeup
 .text.swiproc  0x1000fcd8       0x66 proc.o
                0x1000fcd8                swiproc
 *fill*         0x1000fd3e        0x2 
 .text.notkilled
                0x1000fd40       0x30 proc.o
                0x1000fd40                notkilled
 .text.pexit    0x1000fd70       0x64 proc.o
                0x1000fd70                pexit
 .text.proctab  0x1000fdd4       0x18 proc.o
                0x1000fdd4                proctab
 .text.kproc    0x1000fdec       0xdc proc.o
                0x1000fdec                kproc
 .text.kerrstr  0x1000fec8       0x38 proc.o
                0x1000fec8                kerrstr
 .text.kgerrstr
                0x1000ff00       0x38 proc.o
                0x1000ff00                kgerrstr
 .text.kwerrstr
                0x1000ff38       0x30 proc.o
                0x1000ff38                kwerrstr
 .text.nexterror
                0x1000ff68       0x20 proc.o
                0x1000ff68                nexterror
 .text.error    0x1000ff88       0x68 proc.o
                0x1000ff88                error
 .text.sleep    0x1000fff0      0x12c proc.o
                0x1000fff0                sleep
 .text.errorf   0x1001011c       0x20 proc.o
                0x1001011c                errorf
 .text.tsleep   0x1001013c      0x104 proc.o
                0x1001013c                tsleep
 .text.exhausted
                0x10010240       0x2c proc.o
                0x10010240                exhausted
 .text.renameuser
                0x1001026c       0x50 proc.o
                0x1001026c                renameuser
 .text.notempty
                0x100102bc       0x18 qio.o
 .text.qnotfull
                0x100102d4       0x18 qio.o
 .text.qwakeup_iunlock
                0x100102ec       0x44 qio.o
 .text.qwait    0x10010330       0x6c qio.o
 .text.ixsummary
                0x1001039c       0x68 qio.o
                0x1001039c                ixsummary
 .text.freeblist
                0x10010404       0x16 qio.o
                0x10010404                freeblist
 .text.blocklen
                0x1001041a       0x16 qio.o
                0x1001041a                blocklen
 .text.blockalloclen
                0x10010430       0x16 qio.o
                0x10010430                blockalloclen
 *fill*         0x10010446        0x2 
 .text.pullupblock
                0x10010448       0x9c qio.o
                0x10010448                pullupblock
 .text.pullupqueue
                0x100104e4       0x2c qio.o
                0x100104e4                pullupqueue
 .text.qdiscard
                0x10010510       0x8c qio.o
                0x10010510                qdiscard
 .text.qproduce
                0x1001059c       0xcc qio.o
                0x1001059c                qproduce
 .text.qopen    0x10010668       0x2c qio.o
                0x10010668                qopen
 .text.qaddlist
                0x10010694       0x3e qio.o
                0x10010694                qaddlist
 .text.qremove  0x100106d2       0x2a qio.o
                0x100106d2                qremove
 .text.bl2mem   0x100106fc       0x4a qio.o
                0x100106fc                bl2mem
 .text.qputback
                0x10010746       0x2e qio.o
                0x10010746                qputback
 .text.qbread   0x10010774       0xf4 qio.o
                0x10010774                qbread
 .text.qread    0x10010868      0x140 qio.o
                0x10010868                qread
 .text.qbwrite  0x100109a8      0x168 qio.o
                0x100109a8                qbwrite
 .text.qwrite   0x10010b10       0x9c qio.o
                0x10010b10                qwrite
 .text.qiwrite  0x10010bac       0xb4 qio.o
                0x10010bac                qiwrite
 .text.qclose   0x10010c60       0x50 qio.o
                0x10010c60                qclose
 .text.qfree    0x10010cb0       0x10 qio.o
                0x10010cb0                qfree
 .text.qhangup  0x10010cc0       0x50 qio.o
                0x10010cc0                qhangup
 .text.qreopen  0x10010d10       0x26 qio.o
                0x10010d10                qreopen
 .text.qlen     0x10010d36        0x4 qio.o
                0x10010d36                qlen
 .text.qcanread
                0x10010d3a        0x8 qio.o
                0x10010d3a                qcanread
 .text.qnoblock
                0x10010d42        0x4 qio.o
                0x10010d42                qnoblock
 *fill*         0x10010d46        0x2 
 .text.qlock    0x10010d48       0x50 qlock.o
                0x10010d48                qlock
 .text.canqlock
                0x10010d98       0x2a qlock.o
                0x10010d98                canqlock
 .text.qunlock  0x10010dc2       0x34 qlock.o
                0x10010dc2                qunlock
 .text.rlock    0x10010df6       0x30 qlock.o
                0x10010df6                rlock
 .text.canrlock
                0x10010e26       0x38 qlock.o
                0x10010e26                canrlock
 .text.runlock  0x10010e5e       0x24 qlock.o
                0x10010e5e                runlock
 .text.wlock    0x10010e82       0x14 qlock.o
                0x10010e82                wlock
 .text.wunlock  0x10010e96       0x14 qlock.o
                0x10010e96                wunlock
 *fill*         0x10010eaa        0x2 
 .text.rbnotfull
                0x10010eac       0x34 random.o
 .text.rbnotempty
                0x10010ee0       0x1c random.o
 .text.randomclock
                0x10010efc       0xa8 random.o
 .text.genrandom
                0x10010fa4       0x5c random.o
 .text.randominit
                0x10011000       0x38 random.o
                0x10011000                randominit
 .text.randomread
                0x10011038      0x16c random.o
                0x10011038                randomread
 .text.growfd   0x100111a4       0x4e sysfile.o
 .text.unionrewind
                0x100111f2       0x2a sysfile.o
 .text.dirpackage
                0x1001121c       0xd8 sysfile.o
 .text.newfd    0x100112f4       0x74 sysfile.o
                0x100112f4                newfd
 .text.fdtochan
                0x10011368       0xc0 sysfile.o
                0x10011368                fdtochan
 .text.rwrite   0x10011428      0x198 sysfile.o
 .text.openmode
                0x100115c0       0x30 sysfile.o
                0x100115c0                openmode
 .text.fdclose  0x100115f0       0x56 sysfile.o
                0x100115f0                fdclose
 *fill*         0x10011646        0x2 
 .text.kchdir   0x10011648       0x6c sysfile.o
                0x10011648                kchdir
 .text.kfgrpclose
                0x100116b4       0x5c sysfile.o
                0x100116b4                kfgrpclose
 .text.kclose   0x10011710       0x1c sysfile.o
                0x10011710                kclose
 .text.kcreate  0x1001172c       0x98 sysfile.o
                0x1001172c                kcreate
 .text.kdup     0x100117c4      0x124 sysfile.o
                0x100117c4                kdup
 .text.kfd2path
                0x100118e8       0xa0 sysfile.o
                0x100118e8                kfd2path
 .text.kfauth   0x10011988       0xe4 sysfile.o
                0x10011988                kfauth
 .text.kfversion
                0x10011a6c       0xc4 sysfile.o
                0x10011a6c                kfversion
 .text.kpipe    0x10011b30      0x144 sysfile.o
                0x10011b30                kpipe
 .text.bindmount
                0x10011c74       0x80 sysfile.o
                0x10011c74                bindmount
 .text.kbind    0x10011cf4       0x98 sysfile.o
                0x10011cf4                kbind
 .text.kmount   0x10011d8c       0xec sysfile.o
                0x10011d8c                kmount
 .text.kunmount
                0x10011e78       0x90 sysfile.o
                0x10011e78                kunmount
 .text.kopen    0x10011f08       0x90 sysfile.o
                0x10011f08                kopen
 .text.unionread
                0x10011f98      0x114 sysfile.o
                0x10011f98                unionread
 .text.rread    0x100120ac      0x160 sysfile.o
 .text.kread    0x1001220c        0xa sysfile.o
                0x1001220c                kread
 .text.kpread   0x10012216        0xa sysfile.o
                0x10012216                kpread
 .text.kremove  0x10012220       0x9c sysfile.o
                0x10012220                kremove
 .text.validstat
                0x100122bc       0x5c sysfile.o
                0x100122bc                validstat
 .text.kfwstat  0x10012318       0xb8 sysfile.o
                0x10012318                kfwstat
 .text.kwrite   0x100123d0        0xa sysfile.o
                0x100123d0                kwrite
 .text.kpwrite  0x100123da        0xa sysfile.o
                0x100123da                kpwrite
 .text.kwstat   0x100123e4       0xa4 sysfile.o
                0x100123e4                kwstat
 .text.chandirstat
                0x10012488       0xb0 sysfile.o
                0x10012488                chandirstat
 .text.kseek    0x10012538      0x1b8 sysfile.o
                0x10012538                kseek
 .text.kdirstat
                0x100126f0       0x88 sysfile.o
                0x100126f0                kdirstat
 .text.kdirfstat
                0x10012778       0x9c sysfile.o
                0x10012778                kdirfstat
 .text.kdirwstat
                0x10012814       0x38 sysfile.o
                0x10012814                kdirwstat
 .text.kdirfwstat
                0x1001284c       0x38 sysfile.o
                0x1001284c                kdirfwstat
 .text.kdirread
                0x10012884       0xb0 sysfile.o
                0x10012884                kdirread
 .text.kiounit  0x10012934       0x68 sysfile.o
                0x10012934                kiounit
 .text.lockloop
                0x1001299c       0x30 taslock.o
 .text.lock     0x100129cc       0xa8 taslock.o
                0x100129cc                lock
 .text.ilock    0x10012a74       0x60 taslock.o
                0x10012a74                ilock
 .text.canlock  0x10012ad4       0x30 taslock.o
                0x10012ad4                canlock
 .text.unlock   0x10012b04       0x4c taslock.o
                0x10012b04                unlock
 .text.iunlock  0x10012b50       0x2c taslock.o
                0x10012b50                iunlock
 .text.todfix   0x10012b7c       0xa0 tod.o
                0x10012b7c                todfix
 .text.tod2fastticks
                0x10012c1c       0x4c tod.o
                0x10012c1c                tod2fastticks
 .text.mk64fract
                0x10012c68        0xc tod.o
                0x10012c68                mk64fract
 .text.todsetfreq
                0x10012c74       0x44 tod.o
                0x10012c74                todsetfreq
 .text.todinit  0x10012cb8       0x4c tod.o
                0x10012cb8                todinit
 .text.todget   0x10012d04       0xf4 tod.o
                0x10012d04                todget
 .text.ns2fastticks
                0x10012df8       0x38 tod.o
                0x10012df8                ns2fastticks
 .text.xallocz  0x10012e30       0x84 xalloc.o
                0x10012e30                xallocz
 .text.xalloc   0x10012eb4        0xa xalloc.o
                0x10012eb4                xalloc
 *fill*         0x10012ebe        0x2 
 .text.xhole    0x10012ec0       0xdc xalloc.o
                0x10012ec0                xhole
 .text.xinit    0x10012f9c       0x84 xalloc.o
                0x10012f9c                xinit
 .text.xsummary
                0x10013020       0x5c xalloc.o
                0x10013020                xsummary
 .text.ixprt    0x1001307c        0xc xalloc.o
 .text.isvalid_wa
                0x10013088       0x1c dump.o
                0x10013088                isvalid_wa
 .text._dumpstack
                0x100130a4      0x11c dump.o
 .text.callwithureg
                0x100131c0       0x1c dump.o
                0x100131c0                callwithureg
 .text.dumpstack
                0x100131dc       0x10 dump.o
                0x100131dc                dumpstack
 .text.links    0x100131ec        0x8 pico.o
                0x100131ec                links
 .text.modinit  0x100131f4        0xc pico.o
                0x100131f4                modinit
 .text          0x10013200      0x438 /home/pi/github/inferno-pico/Pico/arm/lib/libinterp.a(alt.o)
                0x100133b4                altdone
                0x10013578                altgone
                0x100135a4                xecalt
 .text          0x10013638     0x2fa4 /home/pi/github/inferno-pico/Pico/arm/lib/libinterp.a(comp-arm.o)
                0x10016050                comd
                0x100160ec                comi
                0x10016158                typecom
                0x10016208                compile
 .text          0x100165dc      0x23c /home/pi/github/inferno-pico/Pico/arm/lib/libinterp.a(conv.o)
                0x100165dc                aconv
                0x10016670                Dconv
 .text          0x10016818     0x1a50 /home/pi/github/inferno-pico/Pico/arm/lib/libinterp.a(dec.o)
 .text          0x10018268      0x5bc /home/pi/github/inferno-pico/Pico/arm/lib/libinterp.a(gc.o)
                0x10018410                ptradd
                0x10018454                ptrdel
                0x10018488                noptrs
                0x1001848a                markheap
                0x10018554                markarray
                0x100185b0                marklist
                0x10018618                rungc
 .text          0x10018824      0x7b8 /home/pi/github/inferno-pico/Pico/arm/lib/libinterp.a(heap.o)
                0x10018824                freestring
                0x10018832                heapref
                0x10018838                dtype
                0x10018874                checktype
                0x100188e4                freetype
                0x10018904                destroy
                0x100189a0                freeptrs
                0x10018a38                freelist
                0x10018ae8                freeheap
                0x10018b00                freearray
                0x10018b50                freemodlink
                0x10018b78                freechan
                0x10018bb4                incmem
                0x10018c24                scanptrs
                0x10018c84                initmem
                0x10018cf6                nheap
                0x10018d44                heapz
                0x10018db4                heap
                0x10018e18                hmsize
                0x10018e2c                initarray
                0x10018e5c                heaparray
                0x10018e9c                arraycpy
                0x10018f4c                newmp
 .text          0x10018fdc      0x1fc /home/pi/github/inferno-pico/Pico/arm/lib/libinterp.a(link.o)
                0x100190b0                runtime
                0x100190c6                mlink
                0x100190e8                mklinkmod
                0x10019128                linkmod
                0x100191ba                destroylinks
 .text          0x100191d8      0xa1c /home/pi/github/inferno-pico/Pico/arm/lib/libinterp.a(load.o)
                0x1001927a                canontod
                0x10019284                load
                0x10019290                brpatch
                0x100192d6                newmod
                0x10019328                lookmod
                0x10019354                freemod
                0x100193e8                parsemod
                0x10019b9c                unload
 .text          0x10019bf4      0xb08 /home/pi/github/inferno-pico/Pico/arm/lib/libinterp.a(math.o)
                0x10019bf4                Math_bits32real
                0x10019c06                Math_bits64real
                0x10019c12                Math_realbits32
                0x10019c24                Math_realbits64
                0x10019cd4                Math_import_int
                0x10019d20                Math_import_real32
                0x10019d80                Math_import_real
                0x10019e20                Math_export_int
                0x10019e68                Math_export_real32
                0x10019eb8                Math_export_real
                0x10019f20                Math_getFPcontrol
                0x10019f2e                Math_getFPstatus
                0x10019f3c                Math_finite
                0x10019f4c                Math_ilogb
                0x10019f5c                Math_isnan
                0x10019f6c                Math_acos
                0x10019f7e                Math_acosh
                0x10019f90                Math_asin
                0x10019fa2                Math_asinh
                0x10019fb4                Math_atan
                0x10019fc6                Math_atanh
                0x10019fd8                Math_cbrt
                0x10019fea                Math_ceil
                0x10019ffc                Math_cos
                0x1001a00e                Math_cosh
                0x1001a020                Math_erf
                0x1001a032                Math_erfc
                0x1001a044                Math_exp
                0x1001a056                Math_expm1
                0x1001a068                Math_fabs
                0x1001a07a                Math_floor
                0x1001a08c                Math_j0
                0x1001a09e                Math_j1
                0x1001a0b0                Math_log
                0x1001a0c2                Math_log10
                0x1001a0d4                Math_log1p
                0x1001a0e6                Math_rint
                0x1001a0f8                Math_sin
                0x1001a10a                Math_sinh
                0x1001a11c                Math_sqrt
                0x1001a12e                Math_tan
                0x1001a140                Math_tanh
                0x1001a152                Math_y0
                0x1001a164                Math_y1
                0x1001a176                Math_fdim
                0x1001a18c                Math_fmax
                0x1001a1a2                Math_fmin
                0x1001a1b8                Math_fmod
                0x1001a1ce                Math_hypot
                0x1001a1e4                Math_nextafter
                0x1001a1fa                Math_pow
                0x1001a210                Math_FPcontrol
                0x1001a222                Math_FPstatus
                0x1001a234                Math_atan2
                0x1001a24a                Math_copysign
                0x1001a260                Math_jn
                0x1001a274                Math_lgamma
                0x1001a288                Math_modf
                0x1001a2ae                Math_pow10
                0x1001a2be                Math_remainder
                0x1001a2d4                Math_scalbn
                0x1001a2e8                Math_yn
                0x1001a2fc                Math_dot
                0x1001a32c                Math_iamax
                0x1001a33e                Math_norm2
                0x1001a352                Math_norm1
                0x1001a366                Math_gemm
                0x1001a478                mathmodinit
                0x1001a4bc                rqsort
                0x1001a6ac                Math_sort
 .text          0x1001a6fc      0x1c0 /home/pi/github/inferno-pico/Pico/arm/lib/libinterp.a(readmod.o)
                0x1001a6fc                readmod
 .text          0x1001a8bc      0x7ac /home/pi/github/inferno-pico/Pico/arm/lib/libinterp.a(runt.o)
                0x1001a8f8                Sys_tokenize
                0x1001aa68                Sys_utfbytes
                0x1001aa9c                Sys_byte2char
                0x1001ab3c                Sys_char2byte
                0x1001abb0                xprint
                0x1001ae24                bigxprint
                0x1001ae70                builtinmod
                0x1001aee0                sysmodinit
                0x1001aefc                retnstr
                0x1001af1a                retstr
                0x1001af42                Sys_sprint
                0x1001afa6                mem2array
                0x1001affc                Sys_aprint
 .text          0x1001b068        0x8 /home/pi/github/inferno-pico/Pico/arm/lib/libinterp.a(sign.o)
                0x1001b068                verifysigner
                0x1001b06c                mustbesigned
 .text          0x1001b070      0x168 /home/pi/github/inferno-pico/Pico/arm/lib/libinterp.a(stack.o)
                0x1001b070                newstack
                0x1001b0f8                extend
                0x1001b168                unextend
                0x1001b198                unframe
 .text          0x1001b1d8     0x2684 /home/pi/github/inferno-pico/Pico/arm/lib/libinterp.a(xec.o)
                0x1001b1d8                runt
                0x1001b1da                negf
                0x1001b1f8                jmp
                0x1001b208                movpc
                0x1001b224                lea
                0x1001b234                movb
                0x1001b244                movw
                0x1001b254                movf
                0x1001b268                movl
                0x1001b27c                cvtbw
                0x1001b28c                cvtwb
                0x1001b29c                cvtrf
                0x1001b2b4                cvtfr
                0x1001b2cc                cvtws
                0x1001b2dc                cvtsw
                0x1001b2f0                cvtwf
                0x1001b308                addb
                0x1001b320                addw
                0x1001b338                addl
                0x1001b358                addf
                0x1001b37c                subb
                0x1001b394                subw
                0x1001b3ac                subl
                0x1001b3cc                subf
                0x1001b3f0                divb
                0x1001b40c                divw
                0x1001b428                divl
                0x1001b44c                divf
                0x1001b470                modb
                0x1001b48c                modw
                0x1001b4a8                modl
                0x1001b4cc                mulb
                0x1001b4e4                mulw
                0x1001b4fc                mull
                0x1001b520                mulf
                0x1001b544                andb
                0x1001b55c                andw
                0x1001b574                andl
                0x1001b594                xorb
                0x1001b5ac                xorw
                0x1001b5c4                xorl
                0x1001b5e4                orb
                0x1001b5fc                orw
                0x1001b614                orl
                0x1001b634                shlb
                0x1001b64c                shlw
                0x1001b664                shll
                0x1001b69c                shrb
                0x1001b6b4                shrw
                0x1001b6cc                shrl
                0x1001b704                lsrw
                0x1001b71c                lsrl
                0x1001b754                beqb
                0x1001b774                bneb
                0x1001b790                bltb
                0x1001b7ac                bleb
                0x1001b7c8                bgtb
                0x1001b7e4                bgeb
                0x1001b800                beqw
                0x1001b820                bnew
                0x1001b83c                bltw
                0x1001b858                blew
                0x1001b874                bgtw
                0x1001b890                bgew
                0x1001b8ac                beql
                0x1001b8d4                bnel
                0x1001b8fc                bltl
                0x1001b928                blel
                0x1001b950                bgtl
                0x1001b97c                bgel
                0x1001b9a4                beqf
                0x1001b9cc                bnef
                0x1001b9f4                bltf
                0x1001ba1c                blef
                0x1001ba44                bgtf
                0x1001ba6c                bgef
                0x1001ba94                cvtwl
                0x1001baa8                cvtlw
                0x1001bab8                cvtlf
                0x1001bad4                cvtfl
                0x1001bb24                cvtfw
                0x1001bb70                iexpw
                0x1001bbb4                iexpl
                0x1001bc3c                iexpf
                0x1001bcc8                icase
                0x1001bd2c                casel
                0x1001bda8                igoto
                0x1001bddc                call
                0x1001bdf8                lena
                0x1001be14                lenl
                0x1001be7c                headb
                0x1001be90                headw
                0x1001bea4                headl
                0x1001bebc                headf
                0x1001bed4                eclr
                0x1001bed6                mulx
                0x1001bf1c                divx
                0x1001bf80                cvtxx
                0x1001bfbc                mulx0
                0x1001c03c                divx0
                0x1001c0b8                cvtxx0
                0x1001c12c                mulx1
                0x1001c284                divx1
                0x1001c390                cvtxx1
                0x1001c4a0                cvtfx
                0x1001c4f4                cvtxf
                0x1001c518                movm
                0x1001c530                headm
                0x1001c54c                beqc
                0x1001c570                bnec
                0x1001c594                bltc
                0x1001c5b8                blec
                0x1001c5dc                bgtc
                0x1001c600                bgec
                0x1001c624                casec
                0x1001c6f8                iexit
                0x1001c708                indx
                0x1001c740                indw
                0x1001c774                indf
                0x1001c7a8                indl
                0x1001c7dc                indb
                0x1001c80c                tcmp
                0x1001c83c                badop
                0x1001c84c                cvtcl
                0x1001c880                movp
                0x1001c8c8                headp
                0x1001c8e0                tail
                0x1001c8f4                self
                0x1001c938                movmp
                0x1001c974                headmp
                0x1001c98c                slicela
                0x1001ca9c                movtmp
                0x1001cad0                new
                0x1001caf8                slicea
                0x1001cbac                newz
                0x1001cbd4                mnewz
                0x1001cc10                frame
                0x1001cc60                mframe
                0x1001cd5c                iraise
                0x1001cdb0                spawn
                0x1001cdd4                mspawn
                0x1001ce40                ret
                0x1001ceac                mcall
                0x1001cf80                iload
                0x1001d038                alt
                0x1001d04c                nbalt
                0x1001d056                acheck
                0x1001d088                newa
                0x1001d0e8                newaz
                0x1001d154                cnewc
                0x1001d1f0                newc
                0x1001d23c                newcl
                0x1001d250                newcb
                0x1001d264                newcw
                0x1001d278                newcf
                0x1001d28c                newcp
                0x1001d2a0                newcm
                0x1001d2f0                newcmp
                0x1001d310                cqadd
                0x1001d34c                cqdel
                0x1001d364                isend
                0x1001d410                irecv
                0x1001d4dc                cqdelp
                0x1001d512                csendalt
                0x1001d5a4                cons
                0x1001d5f4                consb
                0x1001d60c                consw
                0x1001d624                consl
                0x1001d640                consp
                0x1001d694                consf
                0x1001d6b0                consm
                0x1001d6d0                consmp
                0x1001d70c                destroystack
                0x1001d780                isave
                0x1001d79c                irestore
                0x1001d7b4                opinit
                0x1001d7dc                xec
 .text          0x1001d85c      0x5ec /home/pi/github/inferno-pico/Pico/arm/lib/libinterp.a(das-arm.o)
                0x1001dd18                armclass
                0x1001dde8                das
 .text          0x1001de48      0x8e0 /home/pi/github/inferno-pico/Pico/arm/lib/libinterp.a(string.o)
                0x1001de48                indc
                0x1001de98                cvtup
                0x1001deb0                cvtca
                0x1001df24                lenc
                0x1001df48                string2c
                0x1001dfd0                cvtcw
                0x1001e01c                cvtcf
                0x1001e06c                newstring
                0x1001e09c                cvtwc
                0x1001e0cc                cvtlc
                0x1001e0fc                cvtfc
                0x1001e12c                newrunes
                0x1001e174                slicer
                0x1001e218                slicec
                0x1001e240                c2string
                0x1001e2da                cvtac
                0x1001e308                stringdup
                0x1001e34e                addstring
                0x1001e4c2                addc
                0x1001e4f0                stringcmp
                0x1001e5bc                splitc
                0x1001e5f0                insc
 .text          0x1001e728        0xa /home/pi/github/inferno-pico/Pico/arm/lib/libinterp.a(dlm-Pico.o)
                0x1001e728                newdyncode
                0x1001e72c                freedyncode
                0x1001e72e                newdyndata
                0x1001e730                freedyndata
 .text          0x1001e732      0x122 /home/pi/github/inferno-pico/Pico/arm/lib/libmath.a(blas.o)
                0x1001e732                dot
                0x1001e786                iamax
                0x1001e7dc                norm1
                0x1001e814                norm2
 .text          0x1001e854     0x202c /home/pi/github/inferno-pico/Pico/arm/lib/libmath.a(dtoa.o)
                0x1001f252                strtod
                0x1001fcbc                freedtoa
                0x1001fcd0                dtoa
 .text          0x10020880       0x62 /home/pi/github/inferno-pico/Pico/arm/lib/libmath.a(fdim.o)
                0x10020880                fdim
                0x100208a6                fmax
                0x100208c4                fmin
 .text          0x100208e2      0x166 /home/pi/github/inferno-pico/Pico/arm/lib/libmath.a(FPcontrol-Pico.o)
                0x100208e2                FPinit
                0x100208f4                getFPstatus
                0x10020928                FPstatus
                0x10020970                getFPcontrol
                0x100209c6                FPcontrol
 .text          0x10020a48      0x5dc /home/pi/github/inferno-pico/Pico/arm/lib/libmath.a(gemm.o)
                0x10020a48                gemm
 .text          0x10021024      0x314 /home/pi/github/inferno-pico/Pico/arm/lib/libmath.a(gfltconv.o)
                0x10021024                gfltconv
 .text          0x10021338       0x18 /home/pi/github/inferno-pico/Pico/arm/lib/libmath.a(pow10.o)
                0x10021338                ipow10
 .text          0x10021350      0x410 /home/pi/github/inferno-pico/Pico/arm/lib/libmath.a(e_acos.o)
                0x10021350                __ieee754_acos
 .text          0x10021760      0x120 /home/pi/github/inferno-pico/Pico/arm/lib/libmath.a(e_acosh.o)
                0x10021760                __ieee754_acosh
 .text          0x10021880      0x3d0 /home/pi/github/inferno-pico/Pico/arm/lib/libmath.a(e_asin.o)
                0x10021880                __ieee754_asin
 .text          0x10021c50      0x1dc /home/pi/github/inferno-pico/Pico/arm/lib/libmath.a(e_atan2.o)
                0x10021c50                __ieee754_atan2
 .text          0x10021e2c      0x134 /home/pi/github/inferno-pico/Pico/arm/lib/libmath.a(e_atanh.o)
                0x10021e2c                __ieee754_atanh
 .text          0x10021f60      0x158 /home/pi/github/inferno-pico/Pico/arm/lib/libmath.a(e_cosh.o)
                0x10021f60                __ieee754_cosh
 .text          0x100220b8      0x2ec /home/pi/github/inferno-pico/Pico/arm/lib/libmath.a(e_exp.o)
                0x100220b8                __ieee754_exp
 .text          0x100223a4      0x2a8 /home/pi/github/inferno-pico/Pico/arm/lib/libmath.a(e_fmod.o)
                0x100223a4                __ieee754_fmod
 .text          0x1002264c      0x2f8 /home/pi/github/inferno-pico/Pico/arm/lib/libmath.a(e_hypot.o)
                0x1002264c                __ieee754_hypot
 .text          0x10022944      0xa14 /home/pi/github/inferno-pico/Pico/arm/lib/libmath.a(e_j0.o)
                0x10022ce4                __ieee754_j0
                0x1002302c                __ieee754_y0
 .text          0x10023358      0x9b0 /home/pi/github/inferno-pico/Pico/arm/lib/libmath.a(e_j1.o)
                0x100236f8                __ieee754_j1
                0x100239d4                __ieee754_y1
 .text          0x10023d08      0x714 /home/pi/github/inferno-pico/Pico/arm/lib/libmath.a(e_jn.o)
                0x10023d08                __ieee754_jn
                0x100241ec                __ieee754_yn
 .text          0x1002441c      0xc3c /home/pi/github/inferno-pico/Pico/arm/lib/libmath.a(e_lgamma_r.o)
                0x100245c4                __ieee754_lgamma_r
 .text          0x10025058      0x424 /home/pi/github/inferno-pico/Pico/arm/lib/libmath.a(e_log.o)
                0x10025058                __ieee754_log
 .text          0x1002547c      0x10c /home/pi/github/inferno-pico/Pico/arm/lib/libmath.a(e_log10.o)
                0x1002547c                __ieee754_log10
 .text          0x10025588      0xbd0 /home/pi/github/inferno-pico/Pico/arm/lib/libmath.a(e_pow.o)
                0x10025588                __ieee754_pow
 .text          0x10026158      0x198 /home/pi/github/inferno-pico/Pico/arm/lib/libmath.a(e_remainder.o)
                0x10026158                __ieee754_remainder
 .text          0x100262f0      0x18c /home/pi/github/inferno-pico/Pico/arm/lib/libmath.a(e_sinh.o)
                0x100262f0                __ieee754_sinh
 .text          0x1002647c      0x17c /home/pi/github/inferno-pico/Pico/arm/lib/libmath.a(e_sqrt.o)
                0x1002647c                __ieee754_sqrt
 .text          0x100265f8      0x1c8 /home/pi/github/inferno-pico/Pico/arm/lib/libmath.a(k_cos.o)
                0x100265f8                __kernel_cos
 .text          0x100267c0      0x158 /home/pi/github/inferno-pico/Pico/arm/lib/libmath.a(k_sin.o)
                0x100267c0                __kernel_sin
 .text          0x10026918      0xeb4 /home/pi/github/inferno-pico/Pico/arm/lib/libmath.a(s_erf.o)
                0x10026918                erf
                0x1002706c                erfc
 .text          0x100277cc       0x16 /home/pi/github/inferno-pico/Pico/arm/lib/libmath.a(s_fabs.o)
                0x100277cc                fabs
 *fill*         0x100277e2        0x2 
 .text          0x100277e4       0x14 /home/pi/github/inferno-pico/Pico/arm/lib/libmath.a(s_finite.o)
                0x100277e4                finite
 .text          0x100277f8       0x68 /home/pi/github/inferno-pico/Pico/arm/lib/libmath.a(s_ilogb.o)
                0x100277f8                ilogb
 .text          0x10027860      0x188 /home/pi/github/inferno-pico/Pico/arm/lib/libmath.a(s_nextafter.o)
                0x10027860                nextafter
 .text          0x100279e8      0x134 /home/pi/github/inferno-pico/Pico/arm/lib/libmath.a(s_rint.o)
                0x100279e8                dummy
                0x100279ea                rint
 .text          0x10027b1c      0x124 /home/pi/github/inferno-pico/Pico/arm/lib/libmath.a(s_scalbn.o)
                0x10027b1c                scalbn
 .text          0x10027c40      0x164 /home/pi/github/inferno-pico/Pico/arm/lib/libmath.a(g_fmt.o)
                0x10027c40                g_fmt
 .text          0x10027da4        0xa /home/pi/github/inferno-pico/Pico/arm/lib/libkern.a(abort.o)
                0x10027da4                abort
 .text          0x10027dae       0x14 /home/pi/github/inferno-pico/Pico/arm/lib/libkern.a(abs.o)
                0x10027dae                abs
                0x10027db8                labs
 .text          0x10027dc2       0xd8 /home/pi/github/inferno-pico/Pico/arm/lib/libkern.a(atol.o)
                0x10027dc2                atol
                0x10027e92                atoi
 .text          0x10027e9a       0xec /home/pi/github/inferno-pico/Pico/arm/lib/libkern.a(cleanname.o)
                0x10027e9a                cleanname
 .text          0x10027f86      0x1d6 /home/pi/github/inferno-pico/Pico/arm/lib/libkern.a(convD2M.o)
                0x10027f86                sizeD2M
                0x10027fc2                convD2M
 .text          0x1002815c      0x1e4 /home/pi/github/inferno-pico/Pico/arm/lib/libkern.a(convM2D.o)
                0x1002815c                statcheck
                0x100281b0                convM2D
 .text          0x10028340      0x5e0 /home/pi/github/inferno-pico/Pico/arm/lib/libkern.a(convM2S.o)
                0x100283d2                convM2S
 .text          0x10028920      0x5a0 /home/pi/github/inferno-pico/Pico/arm/lib/libkern.a(convS2M.o)
                0x100289a0                sizeS2M
                0x10028a98                convS2M
 .text          0x10028ec0      0xad4 /home/pi/github/inferno-pico/Pico/arm/lib/libkern.a(dofmt.o)
                0x10028ec0                _fmtflush
                0x10028f0c                dofmt
                0x10029042                _fmtpad
                0x10029088                _rfmtpad
                0x100290d0                _fmtcpy
                0x10029298                _fmtrcpy
                0x100293fc                _charfmt
                0x1002941a                _runefmt
                0x10029434                fmtstrcpy
                0x10029498                _strfmt
                0x100294a8                fmtrunestrcpy
                0x100294f0                _runesfmt
                0x10029500                _percentfmt
                0x10029518                _ifmt
                0x1002989c                _countfmt
                0x100298da                _flagfmt
                0x10029974                _badfmt
 .text          0x10029994      0x620 /home/pi/github/inferno-pico/Pico/arm/lib/libkern.a(fcallfmt.o)
                0x10029b10                fcallfmt
                0x10029f90                dirfmt
 .text          0x10029fb4      0x19c /home/pi/github/inferno-pico/Pico/arm/lib/libkern.a(fmt.o)
                0x10029fb4                fmtinstall
                0x1002a07c                _fmtdispatch
 .text          0x1002a150      0x5d0 /home/pi/github/inferno-pico/Pico/arm/lib/libkern.a(fmtquote.o)
                0x1002a47c                _quotesetup
                0x1002a5c4                _quotestrfmt
                0x1002a694                quotestrfmt
                0x1002a6a0                quoterunestrfmt
                0x1002a6ac                quotefmtinstall
                0x1002a6c8                _needsquotes
                0x1002a6f4                _runeneedsquotes
 .text          0x1002a720       0x1c /home/pi/github/inferno-pico/Pico/arm/lib/libkern.a(memchr.o)
                0x1002a720                memchr
 .text          0x1002a73c       0x2c /home/pi/github/inferno-pico/Pico/arm/lib/libkern.a(memcmp.o)
                0x1002a73c                memcmp
 .text          0x1002a768      0x1f4 /home/pi/github/inferno-pico/Pico/arm/lib/libkern.a(rune.o)
                0x1002a768                chartorune
                0x1002a81c                runetochar
                0x1002a8bc                runelen
                0x1002a8ce                runenlen
                0x1002a916                fullrune
 .text          0x1002a95c       0x14 /home/pi/github/inferno-pico/Pico/arm/lib/libkern.a(seprint.o)
                0x1002a95c                seprint
 .text          0x1002a970       0x28 /home/pi/github/inferno-pico/Pico/arm/lib/libkern.a(strcmp.o)
                0x1002a970                strcmp
 .text          0x1002a998       0x2c /home/pi/github/inferno-pico/Pico/arm/lib/libkern.a(strcpy.o)
                0x1002a998                strcpy
 .text          0x1002a9c4       0x1a /home/pi/github/inferno-pico/Pico/arm/lib/libkern.a(strdup.o)
                0x1002a9c4                strdup
 .text          0x1002a9de       0x24 /home/pi/github/inferno-pico/Pico/arm/lib/libkern.a(strecpy.o)
                0x1002a9de                strecpy
 .text          0x1002aa02        0xe /home/pi/github/inferno-pico/Pico/arm/lib/libkern.a(strlen.o)
                0x1002aa02                strlen
 .text          0x1002aa10       0x34 /home/pi/github/inferno-pico/Pico/arm/lib/libkern.a(strncmp.o)
                0x1002aa10                strncmp
 .text          0x1002aa44       0x2c /home/pi/github/inferno-pico/Pico/arm/lib/libkern.a(strncpy.o)
                0x1002aa44                strncpy
 .text          0x1002aa70       0x2a /home/pi/github/inferno-pico/Pico/arm/lib/libkern.a(strrchr.o)
                0x1002aa70                strrchr
 .text          0x1002aa9a       0x40 /home/pi/github/inferno-pico/Pico/arm/lib/libkern.a(strstr.o)
                0x1002aa9a                strstr
 *fill*         0x1002aada        0x2 
 .text          0x1002aadc       0xfc /home/pi/github/inferno-pico/Pico/arm/lib/libkern.a(strtol.o)
                0x1002aadc                strtol
 .text          0x1002abd8      0x126 /home/pi/github/inferno-pico/Pico/arm/lib/libkern.a(strtoll.o)
                0x1002abd8                strtoll
 .text          0x1002acfe      0x15e /home/pi/github/inferno-pico/Pico/arm/lib/libkern.a(strtoul.o)
                0x1002acfe                strtoul
 .text          0x1002ae5c      0x130 /home/pi/github/inferno-pico/Pico/arm/lib/libkern.a(tokenize.o)
                0x1002af00                gettokens
                0x1002af4c                tokenize
 .text          0x1002af8c       0x2a /home/pi/github/inferno-pico/Pico/arm/lib/libkern.a(utflen.o)
                0x1002af8c                utflen
 .text          0x1002afb6       0x3c /home/pi/github/inferno-pico/Pico/arm/lib/libkern.a(utfnlen.o)
                0x1002afb6                utfnlen
 .text          0x1002aff2       0x40 /home/pi/github/inferno-pico/Pico/arm/lib/libkern.a(utfrune.o)
                0x1002aff2                utfrune
 .text          0x1002b032       0x36 /home/pi/github/inferno-pico/Pico/arm/lib/libkern.a(vseprint.o)
                0x1002b032                vseprint
 .text          0x1002b068      0x168 /home/pi/github/inferno-pico/Pico/arm/lib/libkern.a(frexp-arm.o)
                0x1002b068                frexp
                0x1002b0b0                ldexp
                0x1002b118                modf
 .text          0x1002b1d0       0x10 /home/pi/github/inferno-pico/Pico/arm/lib/libkern.a(getfcr-arm.o)
                0x1002b1d0                setfcr
                0x1002b1d4                getfcr
                0x1002b1d8                getfsr
                0x1002b1dc                setfsr
 .text          0x1002b1e0       0x78 /home/pi/github/inferno-pico/Pico/arm/lib/libkern.a(nan-arm.o)
                0x1002b1e0                NaN
                0x1002b1ec                Inf
                0x1002b208                isInf
                0x1002b238                isNaN
 .text          0x1002b258       0x24 /home/pi/github/inferno-pico/Pico/arm/lib/libkern.a(memccpy.o)
                0x1002b258                memccpy
 .text.clock_configure
                0x1002b27c       0xfc /home/pi/github/inferno-pico/Pico/arm/lib/libpico.a(clocks.o)
                0x1002b27c                clock_configure
 .text.clocks_init
                0x1002b378      0x100 /home/pi/github/inferno-pico/Pico/arm/lib/libpico.a(clocks.o)
                0x1002b378                clocks_init
 .text.clock_get_hz
                0x1002b478        0xc /home/pi/github/inferno-pico/Pico/arm/lib/libpico.a(clocks.o)
                0x1002b478                clock_get_hz
 .text          0x1002b484       0x28 /home/pi/github/inferno-pico/Pico/arm/lib/libpico.a(double_none.o)
                0x1002b484                __wrap___aeabi_dcmpun
                0x1002b484                __wrap___aeabi_ddiv
                0x1002b484                __wrap_cos
                0x1002b484                __wrap___aeabi_d2iz
                0x1002b484                __wrap___aeabi_dmul
                0x1002b484                __wrap___aeabi_l2d
                0x1002b484                __wrap_cbrt
                0x1002b484                __wrap___aeabi_cdcmple
                0x1002b484                __wrap_log1p
                0x1002b484                __wrap_atan2
                0x1002b484                __wrap_fmod
                0x1002b484                __wrap___aeabi_cdrcmple
                0x1002b484                __wrap___aeabi_ui2d
                0x1002b484                __wrap___aeabi_d2ulz
                0x1002b484                __wrap___aeabi_drsub
                0x1002b484                __wrap_fma
                0x1002b484                __wrap_drem