Archive member included to satisfy reference by file (symbol)

/home/pi/github/inferno-os/Pico/arm/lib/libinterp.a(alt.o)
                              dis.o (altdone)
/home/pi/github/inferno-os/Pico/arm/lib/libinterp.a(comp-arm.o)
                              devprog.o (comvec)
/home/pi/github/inferno-os/Pico/arm/lib/libinterp.a(conv.o)
                              dis.o (Dconv)
/home/pi/github/inferno-os/Pico/arm/lib/libinterp.a(crypt.o)
                              pico.o (cryptmodinit)
/home/pi/github/inferno-os/Pico/arm/lib/libinterp.a(dec.o)
                              devprog.o (dec)
/home/pi/github/inferno-os/Pico/arm/lib/libinterp.a(gc.o)
                              dis.o (nprop)
/home/pi/github/inferno-os/Pico/arm/lib/libinterp.a(heap.o)
                              devsrv.o (dtype)
/home/pi/github/inferno-os/Pico/arm/lib/libinterp.a(ipint.o)
                              pico.o (ipintsmodinit)
/home/pi/github/inferno-os/Pico/arm/lib/libinterp.a(link.o)
                              dis.o (mklinkmod)
/home/pi/github/inferno-os/Pico/arm/lib/libinterp.a(load.o)
                              dis.o (load)
/home/pi/github/inferno-os/Pico/arm/lib/libinterp.a(math.o)
                              pico.o (mathmodinit)
/home/pi/github/inferno-os/Pico/arm/lib/libinterp.a(raise.o)
                              /home/pi/github/inferno-os/Pico/arm/lib/libinterp.a(alt.o) (exNilref)
/home/pi/github/inferno-os/Pico/arm/lib/libinterp.a(readmod.o)
                              /home/pi/github/inferno-os/Pico/arm/lib/libinterp.a(load.o) (readmod)
/home/pi/github/inferno-os/Pico/arm/lib/libinterp.a(runt.o)
                              inferno.o (xprint)
/home/pi/github/inferno-os/Pico/arm/lib/libinterp.a(sign.o)
                              /home/pi/github/inferno-os/Pico/arm/lib/libinterp.a(load.o) (verifysigner)
/home/pi/github/inferno-os/Pico/arm/lib/libinterp.a(stack.o)
                              dis.o (newstack)
/home/pi/github/inferno-os/Pico/arm/lib/libinterp.a(xec.o)
                              devprog.o (R)
/home/pi/github/inferno-os/Pico/arm/lib/libinterp.a(das-arm.o)
                              /home/pi/github/inferno-os/Pico/arm/lib/libinterp.a(comp-arm.o) (das)
/home/pi/github/inferno-os/Pico/arm/lib/libinterp.a(keyring.o)
                              pico.o (keyringmodinit)
/home/pi/github/inferno-os/Pico/arm/lib/libinterp.a(string.o)
                              /home/pi/github/inferno-os/Pico/arm/lib/libinterp.a(xec.o) (indc)
/home/pi/github/inferno-os/Pico/arm/lib/libinterp.a(dlm-Posix.o)
                              /home/pi/github/inferno-os/Pico/arm/lib/libinterp.a(readmod.o) (newdyncode)
/home/pi/github/inferno-os/Pico/arm/lib/libkeyring.a(dsaalg.o)
                              /home/pi/github/inferno-os/Pico/arm/lib/libinterp.a(keyring.o) (dsainit)
/home/pi/github/inferno-os/Pico/arm/lib/libkeyring.a(egalg.o)
                              /home/pi/github/inferno-os/Pico/arm/lib/libinterp.a(keyring.o) (elgamalinit)
/home/pi/github/inferno-os/Pico/arm/lib/libkeyring.a(rsaalg.o)
                              /home/pi/github/inferno-os/Pico/arm/lib/libinterp.a(keyring.o) (rsainit)
/home/pi/github/inferno-os/Pico/arm/lib/libsec.a(des.o)
                              /home/pi/github/inferno-os/Pico/arm/lib/libinterp.a(crypt.o) (block_cipher)
/home/pi/github/inferno-os/Pico/arm/lib/libsec.a(desmodes.o)
                              /home/pi/github/inferno-os/Pico/arm/lib/libinterp.a(crypt.o) (setupDESstate)
/home/pi/github/inferno-os/Pico/arm/lib/libsec.a(aes.o)
                              /home/pi/github/inferno-os/Pico/arm/lib/libinterp.a(crypt.o) (setupAESstate)
/home/pi/github/inferno-os/Pico/arm/lib/libsec.a(blowfish.o)
                              /home/pi/github/inferno-os/Pico/arm/lib/libinterp.a(crypt.o) (setupBFstate)
/home/pi/github/inferno-os/Pico/arm/lib/libsec.a(idea.o)
                              /home/pi/github/inferno-os/Pico/arm/lib/libinterp.a(crypt.o) (idea_cipher)
/home/pi/github/inferno-os/Pico/arm/lib/libsec.a(hmac.o)
                              /home/pi/github/inferno-os/Pico/arm/lib/libinterp.a(crypt.o) (hmac_sha1)
/home/pi/github/inferno-os/Pico/arm/lib/libsec.a(md5.o)
                              /home/pi/github/inferno-os/Pico/arm/lib/libinterp.a(crypt.o) (md5)
/home/pi/github/inferno-os/Pico/arm/lib/libsec.a(md5block.o)
                              /home/pi/github/inferno-os/Pico/arm/lib/libsec.a(md5.o) (_md5block)
/home/pi/github/inferno-os/Pico/arm/lib/libsec.a(md4.o)
                              /home/pi/github/inferno-os/Pico/arm/lib/libinterp.a(crypt.o) (md4)
/home/pi/github/inferno-os/Pico/arm/lib/libsec.a(sha1.o)
                              /home/pi/github/inferno-os/Pico/arm/lib/libinterp.a(crypt.o) (sha1)
/home/pi/github/inferno-os/Pico/arm/lib/libsec.a(sha1block.o)
                              /home/pi/github/inferno-os/Pico/arm/lib/libsec.a(sha1.o) (_sha1block)
/home/pi/github/inferno-os/Pico/arm/lib/libsec.a(sha2.o)
[...]
Memory Configuration

Name             Origin             Length             Attributes
FLASH            0x10000000         0x00200000         xr
RAM              0x20000000         0x00040000         xrw
SCRATCH_X        0x20040000         0x00001000         xrw
SCRATCH_Y        0x20041000         0x00001000         xrw
*default*        0x00000000         0xffffffff

Linker script and memory map

LOAD /usr/lib/gcc/arm-none-eabi/7.3.1/thumb/v6-m/crti.o
LOAD /usr/lib/gcc/arm-none-eabi/7.3.1/thumb/v6-m/crtbegin.o
LOAD /usr/lib/gcc/arm-none-eabi/7.3.1/../../../arm-none-eabi/lib/thumb/v6-m/crt0.o

.flash_begin    0x10000000        0x0
                0x10000000                __flash_binary_start = .

.boot2          0x10000000      0x100
                0x10000000                __boot2_start__ = .
 *(.boot2)
 .boot2         0x10000000      0x100 /tmp/cca8dfbo.o
                0x10000100                __boot2_end__ = .
                0x00000001                ASSERT (((__boot2_end__ - __boot2_start__) == 0x100), ERROR: Pico second stage bootloader must be 256 bytes in size)

.text           0x10000100     0x60a8
                0x10000100                __logical_binary_start = .
 *(.vectors)
 .vectors       0x10000100       0xd4 /home/pi/github/inferno-os/Pico/arm/lib/libpico.a(crt0.o)
                0x10000100                __vectors
                0x10000100                __VECTOR_TABLE
                0x100001c0                isr_invalid
                0x100001c0                __default_isrs_start
                0x100001c2                isr_nmi
                0x100001c4                isr_hardfault
                0x100001c6                isr_svcall
                0x100001c8                isr_pendsv
                0x100001ca                isr_systick
                0x100001cc                isr_irq30
                0x100001cc                __unhandled_user_irq
                0x100001cc                isr_irq13
                0x100001cc                isr_irq27
                0x100001cc                isr_irq31
                0x100001cc                isr_irq5
                0x100001cc                isr_irq11
                0x100001cc                isr_irq23
                0x100001cc                isr_irq18
                0x100001cc                isr_irq28
                0x100001cc                isr_irq19
                0x100001cc                isr_irq0
                0x100001cc                isr_irq6
                0x100001cc                isr_irq22
                0x100001cc                isr_irq17
                0x100001cc                isr_irq14
                0x100001cc                isr_irq2
                0x100001cc                isr_irq10
                0x100001cc                isr_irq8
                0x100001cc                isr_irq24
                0x100001cc                isr_irq1
                0x100001cc                isr_irq7
                0x100001cc                isr_irq21
                0x100001cc                isr_irq20
                0x100001cc                isr_irq15
                0x100001cc                isr_irq25
                0x100001cc                isr_irq4
                0x100001cc                isr_irq16
                0x100001cc                isr_irq29
                0x100001cc                isr_irq26
                0x100001cc                __default_isrs_end
                0x100001cc                isr_irq3
                0x100001cc                isr_irq12
                0x100001cc                isr_irq9
                0x100001d2                unhandled_user_irq_num_in_r0
 *(.binary_info_header)
 .binary_info_header
                0x100001d4       0x14 /home/pi/github/inferno-os/Pico/arm/lib/libpico.a(crt0.o)
                0x100001e8                __binary_info_header_end = .
 *(.reset)
 .reset         0x100001e8       0xa8 /home/pi/github/inferno-os/Pico/arm/lib/libpico.a(crt0.o)
                0x100001e8                _entry_point
                0x10000266                __get_current_exception
 *(.init)
 .init          0x10000290        0x4 /usr/lib/gcc/arm-none-eabi/7.3.1/thumb/v6-m/crti.o
                0x10000290                _init
 *(EXCLUDE_FILE(*libm.a: *libc.a:*lib_a-mem*.o *libgcc.a:) .text*)
 .text          0x10000294       0x98 /usr/lib/gcc/arm-none-eabi/7.3.1/thumb/v6-m/crtbegin.o
 .text.main     0x1000032c       0x1c main.o
                0x1000032c                main
 .text          0x10000348       0x24 armv6.o
                0x10000348                _tas
                0x10000350                FPsave
                0x10000354                FPrestore
                0x10000356                islo
                0x10000358                coherence
                0x1000035a                splhi
                0x1000035c                spllo
                0x1000035e                splx
                0x10000360                splxpc
                0x10000362                setlabel
                0x10000364                gotolabel
                0x10000366                idlehands
                0x10000368                setpanic
                0x1000036a                dumpstack
 .text.putstrn0
                0x1000036c      0x15c devcons.o
 .text.putstrn  0x100004c8        0xa devcons.o
                0x100004c8                putstrn
 .text.snprint  0x100004d2       0x1a devcons.o
                0x100004d2                snprint
 .text.print    0x100004ec       0x2a devcons.o
                0x100004ec                print
 *fill*         0x10000516        0x2 
 .text.iprint   0x10000518       0x54 devcons.o
                0x10000518                iprint
 .text.panic    0x1000056c       0x54 devcons.o
                0x1000056c                panic
 .text.dumpvl   0x100005c0       0x60 alloc.o
 .text.corrupted
                0x10000620       0x3c alloc.o
 .text._auditmemloc
                0x1000065c      0x1c8 alloc.o
 .text._poolfault
                0x10000824       0x34 alloc.o
 .text.pooldel  0x10000858       0xba alloc.o
                0x10000858                pooldel
 *fill*         0x10000912        0x2 
 .text.pooladd  0x10000914       0x58 alloc.o
                0x10000914                pooladd
 .text.poolfree
                0x1000096c       0xd0 alloc.o
                0x1000096c                poolfree
 .text.poolmsize
                0x10000a3c       0x50 alloc.o
                0x10000a3c                poolmsize
 .text.free     0x10000a8c       0x48 alloc.o
                0x10000a8c                free
 .text.setmalloctag
                0x10000ad4        0xa alloc.o
                0x10000ad4                setmalloctag
 .text.setrealloctag
                0x10000ade        0xa alloc.o
                0x10000ade                setrealloctag
 .text.msize    0x10000ae8       0x20 alloc.o
                0x10000ae8                msize
 .text.poolcompact
                0x10000b08       0xdc alloc.o
                0x10000b08                poolcompact
 .text.poolalloc
                0x10000be4      0x25c alloc.o
                0x10000be4                poolalloc
 .text.mallocz  0x10000e40       0x40 alloc.o
                0x10000e40                mallocz
 .text._allocb  0x10000e80       0x3e allocb.o
                0x10000e80                _allocb
 *fill*         0x10000ebe        0x2 
 .text.allocb   0x10000ec0       0x24 allocb.o
                0x10000ec0                allocb
 .text.iallocb  0x10000ee4       0x4c allocb.o
                0x10000ee4                iallocb
 .text.freeb    0x10000f30       0x40 allocb.o
                0x10000f30                freeb
 .text.kstrcpy  0x10000f70       0x60 chan.o
                0x10000f70                kstrcpy
 .text.currun   0x10000fd0        0xc dis.o
                0x10000fd0                currun
 .text._fmtlock
                0x10000fdc       0x10 print.o
                0x10000fdc                _fmtlock
 .text._fmtunlock
                0x10000fec       0x10 print.o
                0x10000fec                _fmtunlock
 .text.errfmt   0x10000ffc        0x6 print.o
                0x10000ffc                errfmt
 *fill*         0x10001002        0x2 
 .text.ready    0x10001004       0x7c proc.o
                0x10001004                ready
 .text.anyhigher
                0x10001080       0x20 proc.o
                0x10001080                anyhigher
 .text.runproc  0x100010a0      0x14c proc.o
                0x100010a0                runproc
 .text.sched    0x100011ec       0x5c proc.o
                0x100011ec                sched
 .text.wakeup   0x10001248       0x48 proc.o
                0x10001248                wakeup
 .text.nexterror
                0x10001290       0x20 proc.o
                0x10001290                nexterror
 .text.error    0x100012b0       0x68 proc.o
                0x100012b0                error
 .text.sleep    0x10001318      0x12c proc.o
                0x10001318                sleep
 .text.exhausted
                0x10001444       0x2c proc.o
                0x10001444                exhausted
 .text.qnotfull
                0x10001470       0x18 qio.o
 .text.qbwrite  0x10001488      0x168 qio.o
                0x10001488                qbwrite
 .text.qwrite   0x100015f0       0x9c qio.o
                0x100015f0                qwrite
 .text.qiwrite  0x1000168c       0xb4 qio.o
                0x1000168c                qiwrite
 .text.qlock    0x10001740       0x50 qlock.o
                0x10001740                qlock
 .text.canqlock
                0x10001790       0x2a qlock.o
                0x10001790                canqlock
 .text.qunlock  0x100017ba       0x34 qlock.o
                0x100017ba                qunlock
 .text.canrlock
                0x100017ee       0x38 qlock.o
                0x100017ee                canrlock
 .text.runlock  0x10001826       0x24 qlock.o
                0x10001826                runlock
 *fill*         0x1000184a        0x2 
 .text.lockloop
                0x1000184c       0x30 taslock.o
 .text.lock     0x1000187c       0xa8 taslock.o
                0x1000187c                lock
 .text.ilock    0x10001924       0x60 taslock.o
                0x10001924                ilock
 .text.canlock  0x10001984       0x30 taslock.o
                0x10001984                canlock
 .text.unlock   0x100019b4       0x4c taslock.o
                0x100019b4                unlock
 .text.iunlock  0x10001a00       0x2c taslock.o
                0x10001a00                iunlock
 .text.xallocz  0x10001a2c       0x84 xalloc.o
                0x10001a2c                xallocz
 .text.xalloc   0x10001ab0        0xa xalloc.o
                0x10001ab0                xalloc
 *fill*         0x10001aba        0x2 
 .text          0x10001abc      0xad4 /home/pi/github/inferno-os/Pico/arm/lib/libkern.a(dofmt.o)
                0x10001abc                _fmtflush
                0x10001b08                dofmt
                0x10001c3e                _fmtpad
                0x10001c84                _rfmtpad
                0x10001ccc                _fmtcpy
                0x10001e94                _fmtrcpy
                0x10001ff8                _charfmt
                0x10002016                _runefmt
                0x10002030                fmtstrcpy
                0x10002094                _strfmt
                0x100020a4                fmtrunestrcpy
                0x100020ec                _runesfmt
                0x100020fc                _percentfmt
                0x10002114                _ifmt
                0x10002498                _countfmt
                0x100024d6                _flagfmt
                0x10002570                _badfmt
 .text          0x10002590      0x19c /home/pi/github/inferno-os/Pico/arm/lib/libkern.a(fmt.o)
                0x10002590                fmtinstall
                0x10002658                _fmtdispatch
 .text          0x1000272c       0x1c /home/pi/github/inferno-os/Pico/arm/lib/libkern.a(memchr.o)
                0x1000272c                memchr
 .text          0x10002748      0x1f4 /home/pi/github/inferno-os/Pico/arm/lib/libkern.a(rune.o)
                0x10002748                chartorune
                0x100027fc                runetochar
                0x1000289c                runelen
                0x100028ae                runenlen
                0x100028f6                fullrune
 .text          0x1000293c        0xe /home/pi/github/inferno-os/Pico/arm/lib/libkern.a(strlen.o)
                0x1000293c                strlen
 .text          0x1000294a       0x2c /home/pi/github/inferno-os/Pico/arm/lib/libkern.a(strncpy.o)
                0x1000294a                strncpy
 .text          0x10002976       0x2a /home/pi/github/inferno-os/Pico/arm/lib/libkern.a(utflen.o)
                0x10002976                utflen
 .text          0x100029a0       0x3c /home/pi/github/inferno-os/Pico/arm/lib/libkern.a(utfnlen.o)
                0x100029a0                utfnlen
 .text          0x100029dc       0x36 /home/pi/github/inferno-os/Pico/arm/lib/libkern.a(vseprint.o)
                0x100029dc                vseprint
 *fill*         0x10002a12        0x2 
 .text          0x10002a14       0x28 /home/pi/github/inferno-os/Pico/arm/lib/libpico.a(double_none.o)
                0x10002a14                __wrap___aeabi_dcmpun
                0x10002a14                __wrap___aeabi_ddiv
                0x10002a14                __wrap_cos
                0x10002a14                __wrap___aeabi_d2iz
                0x10002a14                __wrap___aeabi_dmul
                0x10002a14                __wrap___aeabi_l2d
                0x10002a14                __wrap_cbrt
                0x10002a14                __wrap___aeabi_cdcmple
                0x10002a14                __wrap_log1p
                0x10002a14                __wrap_atan2
                0x10002a14                __wrap_fmod
                0x10002a14                __wrap___aeabi_cdrcmple
                0x10002a14                __wrap___aeabi_ui2d
                0x10002a14                __wrap___aeabi_d2ulz
                0x10002a14                __wrap___aeabi_drsub
                0x10002a14                __wrap_fma
                0x10002a14                __wrap_drem
                0x10002a14                __wrap___aeabi_i2d
                0x10002a14                __wrap_asin
                0x10002a14                __wrap_sinh
                0x10002a14                __wrap_cosh
                0x10002a14                __wrap_sincos
                0x10002a14                __wrap_acos
                0x10002a14                __wrap___aeabi_dcmplt
                0x10002a14                __wrap___aeabi_dcmpgt
                0x10002a14                __wrap_trunc
                0x10002a14                __wrap_pow
                0x10002a14                __wrap___aeabi_dsub
                0x10002a14                __wrap___aeabi_ul2d
                0x10002a14                __wrap_sqrt
                0x10002a14                __wrap_tan
                0x10002a14                __wrap_copysign
                0x10002a14                __wrap___aeabi_dcmpge
                0x10002a14                __wrap___aeabi_d2lz
                0x10002a14                __wrap_log10
                0x10002a14                __wrap_atanh
                0x10002a14                __wrap_remainder
                0x10002a14                __wrap___aeabi_dadd
                0x10002a14                __wrap___aeabi_dcmpeq
                0x10002a14                __wrap_exp10
                0x10002a14                __wrap___aeabi_dcmple
                0x10002a14                __wrap_expm1
                0x10002a14                __wrap_powint
                0x10002a14                __wrap_remquo
                0x10002a14                __wrap_hypot
                0x10002a14                __wrap_tanh
                0x10002a14                __wrap___aeabi_cdcmpeq
                0x10002a14                __wrap_floor
                0x10002a14                __wrap_ceil
                0x10002a14                __wrap_sin
                0x10002a14                __wrap_atan
                0x10002a14                __wrap___aeabi_d2uiz
                0x10002a14                __wrap_acosh
                0x10002a14                __wrap_round
                0x10002a14                __wrap_ldexp
                0x10002a14                __wrap_asinh
                0x10002a14                __wrap_exp2
                0x10002a14                __wrap_log2
                0x10002a14                __wrap_exp
                0x10002a14                __wrap_log
                0x10002a14                __wrap___aeabi_d2f
 .text          0x10002a3c       0x10 /home/pi/github/inferno-os/Pico/arm/lib/libpico.a(mem_ops_aeabi.o)
                0x10002a3c                __aeabi_mem_init
 .text.memset   0x10002a4c        0xc /home/pi/github/inferno-os/Pico/arm/lib/libpico.a(mem_ops_aeabi.o)
                0x10002a4c                __wrap_memset
 .text.memcpy   0x10002a58        0xc /home/pi/github/inferno-os/Pico/arm/lib/libpico.a(mem_ops_aeabi.o)
                0x10002a58                __wrap___aeabi_memcpy
                0x10002a58                __wrap_memcpy
 .text.__wrap___aeabi_idiv
                0x10002a64       0x50 /home/pi/github/inferno-os/Pico/arm/lib/libpico.a(pico_divider.o)
                0x10002a64                __wrap___aeabi_idivmod
                0x10002a64                divmod_s32s32
                0x10002a64                div_s32s32
                0x10002a64                __wrap___aeabi_idiv
                0x10002a6c                divmod_s32s32_unsafe
                0x10002a98                divmod_s32s32_savestate
 .text.__wrap___aeabi_uidiv
                0x10002ab4       0x4c /home/pi/github/inferno-os/Pico/arm/lib/libpico.a(pico_divider.o)
                0x10002ab4                __wrap___aeabi_uidiv
                0x10002ab4                __wrap___aeabi_uidivmod
                0x10002ab4                div_u32u32
                0x10002ab4                divmod_u32u32
                0x10002abc                divmod_u32u32_unsafe
                0x10002ae4                divmod_u32u32_savestate
 .text.__wrap___aeabi_ldiv
                0x10002b00      0x434 /home/pi/github/inferno-os/Pico/arm/lib/libpico.a(pico_divider.o)
                0x10002b00                div_s64s64
                0x10002b00                divmod_s64s64
                0x10002b00                __wrap___aeabi_ldivmod
                0x10002b38                div_u64u64
                0x10002b38                divmod_u64u64
                0x10002b38                __wrap___aeabi_uldivmod
                0x10002b48                divmod_u64u64_savestate
                0x10002b70                divmod_s64s64_unsafe
                0x10002bf8                divmod_u64u64_unsafe
 .text.__wrap_free
                0x10002f34        0x8 /home/pi/github/inferno-os/Pico/arm/lib/libpico.a(pico_malloc.o)
                0x10002f34                __wrap_free
 .text._exit    0x10002f3c        0x4 /home/pi/github/inferno-os/Pico/arm/lib/libpico.a(runtime.o)
                0x10002f3c                _exit
 .text.exit     0x10002f40        0x6 /home/pi/github/inferno-os/Pico/arm/lib/libpico.a(runtime.o)
                0x10002f40                exit
 *fill*         0x10002f46        0x2 
 .text.__assert_func
                0x10002f48       0x3c /home/pi/github/inferno-os/Pico/arm/lib/libpico.a(runtime.o)
                0x10002f48                __assert_func
 .text.runtime_init
                0x10002f84       0xf8 /home/pi/github/inferno-os/Pico/arm/lib/libpico.a(runtime.o)
                0x10002f84                runtime_init
 .text.stdio_out_chars_no_crlf
                0x1000307c        0xe /home/pi/github/inferno-os/Pico/arm/lib/libpico.a(stdio.o)
 *fill*         0x1000308a        0x2 
 .text.stdio_out_chars_crlf
                0x1000308c       0x80 /home/pi/github/inferno-os/Pico/arm/lib/libpico.a(stdio.o)
 .text.stdio_stack_buffer_flush
                0x1000310c       0x44 /home/pi/github/inferno-os/Pico/arm/lib/libpico.a(stdio.o)
 .text.stdio_buffered_printer
                0x10003150       0x20 /home/pi/github/inferno-os/Pico/arm/lib/libpico.a(stdio.o)
 .text.stdout_serialize_begin
                0x10003170       0x30 /home/pi/github/inferno-os/Pico/arm/lib/libpico.a(stdio.o)
                0x10003170                stdout_serialize_begin
 .text.stdout_serialize_end
                0x100031a0       0x10 /home/pi/github/inferno-os/Pico/arm/lib/libpico.a(stdio.o)
                0x100031a0                stdout_serialize_end
 .text.stdio_put_string
                0x100031b0       0x94 /home/pi/github/inferno-os/Pico/arm/lib/libpico.a(stdio.o)
 .text.stdio_set_driver_enabled
                0x10003244       0x38 /home/pi/github/inferno-os/Pico/arm/lib/libpico.a(stdio.o)
                0x10003244                stdio_set_driver_enabled
 .text.stdio_flush
                0x1000327c       0x20 /home/pi/github/inferno-os/Pico/arm/lib/libpico.a(stdio.o)
                0x1000327c                stdio_flush
 .text.__wrap_puts
                0x1000329c       0x1e /home/pi/github/inferno-os/Pico/arm/lib/libpico.a(stdio.o)
                0x1000329c                __wrap_puts
 *fill*         0x100032ba        0x2 
 .text.__wrap_vprintf
                0x100032bc       0x44 /home/pi/github/inferno-os/Pico/arm/lib/libpico.a(stdio.o)
                0x100032bc                __wrap_vprintf
 .text.__wrap_printf
                0x10003300       0x18 /home/pi/github/inferno-os/Pico/arm/lib/libpico.a(stdio.o)
                0x10003300                __wrap_printf
 .text.stdio_init_all
                0x10003318        0x8 /home/pi/github/inferno-os/Pico/arm/lib/libpico.a(stdio.o)
                0x10003318                stdio_init_all
 .text.stdio_uart_out_chars
                0x10003320       0x70 /home/pi/github/inferno-os/Pico/arm/lib/libpico.a(stdio_uart.o)
 .text.stdio_uart_in_chars
                0x10003390       0x50 /home/pi/github/inferno-os/Pico/arm/lib/libpico.a(stdio_uart.o)
                0x10003390                stdio_uart_in_chars
 .text.stdio_uart_init_full
                0x100033e0       0x3c /home/pi/github/inferno-os/Pico/arm/lib/libpico.a(stdio_uart.o)
                0x100033e0                stdio_uart_init_full
 .text.stdio_uart_init
                0x1000341c       0x28 /home/pi/github/inferno-os/Pico/arm/lib/libpico.a(stdio_uart.o)
                0x1000341c                stdio_uart_init
 .text.spin_locks_reset
                0x10003444       0x20 /home/pi/github/inferno-os/Pico/arm/lib/libpico.a(sync.o)
                0x10003444                spin_locks_reset
 .text.next_striped_spin_lock_num
                0x10003464       0x1c /home/pi/github/inferno-os/Pico/arm/lib/libpico.a(sync.o)
                0x10003464                next_striped_spin_lock_num
 .text.alarm_pool_post_alloc_init
                0x10003480       0x40 /home/pi/github/inferno-os/Pico/arm/lib/libpico.a(time.o)
 .text.sleep_until_callback
                0x100034c0       0x30 /home/pi/github/inferno-os/Pico/arm/lib/libpico.a(time.o)
 .text.timer_pool_entry_comparator
                0x100034f0       0x7c /home/pi/github/inferno-os/Pico/arm/lib/libpico.a(time.o)
                0x100034f0                timer_pool_entry_comparator
 .text.ph_add_child_node
                0x1000356c       0xa4 /home/pi/github/inferno-os/Pico/arm/lib/libpico.a(time.o)
 .text.ph_merge_nodes
                0x10003610       0x3a /home/pi/github/inferno-os/Pico/arm/lib/libpico.a(time.o)
 *fill*         0x1000364a        0x2 
 .text.add_alarm_under_lock
                0x1000364c      0x180 /home/pi/github/inferno-os/Pico/arm/lib/libpico.a(time.o)
 .text.alarm_pool_alarm_callback
                0x100037cc      0x344 /home/pi/github/inferno-os/Pico/arm/lib/libpico.a(time.o)
 .text.alarm_pool_init_default
                0x10003b10       0x38 /home/pi/github/inferno-os/Pico/arm/lib/libpico.a(time.o)
                0x10003b10                alarm_pool_init_default
 .text.alarm_pool_get_default
                0x10003b48       0x2c /home/pi/github/inferno-os/Pico/arm/lib/libpico.a(time.o)
                0x10003b48                alarm_pool_get_default
 .text.alarm_pool_add_alarm_at
                0x10003b74      0x168 /home/pi/github/inferno-os/Pico/arm/lib/libpico.a(time.o)
                0x10003b74                alarm_pool_add_alarm_at
 .text.sleep_until
                0x10003cdc       0xfc /home/pi/github/inferno-os/Pico/arm/lib/libpico.a(time.o)
                0x10003cdc                sleep_until
 .text.sleep_us
                0x10003dd8       0x54 /home/pi/github/inferno-os/Pico/arm/lib/libpico.a(time.o)
                0x10003dd8                sleep_us
 .text.sleep_ms
                0x10003e2c       0x14 /home/pi/github/inferno-os/Pico/arm/lib/libpico.a(time.o)
                0x10003e2c                sleep_ms
 .text.hardware_alarm_irq_handler
                0x10003e40       0x8c /home/pi/github/inferno-os/Pico/arm/lib/libpico.a(timer.o)
 .text.hardware_alarm_claim
                0x10003ecc       0x18 /home/pi/github/inferno-os/Pico/arm/lib/libpico.a(timer.o)
                0x10003ecc                hardware_alarm_claim
 .text.time_us_64
                0x10003ee4       0x18 /home/pi/github/inferno-os/Pico/arm/lib/libpico.a(timer.o)
                0x10003ee4                time_us_64
 .text.busy_wait_until
                0x10003efc       0x28 /home/pi/github/inferno-os/Pico/arm/lib/libpico.a(timer.o)
                0x10003efc                busy_wait_until
 .text.hardware_alarm_set_callback
                0x10003f24       0x90 /home/pi/github/inferno-os/Pico/arm/lib/libpico.a(timer.o)
                0x10003f24                hardware_alarm_set_callback
 .text.hardware_alarm_set_target
                0x10003fb4       0xe8 /home/pi/github/inferno-os/Pico/arm/lib/libpico.a(timer.o)
                0x10003fb4                hardware_alarm_set_target
 .text.hardware_alarm_cancel
                0x1000409c       0x40 /home/pi/github/inferno-os/Pico/arm/lib/libpico.a(timer.o)
                0x1000409c                hardware_alarm_cancel
 .text.uart_set_baudrate
                0x100040dc       0x5c /home/pi/github/inferno-os/Pico/arm/lib/libpico.a(uart.o)
                0x100040dc                uart_set_baudrate
 .text.uart_set_translate_crlf
                0x10004138       0x28 /home/pi/github/inferno-os/Pico/arm/lib/libpico.a(uart.o)
                0x10004138                uart_set_translate_crlf
 .text.uart_init
                0x10004160       0x84 /home/pi/github/inferno-os/Pico/arm/lib/libpico.a(uart.o)
                0x10004160                uart_init
 .text.__aeabi_lmul
                0x100041e4       0x32 /home/pi/github/inferno-os/Pico/arm/lib/libpico.a(pico_int64_ops_aeabi.o)
                0x100041e4                __wrap___aeabi_lmul
 .text.rom_func_lookup
                0x10004216       0x10 /home/pi/github/inferno-os/Pico/arm/lib/libpico.a(bootrom.o)
                0x10004216                rom_func_lookup
 .text.rom_funcs_lookup
                0x10004226       0x36 /home/pi/github/inferno-os/Pico/arm/lib/libpico.a(bootrom.o)
                0x10004226                rom_funcs_lookup
 .text.hw_claim_lock
                0x1000425c       0x18 /home/pi/github/inferno-os/Pico/arm/lib/libpico.a(claim.o)
                0x1000425c                hw_claim_lock
 .text.hw_claim_unlock
                0x10004274       0x14 /home/pi/github/inferno-os/Pico/arm/lib/libpico.a(claim.o)
                0x10004274                hw_claim_unlock
 .text.hw_claim_or_assert
                0x10004288       0x32 /home/pi/github/inferno-os/Pico/arm/lib/libpico.a(claim.o)
                0x10004288                hw_claim_or_assert
 *fill*         0x100042ba        0x2 
 .text.clock_configure
                0x100042bc       0xfc /home/pi/github/inferno-os/Pico/arm/lib/libpico.a(clocks.o)
                0x100042bc                clock_configure
 .text.clocks_init
                0x100043b8      0x100 /home/pi/github/inferno-os/Pico/arm/lib/libpico.a(clocks.o)
                0x100043b8                clocks_init
 .text.clock_get_hz
                0x100044b8        0xc /home/pi/github/inferno-os/Pico/arm/lib/libpico.a(clocks.o)
                0x100044b8                clock_get_hz
 .text.gpio_set_function
                0x100044c4       0x30 /home/pi/github/inferno-os/Pico/arm/lib/libpico.a(gpio.o)
                0x100044c4                gpio_set_function
 .text.set_raw_irq_handler_and_unlock
                0x100044f4       0x28 /home/pi/github/inferno-os/Pico/arm/lib/libpico.a(irq.o)
 .text.make_branch
                0x1000451c       0x34 /home/pi/github/inferno-os/Pico/arm/lib/libpico.a(irq.o)
 .text.insert_branch_and_link
                0x10004550       0x40 /home/pi/github/inferno-os/Pico/arm/lib/libpico.a(irq.o)
 .text.irq_is_enabled
                0x10004590       0x18 /home/pi/github/inferno-os/Pico/arm/lib/libpico.a(irq.o)
                0x10004590                irq_is_enabled
 .text.irq_set_mask_enabled
                0x100045a8       0x20 /home/pi/github/inferno-os/Pico/arm/lib/libpico.a(irq.o)
                0x100045a8                irq_set_mask_enabled
 .text.irq_set_enabled
                0x100045c8        0xe /home/pi/github/inferno-os/Pico/arm/lib/libpico.a(irq.o)
                0x100045c8                irq_set_enabled
 *fill*         0x100045d6        0x2 
 .text.irq_get_vtable_handler
                0x100045d8       0x10 /home/pi/github/inferno-os/Pico/arm/lib/libpico.a(irq.o)
                0x100045d8                irq_get_vtable_handler
 .text.irq_set_exclusive_handler
                0x100045e8       0x54 /home/pi/github/inferno-os/Pico/arm/lib/libpico.a(irq.o)
                0x100045e8                irq_set_exclusive_handler
 .text.irq_remove_handler
                0x1000463c      0x1b4 /home/pi/github/inferno-os/Pico/arm/lib/libpico.a(irq.o)
                0x1000463c                irq_remove_handler
 .text.irq_add_tail_to_free_list
                0x100047f0       0xf0 /home/pi/github/inferno-os/Pico/arm/lib/libpico.a(irq.o)
                0x100047f0                irq_add_tail_to_free_list
 .text.irq_init_priorities
                0x100048e0       0x1c /home/pi/github/inferno-os/Pico/arm/lib/libpico.a(irq.o)
                0x100048e0                irq_init_priorities
 .text.lock_init
                0x100048fc       0x10 /home/pi/github/inferno-os/Pico/arm/lib/libpico.a(lock_core.o)
                0x100048fc                lock_init
 .text.mutex_init
                0x1000490c       0x1a /home/pi/github/inferno-os/Pico/arm/lib/libpico.a(mutex.o)
                0x1000490c                mutex_init
 .text.recursive_mutex_init
                0x10004926       0x1e /home/pi/github/inferno-os/Pico/arm/lib/libpico.a(mutex.o)
                0x10004926                recursive_mutex_init
 .text.ph_add_child_node
                0x10004944       0xa4 /home/pi/github/inferno-os/Pico/arm/lib/libpico.a(pheap.o)
 .text.ph_merge_nodes
                0x100049e8       0x3a /home/pi/github/inferno-os/Pico/arm/lib/libpico.a(pheap.o)
 *fill*         0x10004a22        0x2 
 .text.ph_clear
                0x10004a24       0x70 /home/pi/github/inferno-os/Pico/arm/lib/libpico.a(pheap.o)
                0x10004a24                ph_clear
 .text.ph_post_alloc_init
                0x10004a94        0xe /home/pi/github/inferno-os/Pico/arm/lib/libpico.a(pheap.o)
                0x10004a94                ph_post_alloc_init
 *fill*         0x10004aa2        0x2 
 .text.ph_merge_two_pass
                0x10004aa4       0xac /home/pi/github/inferno-os/Pico/arm/lib/libpico.a(pheap.o)
                0x10004aa4                ph_merge_two_pass
 .text.ph_remove_any_head
                0x10004b50      0x108 /home/pi/github/inferno-os/Pico/arm/lib/libpico.a(pheap.o)
 .text.ph_remove_head
                0x10004c58       0x14 /home/pi/github/inferno-os/Pico/arm/lib/libpico.a(pheap.o)
                0x10004c58                ph_remove_head
 .text.ph_remove_and_free_node
                0x10004c6c       0xf8 /home/pi/github/inferno-os/Pico/arm/lib/libpico.a(pheap.o)
                0x10004c6c                ph_remove_and_free_node
 .text.running_on_fpga
                0x10004d64       0x14 /home/pi/github/inferno-os/Pico/arm/lib/libpico.a(platform.o)
                0x10004d64                running_on_fpga
 .text.pll_init
                0x10004d78      0x118 /home/pi/github/inferno-os/Pico/arm/lib/libpico.a(pll.o)
                0x10004d78                pll_init
 .text._out_null
                0x10004e90        0x2 /home/pi/github/inferno-os/Pico/arm/lib/libpico.a(printf.o)
 .text._out_fct
                0x10004e92        0xe /home/pi/github/inferno-os/Pico/arm/lib/libpico.a(printf.o)
 .text._atoi    0x10004ea0       0x24 /home/pi/github/inferno-os/Pico/arm/lib/libpico.a(printf.o)
 .text._out_rev
                0x10004ec4       0x8c /home/pi/github/inferno-os/Pico/arm/lib/libpico.a(printf.o)
 .text._ntoa_format
                0x10004f50      0x112 /home/pi/github/inferno-os/Pico/arm/lib/libpico.a(printf.o)
 .text._ntoa_long
                0x10005062       0x9e /home/pi/github/inferno-os/Pico/arm/lib/libpico.a(printf.o)
 .text._ntoa_long_long
                0x10005100       0xe2 /home/pi/github/inferno-os/Pico/arm/lib/libpico.a(printf.o)
 *fill*         0x100051e2        0x2 
 .text._etoa    0x100051e4      0x424 /home/pi/github/inferno-os/Pico/arm/lib/libpico.a(printf.o)
 .text._ftoa    0x10005608      0x340 /home/pi/github/inferno-os/Pico/arm/lib/libpico.a(printf.o)
 .text._vsnprintf
                0x10005948      0x640 /home/pi/github/inferno-os/Pico/arm/lib/libpico.a(printf.o)
 .text.vfctprintf
                0x10005f88       0x20 /home/pi/github/inferno-os/Pico/arm/lib/libpico.a(printf.o)
                0x10005f88                vfctprintf
 .text.watchdog_start_tick
                0x10005fa8       0x10 /home/pi/github/inferno-os/Pico/arm/lib/libpico.a(watchdog.o)
                0x10005fa8                watchdog_start_tick
 .text.xosc_init
                0x10005fb8       0x28 /home/pi/github/inferno-os/Pico/arm/lib/libpico.a(xosc.o)
                0x10005fb8                xosc_init
 .text          0x10005fe0       0x9c /usr/lib/gcc/arm-none-eabi/7.3.1/../../../arm-none-eabi/lib/thumb/v6-m/libg.a(lib_a-memmove.o)
                0x10005fe0                memmove
 .text          0x1000607c       0xd4 /usr/lib/gcc/arm-none-eabi/7.3.1/../../../arm-none-eabi/lib/thumb/v6-m/libg.a(lib_a-strchr.o)
                0x1000607c                strchr
 *(.fini)
 .fini          0x10006150        0x4 /usr/lib/gcc/arm-none-eabi/7.3.1/thumb/v6-m/crti.o
                0x10006150                _fini
 *fill*         0x10006154        0x4 
 .fini.__stub   0x10006158       0x50 linker stubs
 *crtbegin.o(.ctors)
 *crtbegin?.o(.ctors)
 *(EXCLUDE_FILE(*crtend.o *crtend?.o) .ctors)
 *(SORT_BY_NAME(.ctors.*))
 *(.ctors)
 *crtbegin.o(.dtors)
 *crtbegin?.o(.dtors)
 *(EXCLUDE_FILE(*crtend.o *crtend?.o) .dtors)
 *(SORT_BY_NAME(.dtors.*))
 *(.dtors)
 *(.eh_frame*)
 .eh_frame      0x100061a8        0x0 /usr/lib/gcc/arm-none-eabi/7.3.1/thumb/v6-m/crtbegin.o
                0x100061a8                . = ALIGN (0x4)

.glue_7         0x100061a8        0x0
 .glue_7        0x100061a8        0x0 linker stubs

.glue_7t        0x100061a8        0x0
 .glue_7t       0x100061a8        0x0 linker stubs

.vfp11_veneer   0x100061a8        0x0
 .vfp11_veneer  0x100061a8        0x0 linker stubs

.v4_bx          0x100061a8        0x0
 .v4_bx         0x100061a8        0x0 linker stubs

.iplt           0x100061a8        0x0
 .iplt          0x100061a8        0x0 /usr/lib/gcc/arm-none-eabi/7.3.1/thumb/v6-m/crtbegin.o

.rodata         0x100061a8     0x1018
 *(EXCLUDE_FILE(*libm.a: *libc.a:*lib_a-mem*.o *libgcc.a:) .rodata*)
 .rodata.main.str1.4
                0x100061a8        0xe main.o
 *fill*         0x100061b6        0x2 
 .rodata.panic.str1.4
                0x100061b8        0x8 devcons.o
 .rodata._auditmemloc.str1.4
                0x100061c0       0xd9 alloc.o
 *fill*         0x10006299        0x3 
 .rodata._poolfault.str1.4
                0x1000629c       0x19 alloc.o
 *fill*         0x100062b5        0x3 
 .rodata.corrupted.str1.4
                0x100062b8       0x3d alloc.o
 *fill*         0x100062f5        0x3 
 .rodata.dumpvl.str1.4
                0x100062f8       0x1e alloc.o
                                 0x22 (size before relaxing)
 *fill*         0x10006316        0x2 
 .rodata.poolalloc.str1.4
                0x10006318       0x52 alloc.o
 *fill*         0x1000636a        0x2 
 .rodata.poolcompact.str1.4
                0x1000636c       0x21 alloc.o
 *fill*         0x1000638d        0x3 
 .rodata.poolimmutable.str1.4
                0x10006390        0xa alloc.o
 *fill*         0x1000639a        0x2 
 .rodata.str1.4
                0x1000639c       0x16 alloc.o
 *fill*         0x100063b2        0x2 
 .rodata.allocb.str1.4
                0x100063b4        0x7 allocb.o
 *fill*         0x100063bb        0x1 
 .rodata.kstrcpy.str1.4
                0x100063bc        0x4 chan.o
 .rodata.error.str1.4
                0x100063c0       0x31 proc.o
 *fill*         0x100063f1        0x3 
 .rodata.exhausted.str1.4
                0x100063f4        0xb proc.o
                                 0x10 (size before relaxing)
 *fill*         0x100063ff        0x1 
 .rodata.runproc.str1.4
                0x10006400       0x14 proc.o
 .rodata.sleep.str1.4
                0x10006414       0x52 proc.o
 *fill*         0x10006466        0x2 
 .rodata.str1.4
                0x10006468       0x5b proc.o
 *fill*         0x100064c3        0x1 
 .rodata.wakeup.str1.4
                0x100064c4        0xe proc.o
 *fill*         0x100064d2        0x2 
 .rodata.ilock.str1.4
                0x100064d4       0x3c taslock.o
 .rodata.iunlock.str1.4
                0x10006510       0x1e taslock.o
 *fill*         0x1000652e        0x2 
 .rodata.lockloop.str1.4
                0x10006530       0x45 taslock.o
 *fill*         0x10006575        0x3 
 .rodata.unlock.str1.4
                0x10006578       0x1d taslock.o
 *fill*         0x10006595        0x3 
 .rodata        0x10006598       0x84 /home/pi/github/inferno-os/Pico/arm/lib/libkern.a(dofmt.o)
 .rodata.str1.4
                0x1000661c       0x2d /home/pi/github/inferno-os/Pico/arm/lib/libkern.a(dofmt.o)
 *fill*         0x10006649        0x3 
 .rodata        0x1000664c       0xe8 /home/pi/github/inferno-os/Pico/arm/lib/libkern.a(fmt.o)
 .rodata.__assert_func.str1.4
                0x10006734       0x3f /home/pi/github/inferno-os/Pico/arm/lib/libpico.a(runtime.o)
                                 0x43 (size before relaxing)
 *fill*         0x10006773        0x1 
 .rodata.__func__.4790
                0x10006774        0xd /home/pi/github/inferno-os/Pico/arm/lib/libpico.a(runtime.o)
 *fill*         0x10006781        0x3 
 .rodata.runtime_init.str1.4
                0x10006784       0x2a /home/pi/github/inferno-os/Pico/arm/lib/libpico.a(runtime.o)
 *fill*         0x100067ae        0x2 
 .rodata.crlf_str.5184
                0x100067b0        0x2 /home/pi/github/inferno-os/Pico/arm/lib/libpico.a(stdio.o)
 *fill*         0x100067b2        0x2 
 .rodata.__bi_28.4712
                0x100067b4        0xc /home/pi/github/inferno-os/Pico/arm/lib/libpico.a(stdio_uart.o)
 .rodata.__bi_29.4716
                0x100067c0        0x8 /home/pi/github/inferno-os/Pico/arm/lib/libpico.a(stdio_uart.o)
 .rodata.str1.4
                0x100067c8       0x2c /home/pi/github/inferno-os/Pico/arm/lib/libpico.a(stdio_uart.o)
 .rodata.__func__.4241
                0x100067f4       0x15 /home/pi/github/inferno-os/Pico/arm/lib/libpico.a(time.o)
 *fill*         0x10006809        0x3 
 .rodata.__func__.5158
                0x1000680c        0xc /home/pi/github/inferno-os/Pico/arm/lib/libpico.a(time.o)
 .rodata.__func__.5165
                0x10006818       0x12 /home/pi/github/inferno-os/Pico/arm/lib/libpico.a(time.o)
 *fill*         0x1000682a        0x2 
 .rodata.__func__.5181
                0x1000682c        0xf /home/pi/github/inferno-os/Pico/arm/lib/libpico.a(time.o)
 *fill*         0x1000683b        0x1 
 .rodata.__func__.5203
                0x1000683c        0xd /home/pi/github/inferno-os/Pico/arm/lib/libpico.a(time.o)
 *fill*         0x10006849        0x3 
 .rodata.__func__.5332
                0x1000684c        0xa /home/pi/github/inferno-os/Pico/arm/lib/libpico.a(time.o)
 *fill*         0x10006856        0x2 
 .rodata.__func__.5337
                0x10006858       0x12 /home/pi/github/inferno-os/Pico/arm/lib/libpico.a(time.o)
 *fill*         0x1000686a        0x2 
 .rodata.__func__.5352
                0x1000686c       0x17 /home/pi/github/inferno-os/Pico/arm/lib/libpico.a(time.o)
 *fill*         0x10006883        0x1 
 .rodata.__func__.5363
                0x10006884       0x15 /home/pi/github/inferno-os/Pico/arm/lib/libpico.a(time.o)
 *fill*         0x10006899        0x3 
 .rodata.__func__.5380
                0x1000689c       0x1a /home/pi/github/inferno-os/Pico/arm/lib/libpico.a(time.o)
 *fill*         0x100068b6        0x2 
 .rodata.add_alarm_under_lock.str1.4
                0x100068b8       0x28 /home/pi/github/inferno-os/Pico/arm/lib/libpico.a(time.o)
                                 0x2b (size before relaxing)
 .rodata.alarm_pool_alarm_callback.str1.4
                0x100068e0       0xca /home/pi/github/inferno-os/Pico/arm/lib/libpico.a(time.o)
 *fill*         0x100069aa        0x2 
 .rodata.alarm_pool_dump_key.str1.4
                0x100069ac       0x33 /home/pi/github/inferno-os/Pico/arm/lib/libpico.a(time.o)
 *fill*         0x100069df        0x1 
 .rodata.alarm_pool_get_default.str1.4
                0x100069e0       0x21 /home/pi/github/inferno-os/Pico/arm/lib/libpico.a(time.o)
 *fill*         0x10006a01        0x3 
 .rodata.ph_add_child_node.str1.4
                0x10006a04       0x76 /home/pi/github/inferno-os/Pico/arm/lib/libpico.a(time.o)
 *fill*         0x10006a7a        0x2 
 .rodata.repeating_timer_callback.str1.4
                0x10006a7c       0x1b /home/pi/github/inferno-os/Pico/arm/lib/libpico.a(time.o)
 *fill*         0x10006a97        0x1 
 .rodata.sleep_until.str1.4
                0x10006a98       0x4d /home/pi/github/inferno-os/Pico/arm/lib/libpico.a(time.o)
 *fill*         0x10006ae5        0x3 
 .rodata.__func__.4519
                0x10006ae8       0x1a /home/pi/github/inferno-os/Pico/arm/lib/libpico.a(timer.o)
 *fill*         0x10006b02        0x2 
 .rodata.hardware_alarm_claim.str1.4
                0x10006b04       0x22 /home/pi/github/inferno-os/Pico/arm/lib/libpico.a(timer.o)
 *fill*         0x10006b26        0x2 
 .rodata.hardware_alarm_set_target.str1.4
                0x10006b28       0x2c /home/pi/github/inferno-os/Pico/arm/lib/libpico.a(timer.o)
 .rodata.__func__.4648
                0x10006b54       0x10 /home/pi/github/inferno-os/Pico/arm/lib/libpico.a(clocks.o)
 .rodata.clock_configure.str1.4
                0x10006b64       0x1d /home/pi/github/inferno-os/Pico/arm/lib/libpico.a(clocks.o)
 *fill*         0x10006b81        0x3 
 .rodata.__func__.4702
                0x10006b84       0x1a /home/pi/github/inferno-os/Pico/arm/lib/libpico.a(irq.o)
 *fill*         0x10006b9e        0x2 
 .rodata.__func__.4716
                0x10006ba0        0xc /home/pi/github/inferno-os/Pico/arm/lib/libpico.a(irq.o)
 .rodata.__func__.4724
                0x10006bac       0x17 /home/pi/github/inferno-os/Pico/arm/lib/libpico.a(irq.o)
 *fill*         0x10006bc3        0x1 
 .rodata.__func__.4728
                0x10006bc4        0xf /home/pi/github/inferno-os/Pico/arm/lib/libpico.a(irq.o)
 *fill*         0x10006bd3        0x1 
 .rodata.__func__.4767
                0x10006bd4       0x13 /home/pi/github/inferno-os/Pico/arm/lib/libpico.a(irq.o)
 *fill*         0x10006be7        0x1 
 .rodata.__func__.4790
                0x10006be8       0x1a /home/pi/github/inferno-os/Pico/arm/lib/libpico.a(irq.o)
 *fill*         0x10006c02        0x2 
 .rodata.irq_add_shared_handler.str1.4
                0x10006c04       0xd9 /home/pi/github/inferno-os/Pico/arm/lib/libpico.a(irq.o)
 *fill*         0x10006cdd        0x3 
 .rodata.irq_add_tail_to_free_list.str1.4
                0x10006ce0       0x3a /home/pi/github/inferno-os/Pico/arm/lib/libpico.a(irq.o)
 *fill*         0x10006d1a        0x2 
 .rodata.irq_remove_handler.str1.4
                0x10006d1c       0x2a /home/pi/github/inferno-os/Pico/arm/lib/libpico.a(irq.o)
 *fill*         0x10006d46        0x2 
 .rodata.irq_set_exclusive_handler.str1.4
                0x10006d48       0x36 /home/pi/github/inferno-os/Pico/arm/lib/libpico.a(irq.o)
 *fill*         0x10006d7e        0x2 
 .rodata.make_branch.str1.4
                0x10006d80       0x16 /home/pi/github/inferno-os/Pico/arm/lib/libpico.a(irq.o)
 *fill*         0x10006d96        0x2 
 .rodata.__func__.4660
                0x10006d98        0xb /home/pi/github/inferno-os/Pico/arm/lib/libpico.a(mutex.o)
 *fill*         0x10006da3        0x1 
 .rodata.str1.4
                0x10006da4       0x59 /home/pi/github/inferno-os/Pico/arm/lib/libpico.a(mutex.o)
                                 0xa1 (size before relaxing)
 *fill*         0x10006dfd        0x3 
 .rodata.__func__.4859
                0x10006e00        0xc /home/pi/github/inferno-os/Pico/arm/lib/libpico.a(pheap.o)
 .rodata.__func__.4866
                0x10006e0c       0x12 /home/pi/github/inferno-os/Pico/arm/lib/libpico.a(pheap.o)
 *fill*         0x10006e1e        0x2 
 .rodata.__func__.4952
                0x10006e20       0x13 /home/pi/github/inferno-os/Pico/arm/lib/libpico.a(pheap.o)
 *fill*         0x10006e33        0x1 
 .rodata.__func__.4970
                0x10006e34       0x18 /home/pi/github/inferno-os/Pico/arm/lib/libpico.a(pheap.o)
 .rodata.ph_add_child_node.str1.4
                0x10006e4c       0x76 /home/pi/github/inferno-os/Pico/arm/lib/libpico.a(pheap.o)
 .rodata.ph_remove_and_free_node.str1.4
                0x10006e4c       0x1e /home/pi/github/inferno-os/Pico/arm/lib/libpico.a(pheap.o)
                                 0x26 (size before relaxing)
 *fill*         0x10006e6a        0x2 
 .rodata.ph_remove_any_head.str1.4
                0x10006e6c       0x5c /home/pi/github/inferno-os/Pico/arm/lib/libpico.a(pheap.o)
 .rodata.__func__.4368
                0x10006ec8        0x9 /home/pi/github/inferno-os/Pico/arm/lib/libpico.a(pll.o)
 *fill*         0x10006ed1        0x3 
 .rodata.pll_init.str1.4
                0x10006ed4       0xa3 /home/pi/github/inferno-os/Pico/arm/lib/libpico.a(pll.o)
 *fill*         0x10006f77        0x1 
 .rodata._vsnprintf
                0x10006f78      0x1e0 /home/pi/github/inferno-os/Pico/arm/lib/libpico.a(printf.o)
 .rodata._ftoa.str1.4
                0x10007158       0x18 /home/pi/github/inferno-os/Pico/arm/lib/libpico.a(printf.o)
                                 0x15 (size before relaxing)
 .rodata.pow10.5122
                0x10007170       0x50 /home/pi/github/inferno-os/Pico/arm/lib/libpico.a(printf.o)
                0x100071c0                . = ALIGN (0x4)
 *(SORT_BY_ALIGNMENT(SORT_BY_NAME(.flashdata*)))
                0x100071c0                . = ALIGN (0x4)

.rel.dyn        0x100071c0        0x0
 .rel.iplt      0x100071c0        0x0 /usr/lib/gcc/arm-none-eabi/7.3.1/thumb/v6-m/crtbegin.o

.ARM.extab
 *(.ARM.extab* .gnu.linkonce.armextab.*)
                0x100071c0                __exidx_start = .

.ARM.exidx
 *(.ARM.exidx* .gnu.linkonce.armexidx.*)
                0x100071c0                __exidx_end = .
                0x100071c0                . = ALIGN (0x4)
                0x100071c0                __binary_info_start = .

.binary_info    0x100071c0        0x8
 *(.binary_info.keep.*)
 *(.binary_info.*)
 .binary_info.__bi_ptr28
                0x100071c0        0x4 /home/pi/github/inferno-os/Pico/arm/lib/libpico.a(stdio_uart.o)
 .binary_info.__bi_ptr29
                0x100071c4        0x4 /home/pi/github/inferno-os/Pico/arm/lib/libpico.a(stdio_uart.o)
                0x100071c8                __binary_info_end = .
                0x100071c8                . = ALIGN (0x4)
                0x100071c8                __etext = .

.ram_vector_table
                0x20000000       0xc0
 *(.ram_vector_table)
 .ram_vector_table
                0x20000000       0xc0 /home/pi/github/inferno-os/Pico/arm/lib/libpico.a(runtime.o)
                0x20000000                ram_vector_table

.data           0x200000c0      0x530 load address 0x100071c8
                0x200000c0                __data_start__ = .
 *(vtable)
 *(.time_critical*)
 .time_critical.mutex_enter_blocking
                0x200000c0       0x48 /home/pi/github/inferno-os/Pico/arm/lib/libpico.a(mutex.o)
                0x200000c0                mutex_enter_blocking
 .time_critical.mutex_try_enter
                0x20000108       0x48 /home/pi/github/inferno-os/Pico/arm/lib/libpico.a(mutex.o)
                0x20000108                mutex_try_enter
 .time_critical.mutex_exit
                0x20000150       0x4c /home/pi/github/inferno-os/Pico/arm/lib/libpico.a(mutex.o)
                0x20000150                mutex_exit
 *(.text*)
 .text          0x2000019c        0x4 /usr/lib/gcc/arm-none-eabi/7.3.1/thumb/v6-m/libgcc.a(_dvmd_tls.o)
                0x2000019c                __aeabi_ldiv0
                0x2000019c                __aeabi_idiv0
 .text.__stub   0x200001a0       0x10 linker stubs
                0x200001b0                . = ALIGN (0x4)
 *(.rodata*)
                0x200001b0                . = ALIGN (0x4)
 *(.data*)
 .data.auditmemloc
                0x200001b0        0x4 alloc.o
                0x200001b0                auditmemloc
 .data.mainmem  0x200001b4        0x4 alloc.o
                0x200001b4                mainmem
 .data.poolfault
                0x200001b8        0x4 alloc.o
                0x200001b8                poolfault
 .data.table    0x200001bc      0x2a4 alloc.o
 .data.Eintr    0x20000460        0xc proc.o
                0x20000460                Eintr
 .data.statename
                0x2000046c       0x28 proc.o
                0x2000046c                statename
 .data.consoleprint
                0x20000494        0x4 pico.o
                0x20000494                consoleprint
 .data          0x20000498       0xb0 /home/pi/github/inferno-os/Pico/arm/lib/libkern.a(fmt.o)
 .data.aeabi_mem_funcs
                0x20000548       0x10 /home/pi/github/inferno-os/Pico/arm/lib/libpico.a(mem_ops_aeabi.o)
                0x20000548                aeabi_mem_funcs
                0x20000558                aeabi_mem_funcs_end
 .data.stdio_uart
                0x20000558       0x14 /home/pi/github/inferno-os/Pico/arm/lib/libpico.a(stdio_uart.o)
                0x20000558                stdio_uart
 .data.striped_spin_lock_num
                0x2000056c        0x1 /home/pi/github/inferno-os/Pico/arm/lib/libpico.a(sync.o)
 *fill*         0x2000056d        0x3 
 .data.default_alarm_pool
                0x20000570       0x18 /home/pi/github/inferno-os/Pico/arm/lib/libpico.a(time.o)
 .data.default_alarm_pool_heap
                0x20000588       0x10 /home/pi/github/inferno-os/Pico/arm/lib/libpico.a(time.o)
 .data          0x20000598       0x48 /home/pi/github/inferno-os/Pico/arm/lib/libpico.a(irq_handler_chain.o)
                0x20000598                irq_handler_chain_slots
                0x200005c8                irq_handler_chain_first_slot
                0x200005d2                irq_handler_chain_remove_tail
                0x200005e0                . = ALIGN (0x4)
 *(.after_data.*)
                0x200005e0                . = ALIGN (0x4)
                0x200005e0                PROVIDE (__mutex_array_start = .)
 *(SORT_BY_NAME(.mutex_array.*))
 *(.mutex_array)
 .mutex_array   0x200005e0        0x8 /home/pi/github/inferno-os/Pico/arm/lib/libpico.a(stdio.o)
                0x200005e8                PROVIDE (__mutex_array_end = .)
                0x200005e8                . = ALIGN (0x4)
                0x200005e8                PROVIDE (__preinit_array_start = .)
 *(SORT_BY_NAME(.preinit_array.*))
 .preinit_array.00001
                0x200005e8        0x4 /home/pi/github/inferno-os/Pico/arm/lib/libpico.a(mem_ops_aeabi.o)
 *(.preinit_array)
                0x200005ec                PROVIDE (__preinit_array_end = .)
                0x200005ec                . = ALIGN (0x4)
                0x200005ec                PROVIDE (__init_array_start = .)
 *(SORT_BY_NAME(.init_array.*))
 *(.init_array)
 .init_array    0x200005ec        0x4 /usr/lib/gcc/arm-none-eabi/7.3.1/thumb/v6-m/crtbegin.o
                0x200005f0                PROVIDE (__init_array_end = .)
                0x200005f0                . = ALIGN (0x4)
                0x200005f0                PROVIDE (__fini_array_start = .)
 *(SORT_BY_NAME(.fini_array.*))
 *(.fini_array)
                0x200005f0                PROVIDE (__fini_array_end = .)
 *(.jcr)
                0x200005f0                . = ALIGN (0x4)
                0x200005f0                __data_end__ = .

.tm_clone_table
                0x200005f0        0x0 load address 0x100076f8
 .tm_clone_table
                0x200005f0        0x0 /usr/lib/gcc/arm-none-eabi/7.3.1/thumb/v6-m/crtbegin.o
 .tm_clone_table
                0x200005f0        0x0 /usr/lib/gcc/arm-none-eabi/7.3.1/thumb/v6-m/crtend.o

.igot.plt       0x200005f0        0x0 load address 0x100076f8
 .igot.plt      0x200005f0        0x0 /usr/lib/gcc/arm-none-eabi/7.3.1/thumb/v6-m/crtbegin.o

.uninitialized_data
                0x200005f0        0x0 load address 0x100076f8
                0x200005f0                . = ALIGN (0x4)
 *(.uninitialized_data*)

.scratch_x      0x20040000        0x0 load address 0x100076f8
                0x20040000                __scratch_x_start__ = .
 *(.scratch_x.*)
                0x20040000                . = ALIGN (0x4)
                0x20040000                __scratch_x_end__ = .
                0x100076f8                __scratch_x_source__ = LOADADDR (.scratch_x)

.scratch_y      0x20041000        0x0 load address 0x100076f8
                0x20041000                __scratch_y_start__ = .
 *(.scratch_y.*)
                0x20041000                . = ALIGN (0x4)
                0x20041000                __scratch_y_end__ = .
                0x100076f8                __scratch_y_source__ = LOADADDR (.scratch_y)

.bss            0x200005f0     0x12f8
                0x200005f0                . = ALIGN (0x4)
                0x200005f0                __bss_start__ = .
 *(SORT_BY_ALIGNMENT(SORT_BY_NAME(.bss*)))
 .bss.default_alarm_pool_entries
                0x200005f0      0x100 /home/pi/github/inferno-os/Pico/arm/lib/libpico.a(time.o)
 .bss           0x200006f0       0x1c /usr/lib/gcc/arm-none-eabi/7.3.1/thumb/v6-m/crtbegin.o
 .bss.alarm_callbacks
                0x2000070c       0x10 /home/pi/github/inferno-os/Pico/arm/lib/libpico.a(timer.o)
 .bss.configured_freq
                0x2000071c       0x28 /home/pi/github/inferno-os/Pico/arm/lib/libpico.a(clocks.o)
 .bss.default_alarm_pool_entry_ids_high
                0x20000744       0x10 /home/pi/github/inferno-os/Pico/arm/lib/libpico.a(time.o)
 .bss.default_alarm_pool_heap_nodes
                0x20000754       0x30 /home/pi/github/inferno-os/Pico/arm/lib/libpico.a(time.o)
 .bss.drivers   0x20000784        0x4 /home/pi/github/inferno-os/Pico/arm/lib/libpico.a(stdio.o)
 .bss.filter    0x20000788        0x4 /home/pi/github/inferno-os/Pico/arm/lib/libpico.a(stdio.o)
 .bss.fmtl      0x2000078c       0x10 print.o
 .bss.kbd       0x2000079c      0x43c devcons.o
 .bss.kprintq   0x20000bd8       0x50 devcons.o
 .bss.occupied  0x20000c28        0x4 proc.o
 .bss.pools     0x20000c2c       0x10 /home/pi/github/inferno-os/Pico/arm/lib/libpico.a(time.o)
 .bss.runq      0x20000c3c      0x108 proc.o
 .bss.sleep_notifier
                0x20000d44        0x4 /home/pi/github/inferno-os/Pico/arm/lib/libpico.a(time.o)
 .bss.target_hi
                0x20000d48       0x10 /home/pi/github/inferno-os/Pico/arm/lib/libpico.a(timer.o)
 .bss.uart_instance
                0x20000d58        0x4 /home/pi/github/inferno-os/Pico/arm/lib/libpico.a(stdio_uart.o)
 .bss.xlists    0x20000d5c      0x818 xalloc.o
 .bss.claimed   0x20001574        0x1 /home/pi/github/inferno-os/Pico/arm/lib/libpico.a(timer.o)
 .bss.irq_hander_chain_free_slot_head
                0x20001575        0x1 /home/pi/github/inferno-os/Pico/arm/lib/libpico.a(irq.o)
 .bss.timer_callbacks_pending
                0x20001576        0x1 /home/pi/github/inferno-os/Pico/arm/lib/libpico.a(timer.o)
 *(COMMON)
 *fill*         0x20001577        0x1 
 COMMON         0x20001578       0x28 devroot.o
                0x20001578                proctrace
                0x2000157c                screenputs
                0x20001580                active
                0x20001598                serwrite
                0x2000159c                kproftick
 COMMON         0x200015a0       0x44 devcons.o
                0x200015a0                printq
                0x200015a4                kscanid
                0x200015a8                kbdq
                0x200015ac                klogq
                0x200015b0                kscanq
                0x200015b4                eve
                0x200015b8                grandomlk
                0x200015d4                sysname
                0x200015d8                boottime
                0x200015dc                lineq
                0x200015e0                iprintscreenputs
 COMMON         0x200015e4       0x14 allocb.o
                0x200015e4                ialloc
 COMMON         0x200015f8       0x78 dis.o
                0x200015f8                bflag
                0x20001600                gcidlepass
                0x20001608                gcbusy
                0x20001610                isched
                0x20001660                gcpartial
                0x20001668                gcidle
 COMMON         0x20001670       0x30 proc.o
                0x20001670                procalloc
                0x20001688                pidalloc
                0x2000169c                nrdy
 COMMON         0x200016a0        0x4 qio.o
                0x200016a0                noblockcnt
 *fill*         0x200016a4        0x4 
 COMMON         0x200016a8       0x34 /home/pi/github/inferno-os/Pico/arm/lib/libinterp.a(gc.o)
                0x200016a8                gcsweeps
                0x200016ac                gcnruns
                0x200016b0                gcdestroys
                0x200016b8                gcinspects
                0x200016c0                mflag
                0x200016c4                ptr
                0x200016c8                gchalted
                0x200016cc                nprop
                0x200016d0                gchalt
                0x200016d4                gcbroken
                0x200016d8                gcepochs
 COMMON         0x200016dc      0x208 /home/pi/github/inferno-os/Pico/arm/lib/libkern.a(fmt.o)
                0x200016dc                doquote
                0x200016e0                fmtalloc
 COMMON         0x200018e4        0x4 /home/pi/github/inferno-os/Pico/arm/lib/libpico.a(uart.o)
                0x200018e4                uart_char_to_line_feed
                0x200018e8                . = ALIGN (0x4)
                0x200018e8                __bss_end__ = .

.heap           0x200018e8      0x800
                0x200018e8                __end__ = .
                0x200018e8                end = __end__
 *(.heap*)
 .heap          0x200018e8      0x800 /home/pi/github/inferno-os/Pico/arm/lib/libpico.a(crt0.o)
                0x200020e8                __HeapLimit = .

.stack1_dummy   0x20040000        0x0
 *(.stack1*)

.stack_dummy    0x20041000      0x800
 *(.stack*)
 .stack         0x20041000      0x800 /home/pi/github/inferno-os/Pico/arm/lib/libpico.a(crt0.o)

.flash_end      0x100076f8        0x0
                0x100076f8                __flash_binary_end = .
                0x20040000                __StackLimit = (ORIGIN (RAM) + LENGTH (RAM))
                0x20041000                __StackOneTop = (ORIGIN (SCRATCH_X) + LENGTH (SCRATCH_X))
                0x20042000                __StackTop = (ORIGIN (SCRATCH_Y) + LENGTH (SCRATCH_Y))
                0x20041000                __StackOneBottom = (__StackOneTop - SIZEOF (.stack1_dummy))
                0x20041800                __StackBottom = (__StackTop - SIZEOF (.stack_dummy))
                0x20042000                PROVIDE (__stack = __StackTop)
                0x00000001                ASSERT ((__StackLimit >= __HeapLimit), region RAM overflowed)
                0x00000001                ASSERT (((__binary_info_header_end - __logical_binary_start) <= 0x100), Binary info must be in first 256 bytes of the binary)
LOAD main.o
LOAD armv6.o
LOAD devroot.o
LOAD devcons.o
LOAD devenv.o
LOAD devmnt.o
LOAD devpipe.o
LOAD devprog.o
LOAD devsrv.o
LOAD devdup.o
LOAD alarm.o
LOAD alloc.o
LOAD allocb.o
LOAD chan.o
LOAD portclock.o
LOAD dev.o
LOAD dial.o
LOAD dis.o
LOAD discall.o
LOAD exception.o
LOAD exportfs.o
LOAD inferno.o
LOAD latin1.o
LOAD mul64fract.o
LOAD nocache.o
LOAD nodynld.o
LOAD parse.o
LOAD pgrp.o
LOAD print.o
LOAD proc.o
LOAD qio.o
LOAD qlock.o
LOAD random.o
LOAD sysfile.o
LOAD taslock.o
LOAD tod.o
LOAD xalloc.o
LOAD pico.root.o
LOAD pico.o
LOAD /home/pi/github/inferno-os/Pico/arm/lib/libinterp.a
LOAD /home/pi/github/inferno-os/Pico/arm/lib/libkeyring.a
LOAD /home/pi/github/inferno-os/Pico/arm/lib/libsec.a
LOAD /home/pi/github/inferno-os/Pico/arm/lib/libmath.a
LOAD /home/pi/github/inferno-os/Pico/arm/lib/libkern.a
LOAD /home/pi/github/inferno-os/Pico/arm/lib/libpico.a
LOAD /tmp/cca8dfbo.o
LOAD /usr/lib/gcc/arm-none-eabi/7.3.1/../../../arm-none-eabi/lib/thumb/v6-m/libstdc++.a
LOAD /usr/lib/gcc/arm-none-eabi/7.3.1/../../../arm-none-eabi/lib/thumb/v6-m/libm.a
START GROUP
LOAD /usr/lib/gcc/arm-none-eabi/7.3.1/thumb/v6-m/libgcc.a
LOAD /usr/lib/gcc/arm-none-eabi/7.3.1/../../../arm-none-eabi/lib/thumb/v6-m/libg.a
LOAD /usr/lib/gcc/arm-none-eabi/7.3.1/../../../arm-none-eabi/lib/thumb/v6-m/libc.a
END GROUP
START GROUP
LOAD /usr/lib/gcc/arm-none-eabi/7.3.1/thumb/v6-m/libgcc.a
LOAD /usr/lib/gcc/arm-none-eabi/7.3.1/../../../arm-none-eabi/lib/thumb/v6-m/libc.a
LOAD /usr/lib/gcc/arm-none-eabi/7.3.1/../../../arm-none-eabi/lib/thumb/v6-m/libnosys.a
END GROUP
LOAD /usr/lib/gcc/arm-none-eabi/7.3.1/thumb/v6-m/crtend.o
LOAD /usr/lib/gcc/arm-none-eabi/7.3.1/thumb/v6-m/crtn.o
OUTPUT(ipico elf32-littlearm)

.ARM.attributes
                0x00000000       0x31
 .ARM.attributes
                0x00000000       0x1e /usr/lib/gcc/arm-none-eabi/7.3.1/thumb/v6-m/crti.o
 .ARM.attributes
                0x0000001e       0x2c /usr/lib/gcc/arm-none-eabi/7.3.1/thumb/v6-m/crtbegin.o
 .ARM.attributes
                0x0000004a       0x32 main.o
 .ARM.attributes
                0x0000007c       0x22 armv6.o
 .ARM.attributes
                0x0000009e       0x32 devroot.o
 .ARM.attributes
                0x000000d0       0x32 devcons.o
 .ARM.attributes
                0x00000102       0x32 alloc.o
 .ARM.attributes
                0x00000134       0x32 allocb.o
 .ARM.attributes
                0x00000166       0x32 chan.o
 .ARM.attributes
                0x00000198       0x32 dis.o
 .ARM.attributes
                0x000001ca       0x32 print.o
 .ARM.attributes
                0x000001fc       0x32 proc.o
 .ARM.attributes
                0x0000022e       0x32 qio.o
 .ARM.attributes
                0x00000260       0x32 qlock.o
 .ARM.attributes
                0x00000292       0x32 taslock.o
 .ARM.attributes
                0x000002c4       0x32 xalloc.o
 .ARM.attributes
                0x000002f6       0x32 pico.o
 .ARM.attributes
                0x00000328       0x32 /home/pi/github/inferno-os/Pico/arm/lib/libinterp.a(gc.o)
 .ARM.attributes
                0x0000035a       0x32 /home/pi/github/inferno-os/Pico/arm/lib/libkern.a(dofmt.o)
 .ARM.attributes
                0x0000038c       0x32 /home/pi/github/inferno-os/Pico/arm/lib/libkern.a(fmt.o)
 .ARM.attributes
                0x000003be       0x32 /home/pi/github/inferno-os/Pico/arm/lib/libkern.a(memchr.o)
 .ARM.attributes
                0x000003f0       0x32 /home/pi/github/inferno-os/Pico/arm/lib/libkern.a(rune.o)
 .ARM.attributes
                0x00000422       0x32 /home/pi/github/inferno-os/Pico/arm/lib/libkern.a(strlen.o)
 .ARM.attributes
                0x00000454       0x32 /home/pi/github/inferno-os/Pico/arm/lib/libkern.a(strncpy.o)
 .ARM.attributes
                0x00000486       0x32 /home/pi/github/inferno-os/Pico/arm/lib/libkern.a(utflen.o)
 .ARM.attributes
                0x000004b8       0x32 /home/pi/github/inferno-os/Pico/arm/lib/libkern.a(utfnlen.o)
 .ARM.attributes
                0x000004ea       0x32 /home/pi/github/inferno-os/Pico/arm/lib/libkern.a(vseprint.o)
 .ARM.attributes
                0x0000051c       0x22 /home/pi/github/inferno-os/Pico/arm/lib/libpico.a(crt0.o)
 .ARM.attributes
                0x0000053e       0x22 /home/pi/github/inferno-os/Pico/arm/lib/libpico.a(double_none.o)
 .ARM.attributes
                0x00000560       0x22 /home/pi/github/inferno-os/Pico/arm/lib/libpico.a(mem_ops_aeabi.o)
 .ARM.attributes
                0x00000582       0x22 /home/pi/github/inferno-os/Pico/arm/lib/libpico.a(pico_divider.o)
 .ARM.attributes
                0x000005a4       0x32 /home/pi/github/inferno-os/Pico/arm/lib/libpico.a(pico_malloc.o)
 .ARM.attributes
                0x000005d6       0x32 /home/pi/github/inferno-os/Pico/arm/lib/libpico.a(runtime.o)
 .ARM.attributes
                0x00000608       0x32 /home/pi/github/inferno-os/Pico/arm/lib/libpico.a(stdio.o)
 .ARM.attributes
                0x0000063a       0x32 /home/pi/github/inferno-os/Pico/arm/lib/libpico.a(stdio_uart.o)
 .ARM.attributes
                0x0000066c       0x32 /home/pi/github/inferno-os/Pico/arm/lib/libpico.a(sync.o)
 .ARM.attributes
                0x0000069e       0x32 /home/pi/github/inferno-os/Pico/arm/lib/libpico.a(time.o)
 .ARM.attributes
                0x000006d0       0x32 /home/pi/github/inferno-os/Pico/arm/lib/libpico.a(timer.o)
 .ARM.attributes
                0x00000702       0x32 /home/pi/github/inferno-os/Pico/arm/lib/libpico.a(uart.o)
 .ARM.attributes
                0x00000734       0x22 /home/pi/github/inferno-os/Pico/arm/lib/libpico.a(pico_int64_ops_aeabi.o)
 .ARM.attributes
                0x00000756       0x32 /home/pi/github/inferno-os/Pico/arm/lib/libpico.a(bootrom.o)
 .ARM.attributes
                0x00000788       0x32 /home/pi/github/inferno-os/Pico/arm/lib/libpico.a(claim.o)
 .ARM.attributes
                0x000007ba       0x32 /home/pi/github/inferno-os/Pico/arm/lib/libpico.a(clocks.o)
 .ARM.attributes
                0x000007ec       0x32 /home/pi/github/inferno-os/Pico/arm/lib/libpico.a(gpio.o)
 .ARM.attributes
                0x0000081e       0x32 /home/pi/github/inferno-os/Pico/arm/lib/libpico.a(irq.o)
 .ARM.attributes
                0x00000850       0x22 /home/pi/github/inferno-os/Pico/arm/lib/libpico.a(irq_handler_chain.o)
 .ARM.attributes
                0x00000872       0x32 /home/pi/github/inferno-os/Pico/arm/lib/libpico.a(lock_core.o)
 .ARM.attributes
                0x000008a4       0x32 /home/pi/github/inferno-os/Pico/arm/lib/libpico.a(mutex.o)
 .ARM.attributes
                0x000008d6       0x32 /home/pi/github/inferno-os/Pico/arm/lib/libpico.a(pheap.o)
 .ARM.attributes
                0x00000908       0x32 /home/pi/github/inferno-os/Pico/arm/lib/libpico.a(platform.o)
 .ARM.attributes
                0x0000093a       0x32 /home/pi/github/inferno-os/Pico/arm/lib/libpico.a(pll.o)
 .ARM.attributes
                0x0000096c       0x32 /home/pi/github/inferno-os/Pico/arm/lib/libpico.a(printf.o)
 .ARM.attributes
                0x0000099e       0x32 /home/pi/github/inferno-os/Pico/arm/lib/libpico.a(watchdog.o)
 .ARM.attributes
                0x000009d0       0x32 /home/pi/github/inferno-os/Pico/arm/lib/libpico.a(xosc.o)
 .ARM.attributes
                0x00000a02       0x22 /tmp/cca8dfbo.o
 .ARM.attributes
                0x00000a24       0x1e /usr/lib/gcc/arm-none-eabi/7.3.1/thumb/v6-m/libgcc.a(_dvmd_tls.o)
 .ARM.attributes
                0x00000a42       0x2c /usr/lib/gcc/arm-none-eabi/7.3.1/../../../arm-none-eabi/lib/thumb/v6-m/libg.a(lib_a-memmove.o)
 .ARM.attributes
                0x00000a6e       0x2c /usr/lib/gcc/arm-none-eabi/7.3.1/../../../arm-none-eabi/lib/thumb/v6-m/libg.a(lib_a-strchr.o)
 .ARM.attributes
                0x00000a9a       0x2c /usr/lib/gcc/arm-none-eabi/7.3.1/thumb/v6-m/crtend.o

.comment        0x00000000       0xae
 .comment       0x00000000       0x57 /usr/lib/gcc/arm-none-eabi/7.3.1/thumb/v6-m/crtbegin.o
                                 0x58 (size before relaxing)
 .comment       0x00000057       0x58 main.o
 .comment       0x00000057       0x58 devroot.o
 .comment       0x00000057       0x58 devcons.o
 .comment       0x00000057       0x58 alloc.o
 .comment       0x00000057       0x58 allocb.o
 .comment       0x00000057       0x58 chan.o
 .comment       0x00000057       0x58 dis.o
 .comment       0x00000057       0x58 print.o
 .comment       0x00000057       0x58 proc.o
 .comment       0x00000057       0x58 qio.o
 .comment       0x00000057       0x58 qlock.o
 .comment       0x00000057       0x58 taslock.o
 .comment       0x00000057       0x58 xalloc.o
 .comment       0x00000057       0x58 pico.o
 .comment       0x00000057       0x58 /home/pi/github/inferno-os/Pico/arm/lib/libinterp.a(gc.o)
 .comment       0x00000057       0x58 /home/pi/github/inferno-os/Pico/arm/lib/libkern.a(dofmt.o)
 .comment       0x00000057       0x58 /home/pi/github/inferno-os/Pico/arm/lib/libkern.a(fmt.o)
 .comment       0x00000057       0x58 /home/pi/github/inferno-os/Pico/arm/lib/libkern.a(memchr.o)
 .comment       0x00000057       0x58 /home/pi/github/inferno-os/Pico/arm/lib/libkern.a(rune.o)
 .comment       0x00000057       0x58 /home/pi/github/inferno-os/Pico/arm/lib/libkern.a(strlen.o)
 .comment       0x00000057       0x58 /home/pi/github/inferno-os/Pico/arm/lib/libkern.a(strncpy.o)
 .comment       0x00000057       0x58 /home/pi/github/inferno-os/Pico/arm/lib/libkern.a(utflen.o)
 .comment       0x00000057       0x58 /home/pi/github/inferno-os/Pico/arm/lib/libkern.a(utfnlen.o)
 .comment       0x00000057       0x58 /home/pi/github/inferno-os/Pico/arm/lib/libkern.a(vseprint.o)
 .comment       0x00000057       0x58 /home/pi/github/inferno-os/Pico/arm/lib/libpico.a(pico_malloc.o)
 .comment       0x00000057       0x58 /home/pi/github/inferno-os/Pico/arm/lib/libpico.a(runtime.o)
 .comment       0x00000057       0x58 /home/pi/github/inferno-os/Pico/arm/lib/libpico.a(stdio.o)
 .comment       0x00000057       0x58 /home/pi/github/inferno-os/Pico/arm/lib/libpico.a(stdio_uart.o)
 .comment       0x00000057       0x58 /home/pi/github/inferno-os/Pico/arm/lib/libpico.a(sync.o)
 .comment       0x00000057       0x58 /home/pi/github/inferno-os/Pico/arm/lib/libpico.a(time.o)
 .comment       0x00000057       0x58 /home/pi/github/inferno-os/Pico/arm/lib/libpico.a(timer.o)
 .comment       0x00000057       0x58 /home/pi/github/inferno-os/Pico/arm/lib/libpico.a(uart.o)
 .comment       0x00000057       0x58 /home/pi/github/inferno-os/Pico/arm/lib/libpico.a(bootrom.o)
 .comment       0x00000057       0x58 /home/pi/github/inferno-os/Pico/arm/lib/libpico.a(claim.o)
 .comment       0x00000057       0x58 /home/pi/github/inferno-os/Pico/arm/lib/libpico.a(clocks.o)
 .comment       0x00000057       0x58 /home/pi/github/inferno-os/Pico/arm/lib/libpico.a(gpio.o)
 .comment       0x00000057       0x58 /home/pi/github/inferno-os/Pico/arm/lib/libpico.a(irq.o)
 .comment       0x00000057       0x58 /home/pi/github/inferno-os/Pico/arm/lib/libpico.a(lock_core.o)
 .comment       0x00000057       0x58 /home/pi/github/inferno-os/Pico/arm/lib/libpico.a(mutex.o)
 .comment       0x00000057       0x58 /home/pi/github/inferno-os/Pico/arm/lib/libpico.a(pheap.o)
 .comment       0x00000057       0x58 /home/pi/github/inferno-os/Pico/arm/lib/libpico.a(platform.o)
 .comment       0x00000057       0x58 /home/pi/github/inferno-os/Pico/arm/lib/libpico.a(pll.o)
 .comment       0x00000057       0x58 /home/pi/github/inferno-os/Pico/arm/lib/libpico.a(printf.o)
 .comment       0x00000057       0x58 /home/pi/github/inferno-os/Pico/arm/lib/libpico.a(watchdog.o)
 .comment       0x00000057       0x58 /home/pi/github/inferno-os/Pico/arm/lib/libpico.a(xosc.o)
 .comment       0x00000057       0x57 /usr/lib/gcc/arm-none-eabi/7.3.1/../../../arm-none-eabi/lib/thumb/v6-m/libg.a(lib_a-memmove.o)
                                 0x58 (size before relaxing)
 .comment       0x000000ae       0x58 /usr/lib/gcc/arm-none-eabi/7.3.1/../../../arm-none-eabi/lib/thumb/v6-m/libg.a(lib_a-strchr.o)
 .comment       0x000000ae       0x58 /usr/lib/gcc/arm-none-eabi/7.3.1/thumb/v6-m/crtend.o

.debug_info     0x00000000    0x3db55
 .debug_info    0x00000000      0x18c main.o
 .debug_info    0x0000018c       0x26 armv6.o
 .debug_info    0x000001b2     0x211a devroot.o
 .debug_info    0x000022cc     0x477c devcons.o
 .debug_info    0x00006a48     0x3e89 alloc.o
 .debug_info    0x0000a8d1     0x1f6a allocb.o
 .debug_info    0x0000c83b     0x3df1 chan.o
 .debug_info    0x0001062c     0x49e3 dis.o
 .debug_info    0x0001500f     0x19b3 print.o
 .debug_info    0x000169c2     0x3d86 proc.o
 .debug_info    0x0001a748     0x3b02 qio.o
 .debug_info    0x0001e24a     0x1bfd qlock.o
 .debug_info    0x0001fe47     0x1f3f taslock.o
 .debug_info    0x00021d86     0x1e60 xalloc.o
 .debug_info    0x00023be6     0x2688 pico.o
 .debug_info    0x0002626e     0x164c /home/pi/github/inferno-os/Pico/arm/lib/libinterp.a(gc.o)
 .debug_info    0x000278ba      0xe1b /home/pi/github/inferno-os/Pico/arm/lib/libkern.a(dofmt.o)
 .debug_info    0x000286d5      0x459 /home/pi/github/inferno-os/Pico/arm/lib/libkern.a(fmt.o)
 .debug_info    0x00028b2e      0x113 /home/pi/github/inferno-os/Pico/arm/lib/libkern.a(memchr.o)
 .debug_info    0x00028c41      0x32e /home/pi/github/inferno-os/Pico/arm/lib/libkern.a(rune.o)
 .debug_info    0x00028f6f       0xec /home/pi/github/inferno-os/Pico/arm/lib/libkern.a(strlen.o)
 .debug_info    0x0002905b       0xfc /home/pi/github/inferno-os/Pico/arm/lib/libkern.a(strncpy.o)
 .debug_info    0x00029157      0x16f /home/pi/github/inferno-os/Pico/arm/lib/libkern.a(utflen.o)
 .debug_info    0x000292c6      0x1b2 /home/pi/github/inferno-os/Pico/arm/lib/libkern.a(utfnlen.o)
 .debug_info    0x00029478      0x20a /home/pi/github/inferno-os/Pico/arm/lib/libkern.a(vseprint.o)
 .debug_info    0x00029682       0x22 /home/pi/github/inferno-os/Pico/arm/lib/libpico.a(crt0.o)
 .debug_info    0x000296a4       0x26 /home/pi/github/inferno-os/Pico/arm/lib/libpico.a(double_none.o)
 .debug_info    0x000296ca       0x22 /home/pi/github/inferno-os/Pico/arm/lib/libpico.a(mem_ops_aeabi.o)
 .debug_info    0x000296ec       0x22 /home/pi/github/inferno-os/Pico/arm/lib/libpico.a(pico_divider.o)
 .debug_info    0x0002970e      0xa52 /home/pi/github/inferno-os/Pico/arm/lib/libpico.a(pico_malloc.o)
 .debug_info    0x0002a160      0xa16 /home/pi/github/inferno-os/Pico/arm/lib/libpico.a(runtime.o)
 .debug_info    0x0002ab76     0x1906 /home/pi/github/inferno-os/Pico/arm/lib/libpico.a(stdio.o)
 .debug_info    0x0002c47c      0xb26 /home/pi/github/inferno-os/Pico/arm/lib/libpico.a(stdio_uart.o)
 .debug_info    0x0002cfa2      0x508 /home/pi/github/inferno-os/Pico/arm/lib/libpico.a(sync.o)
 .debug_info    0x0002d4aa     0x3ab7 /home/pi/github/inferno-os/Pico/arm/lib/libpico.a(time.o)
 .debug_info    0x00030f61      0xe63 /home/pi/github/inferno-os/Pico/arm/lib/libpico.a(timer.o)
 .debug_info    0x00031dc4      0xa11 /home/pi/github/inferno-os/Pico/arm/lib/libpico.a(uart.o)
 .debug_info    0x000327d5       0x26 /home/pi/github/inferno-os/Pico/arm/lib/libpico.a(pico_int64_ops_aeabi.o)
 .debug_info    0x000327fb      0x23e /home/pi/github/inferno-os/Pico/arm/lib/libpico.a(bootrom.o)
 .debug_info    0x00032a39      0x5d8 /home/pi/github/inferno-os/Pico/arm/lib/libpico.a(claim.o)
 .debug_info    0x00033011      0xd7a /home/pi/github/inferno-os/Pico/arm/lib/libpico.a(clocks.o)
 .debug_info    0x00033d8b     0x1194 /home/pi/github/inferno-os/Pico/arm/lib/libpico.a(gpio.o)
 .debug_info    0x00034f1f     0x15fe /home/pi/github/inferno-os/Pico/arm/lib/libpico.a(irq.o)
 .debug_info    0x0003651d       0x26 /home/pi/github/inferno-os/Pico/arm/lib/libpico.a(irq_handler_chain.o)
 .debug_info    0x00036543      0x1e8 /home/pi/github/inferno-os/Pico/arm/lib/libpico.a(lock_core.o)
 .debug_info    0x0003672b     0x1a8a /home/pi/github/inferno-os/Pico/arm/lib/libpico.a(mutex.o)
 .debug_info    0x000381b5     0x1889 /home/pi/github/inferno-os/Pico/arm/lib/libpico.a(pheap.o)
 .debug_info    0x00039a3e      0x1c6 /home/pi/github/inferno-os/Pico/arm/lib/libpico.a(platform.o)
 .debug_info    0x00039c04      0x464 /home/pi/github/inferno-os/Pico/arm/lib/libpico.a(pll.o)
 .debug_info    0x0003a068     0x1d89 /home/pi/github/inferno-os/Pico/arm/lib/libpico.a(printf.o)
 .debug_info    0x0003bdf1      0x446 /home/pi/github/inferno-os/Pico/arm/lib/libpico.a(watchdog.o)
 .debug_info    0x0003c237      0x1b2 /home/pi/github/inferno-os/Pico/arm/lib/libpico.a(xosc.o)
 .debug_info    0x0003c3e9       0x26 /usr/lib/gcc/arm-none-eabi/7.3.1/thumb/v6-m/libgcc.a(_dvmd_tls.o)
 .debug_info    0x0003c40f      0xe31 /usr/lib/gcc/arm-none-eabi/7.3.1/../../../arm-none-eabi/lib/thumb/v6-m/libg.a(lib_a-memmove.o)
 .debug_info    0x0003d240      0x915 /usr/lib/gcc/arm-none-eabi/7.3.1/../../../arm-none-eabi/lib/thumb/v6-m/libg.a(lib_a-strchr.o)

.debug_abbrev   0x00000000     0x82b8
 .debug_abbrev  0x00000000      0x116 main.o
 .debug_abbrev  0x00000116       0x14 armv6.o
 .debug_abbrev  0x0000012a      0x32c devroot.o
 .debug_abbrev  0x00000456      0x554 devcons.o
 .debug_abbrev  0x000009aa      0x52e alloc.o
 .debug_abbrev  0x00000ed8      0x383 allocb.o
 .debug_abbrev  0x0000125b      0x4d2 chan.o
 .debug_abbrev  0x0000172d      0x521 dis.o
 .debug_abbrev  0x00001c4e      0x2cd print.o
 .debug_abbrev  0x00001f1b      0x561 proc.o
 .debug_abbrev  0x0000247c      0x4c8 qio.o
 .debug_abbrev  0x00002944      0x33c qlock.o
 .debug_abbrev  0x00002c80      0x37e taslock.o
 .debug_abbrev  0x00002ffe      0x344 xalloc.o
 .debug_abbrev  0x00003342      0x2ca pico.o
 .debug_abbrev  0x0000360c      0x39f /home/pi/github/inferno-os/Pico/arm/lib/libinterp.a(gc.o)
 .debug_abbrev  0x000039ab      0x220 /home/pi/github/inferno-os/Pico/arm/lib/libkern.a(dofmt.o)
 .debug_abbrev  0x00003bcb      0x1e8 /home/pi/github/inferno-os/Pico/arm/lib/libkern.a(fmt.o)
 .debug_abbrev  0x00003db3       0xb5 /home/pi/github/inferno-os/Pico/arm/lib/libkern.a(memchr.o)
 .debug_abbrev  0x00003e68      0x165 /home/pi/github/inferno-os/Pico/arm/lib/libkern.a(rune.o)
 .debug_abbrev  0x00003fcd       0xba /home/pi/github/inferno-os/Pico/arm/lib/libkern.a(strlen.o)
 .debug_abbrev  0x00004087       0xbd /home/pi/github/inferno-os/Pico/arm/lib/libkern.a(strncpy.o)
 .debug_abbrev  0x00004144      0x111 /home/pi/github/inferno-os/Pico/arm/lib/libkern.a(utflen.o)
 .debug_abbrev  0x00004255      0x11e /home/pi/github/inferno-os/Pico/arm/lib/libkern.a(utfnlen.o)
 .debug_abbrev  0x00004373      0x126 /home/pi/github/inferno-os/Pico/arm/lib/libkern.a(vseprint.o)
 .debug_abbrev  0x00004499       0x12 /home/pi/github/inferno-os/Pico/arm/lib/libpico.a(crt0.o)
 .debug_abbrev  0x000044ab       0x14 /home/pi/github/inferno-os/Pico/arm/lib/libpico.a(double_none.o)
 .debug_abbrev  0x000044bf       0x12 /home/pi/github/inferno-os/Pico/arm/lib/libpico.a(mem_ops_aeabi.o)
 .debug_abbrev  0x000044d1       0x12 /home/pi/github/inferno-os/Pico/arm/lib/libpico.a(pico_divider.o)
 .debug_abbrev  0x000044e3      0x270 /home/pi/github/inferno-os/Pico/arm/lib/libpico.a(pico_malloc.o)
 .debug_abbrev  0x00004753      0x373 /home/pi/github/inferno-os/Pico/arm/lib/libpico.a(runtime.o)
 .debug_abbrev  0x00004ac6      0x4c9 /home/pi/github/inferno-os/Pico/arm/lib/libpico.a(stdio.o)
 .debug_abbrev  0x00004f8f      0x36d /home/pi/github/inferno-os/Pico/arm/lib/libpico.a(stdio_uart.o)
 .debug_abbrev  0x000052fc      0x1e8 /home/pi/github/inferno-os/Pico/arm/lib/libpico.a(sync.o)
 .debug_abbrev  0x000054e4      0x5a5 /home/pi/github/inferno-os/Pico/arm/lib/libpico.a(time.o)
 .debug_abbrev  0x00005a89      0x320 /home/pi/github/inferno-os/Pico/arm/lib/libpico.a(timer.o)
 .debug_abbrev  0x00005da9      0x29c /home/pi/github/inferno-os/Pico/arm/lib/libpico.a(uart.o)
 .debug_abbrev  0x00006045       0x14 /home/pi/github/inferno-os/Pico/arm/lib/libpico.a(pico_int64_ops_aeabi.o)
 .debug_abbrev  0x00006059      0x11e /home/pi/github/inferno-os/Pico/arm/lib/libpico.a(bootrom.o)
 .debug_abbrev  0x00006177      0x265 /home/pi/github/inferno-os/Pico/arm/lib/libpico.a(claim.o)
 .debug_abbrev  0x000063dc      0x35d /home/pi/github/inferno-os/Pico/arm/lib/libpico.a(clocks.o)
 .debug_abbrev  0x00006739      0x287 /home/pi/github/inferno-os/Pico/arm/lib/libpico.a(gpio.o)
 .debug_abbrev  0x000069c0      0x418 /home/pi/github/inferno-os/Pico/arm/lib/libpico.a(irq.o)
 .debug_abbrev  0x00006dd8       0x14 /home/pi/github/inferno-os/Pico/arm/lib/libpico.a(irq_handler_chain.o)
 .debug_abbrev  0x00006dec      0x12d /home/pi/github/inferno-os/Pico/arm/lib/libpico.a(lock_core.o)
 .debug_abbrev  0x00006f19      0x325 /home/pi/github/inferno-os/Pico/arm/lib/libpico.a(mutex.o)
 .debug_abbrev  0x0000723e      0x3ac /home/pi/github/inferno-os/Pico/arm/lib/libpico.a(pheap.o)
 .debug_abbrev  0x000075ea       0xde /home/pi/github/inferno-os/Pico/arm/lib/libpico.a(platform.o)
 .debug_abbrev  0x000076c8      0x1a0 /home/pi/github/inferno-os/Pico/arm/lib/libpico.a(pll.o)
 .debug_abbrev  0x00007868      0x427 /home/pi/github/inferno-os/Pico/arm/lib/libpico.a(printf.o)
 .debug_abbrev  0x00007c8f      0x17f /home/pi/github/inferno-os/Pico/arm/lib/libpico.a(watchdog.o)
 .debug_abbrev  0x00007e0e       0xec /home/pi/github/inferno-os/Pico/arm/lib/libpico.a(xosc.o)
 .debug_abbrev  0x00007efa       0x14 /usr/lib/gcc/arm-none-eabi/7.3.1/thumb/v6-m/libgcc.a(_dvmd_tls.o)
 .debug_abbrev  0x00007f0e      0x1e3 /usr/lib/gcc/arm-none-eabi/7.3.1/../../../arm-none-eabi/lib/thumb/v6-m/libg.a(lib_a-memmove.o)
 .debug_abbrev  0x000080f1      0x1c7 /usr/lib/gcc/arm-none-eabi/7.3.1/../../../arm-none-eabi/lib/thumb/v6-m/libg.a(lib_a-strchr.o)

.debug_aranges  0x00000000     0x15d0
 .debug_aranges
                0x00000000       0x20 main.o
 .debug_aranges
                0x00000020       0x20 armv6.o
 .debug_aranges
                0x00000040       0x58 devroot.o
 .debug_aranges
                0x00000098      0x1b0 devcons.o
 .debug_aranges
                0x00000248      0x138 alloc.o
 .debug_aranges
                0x00000380       0x48 allocb.o
 .debug_aranges
                0x000003c8      0x150 chan.o
 .debug_aranges
                0x00000518      0x160 dis.o
 .debug_aranges
                0x00000678       0x38 print.o
 .debug_aranges
                0x000006b0      0x148 proc.o
 .debug_aranges
                0x000007f8      0x1a8 qio.o
 .debug_aranges
                0x000009a0       0x58 qlock.o
 .debug_aranges
                0x000009f8       0x48 taslock.o
 .debug_aranges
                0x00000a40       0x60 xalloc.o
 .debug_aranges
                0x00000aa0       0x28 pico.o
 .debug_aranges
                0x00000ac8       0x20 /home/pi/github/inferno-os/Pico/arm/lib/libinterp.a(gc.o)
 .debug_aranges
                0x00000ae8       0x20 /home/pi/github/inferno-os/Pico/arm/lib/libkern.a(dofmt.o)
 .debug_aranges
                0x00000b08       0x20 /home/pi/github/inferno-os/Pico/arm/lib/libkern.a(fmt.o)
 .debug_aranges
                0x00000b28       0x20 /home/pi/github/inferno-os/Pico/arm/lib/libkern.a(memchr.o)
 .debug_aranges
                0x00000b48       0x20 /home/pi/github/inferno-os/Pico/arm/lib/libkern.a(rune.o)
 .debug_aranges
                0x00000b68       0x20 /home/pi/github/inferno-os/Pico/arm/lib/libkern.a(strlen.o)
 .debug_aranges
                0x00000b88       0x20 /home/pi/github/inferno-os/Pico/arm/lib/libkern.a(strncpy.o)
 .debug_aranges
                0x00000ba8       0x20 /home/pi/github/inferno-os/Pico/arm/lib/libkern.a(utflen.o)
 .debug_aranges
                0x00000bc8       0x20 /home/pi/github/inferno-os/Pico/arm/lib/libkern.a(utfnlen.o)
 .debug_aranges
                0x00000be8       0x20 /home/pi/github/inferno-os/Pico/arm/lib/libkern.a(vseprint.o)
 .debug_aranges
                0x00000c08       0x28 /home/pi/github/inferno-os/Pico/arm/lib/libpico.a(crt0.o)
 .debug_aranges
                0x00000c30       0x20 /home/pi/github/inferno-os/Pico/arm/lib/libpico.a(double_none.o)
 .debug_aranges
                0x00000c50       0x38 /home/pi/github/inferno-os/Pico/arm/lib/libpico.a(mem_ops_aeabi.o)
 .debug_aranges
                0x00000c88       0x40 /home/pi/github/inferno-os/Pico/arm/lib/libpico.a(pico_divider.o)
 .debug_aranges
                0x00000cc8       0x30 /home/pi/github/inferno-os/Pico/arm/lib/libpico.a(pico_malloc.o)
 .debug_aranges
                0x00000cf8       0x60 /home/pi/github/inferno-os/Pico/arm/lib/libpico.a(runtime.o)
 .debug_aranges
                0x00000d58       0xd0 /home/pi/github/inferno-os/Pico/arm/lib/libpico.a(stdio.o)
 .debug_aranges
                0x00000e28       0x48 /home/pi/github/inferno-os/Pico/arm/lib/libpico.a(stdio_uart.o)
 .debug_aranges
                0x00000e70       0x58 /home/pi/github/inferno-os/Pico/arm/lib/libpico.a(sync.o)
 .debug_aranges
                0x00000ec8       0xd0 /home/pi/github/inferno-os/Pico/arm/lib/libpico.a(time.o)
 .debug_aranges
                0x00000f98       0x78 /home/pi/github/inferno-os/Pico/arm/lib/libpico.a(timer.o)
 .debug_aranges
                0x00001010       0x40 /home/pi/github/inferno-os/Pico/arm/lib/libpico.a(uart.o)
 .debug_aranges
                0x00001050       0x20 /home/pi/github/inferno-os/Pico/arm/lib/libpico.a(pico_int64_ops_aeabi.o)
 .debug_aranges
                0x00001070       0x30 /home/pi/github/inferno-os/Pico/arm/lib/libpico.a(bootrom.o)
 .debug_aranges
                0x000010a0       0x48 /home/pi/github/inferno-os/Pico/arm/lib/libpico.a(claim.o)
 .debug_aranges
                0x000010e8       0x70 /home/pi/github/inferno-os/Pico/arm/lib/libpico.a(clocks.o)
 .debug_aranges
                0x00001158       0xd8 /home/pi/github/inferno-os/Pico/arm/lib/libpico.a(gpio.o)
 .debug_aranges
                0x00001230       0x98 /home/pi/github/inferno-os/Pico/arm/lib/libpico.a(irq.o)
 .debug_aranges
                0x000012c8       0x20 /home/pi/github/inferno-os/Pico/arm/lib/libpico.a(irq_handler_chain.o)
 .debug_aranges
                0x000012e8       0x20 /home/pi/github/inferno-os/Pico/arm/lib/libpico.a(lock_core.o)
 .debug_aranges
                0x00001308       0x88 /home/pi/github/inferno-os/Pico/arm/lib/libpico.a(mutex.o)
 .debug_aranges
                0x00001390       0x78 /home/pi/github/inferno-os/Pico/arm/lib/libpico.a(pheap.o)
 .debug_aranges
                0x00001408       0x28 /home/pi/github/inferno-os/Pico/arm/lib/libpico.a(platform.o)
 .debug_aranges
                0x00001430       0x28 /home/pi/github/inferno-os/Pico/arm/lib/libpico.a(pll.o)
 .debug_aranges
                0x00001458       0x90 /home/pi/github/inferno-os/Pico/arm/lib/libpico.a(printf.o)
 .debug_aranges
                0x000014e8       0x58 /home/pi/github/inferno-os/Pico/arm/lib/libpico.a(watchdog.o)
 .debug_aranges
                0x00001540       0x30 /home/pi/github/inferno-os/Pico/arm/lib/libpico.a(xosc.o)
 .debug_aranges
                0x00001570       0x20 /usr/lib/gcc/arm-none-eabi/7.3.1/thumb/v6-m/libgcc.a(_dvmd_tls.o)
 .debug_aranges
                0x00001590       0x20 /usr/lib/gcc/arm-none-eabi/7.3.1/../../../arm-none-eabi/lib/thumb/v6-m/libg.a(lib_a-memmove.o)
 .debug_aranges
                0x000015b0       0x20 /usr/lib/gcc/arm-none-eabi/7.3.1/../../../arm-none-eabi/lib/thumb/v6-m/libg.a(lib_a-strchr.o)

.debug_ranges   0x00000000     0x1f90
 .debug_ranges  0x00000000       0x10 main.o
 .debug_ranges  0x00000010       0x48 devroot.o
 .debug_ranges  0x00000058      0x1d0 devcons.o
 .debug_ranges  0x00000228      0x128 alloc.o
 .debug_ranges  0x00000350       0x38 allocb.o
 .debug_ranges  0x00000388      0x140 chan.o
 .debug_ranges  0x000004c8      0x168 dis.o
 .debug_ranges  0x00000630       0x28 print.o
 .debug_ranges  0x00000658      0x138 proc.o
 .debug_ranges  0x00000790      0x198 qio.o
 .debug_ranges  0x00000928       0x48 qlock.o
 .debug_ranges  0x00000970       0x50 taslock.o
 .debug_ranges  0x000009c0       0x50 xalloc.o
 .debug_ranges  0x00000a10       0x18 pico.o
 .debug_ranges  0x00000a28       0x30 /home/pi/github/inferno-os/Pico/arm/lib/libkern.a(dofmt.o)
 .debug_ranges  0x00000a58       0x20 /home/pi/github/inferno-os/Pico/arm/lib/libpico.a(crt0.o)
 .debug_ranges  0x00000a78       0x30 /home/pi/github/inferno-os/Pico/arm/lib/libpico.a(mem_ops_aeabi.o)
 .debug_ranges  0x00000aa8       0x38 /home/pi/github/inferno-os/Pico/arm/lib/libpico.a(pico_divider.o)
 .debug_ranges  0x00000ae0       0x50 /home/pi/github/inferno-os/Pico/arm/lib/libpico.a(pico_malloc.o)
 .debug_ranges  0x00000b30       0x80 /home/pi/github/inferno-os/Pico/arm/lib/libpico.a(runtime.o)
 .debug_ranges  0x00000bb0      0x198 /home/pi/github/inferno-os/Pico/arm/lib/libpico.a(stdio.o)
 .debug_ranges  0x00000d48       0xd8 /home/pi/github/inferno-os/Pico/arm/lib/libpico.a(stdio_uart.o)
 .debug_ranges  0x00000e20       0x48 /home/pi/github/inferno-os/Pico/arm/lib/libpico.a(sync.o)
 .debug_ranges  0x00000e68      0x648 /home/pi/github/inferno-os/Pico/arm/lib/libpico.a(time.o)
 .debug_ranges  0x000014b0       0x98 /home/pi/github/inferno-os/Pico/arm/lib/libpico.a(timer.o)
 .debug_ranges  0x00001548       0x60 /home/pi/github/inferno-os/Pico/arm/lib/libpico.a(uart.o)
 .debug_ranges  0x000015a8       0x38 /home/pi/github/inferno-os/Pico/arm/lib/libpico.a(bootrom.o)
 .debug_ranges  0x000015e0       0x38 /home/pi/github/inferno-os/Pico/arm/lib/libpico.a(claim.o)
 .debug_ranges  0x00001618       0x60 /home/pi/github/inferno-os/Pico/arm/lib/libpico.a(clocks.o)
 .debug_ranges  0x00001678       0xe0 /home/pi/github/inferno-os/Pico/arm/lib/libpico.a(gpio.o)
 .debug_ranges  0x00001758      0x160 /home/pi/github/inferno-os/Pico/arm/lib/libpico.a(irq.o)
 .debug_ranges  0x000018b8       0x10 /home/pi/github/inferno-os/Pico/arm/lib/libpico.a(lock_core.o)
 .debug_ranges  0x000018c8      0x2d8 /home/pi/github/inferno-os/Pico/arm/lib/libpico.a(mutex.o)
 .debug_ranges  0x00001ba0      0x248 /home/pi/github/inferno-os/Pico/arm/lib/libpico.a(pheap.o)
 .debug_ranges  0x00001de8       0x18 /home/pi/github/inferno-os/Pico/arm/lib/libpico.a(platform.o)
 .debug_ranges  0x00001e00       0x18 /home/pi/github/inferno-os/Pico/arm/lib/libpico.a(pll.o)
 .debug_ranges  0x00001e18      0x110 /home/pi/github/inferno-os/Pico/arm/lib/libpico.a(printf.o)
 .debug_ranges  0x00001f28       0x48 /home/pi/github/inferno-os/Pico/arm/lib/libpico.a(watchdog.o)
 .debug_ranges  0x00001f70       0x20 /home/pi/github/inferno-os/Pico/arm/lib/libpico.a(xosc.o)

.debug_line     0x00000000     0x90a5
 .debug_line    0x00000000       0xf6 main.o
 .debug_line    0x000000f6       0x4a armv6.o
 .debug_line    0x00000140      0x1f9 devroot.o
 .debug_line    0x00000339      0x7ca devcons.o
 .debug_line    0x00000b03      0x795 alloc.o
 .debug_line    0x00001298      0x1be allocb.o
 .debug_line    0x00001456      0x93f chan.o
 .debug_line    0x00001d95      0x844 dis.o
 .debug_line    0x000025d9      0x128 print.o
 .debug_line    0x00002701      0x612 proc.o
 .debug_line    0x00002d13      0x84a qio.o
 .debug_line    0x0000355d      0x1ae qlock.o
 .debug_line    0x0000370b      0x1e5 taslock.o
 .debug_line    0x000038f0      0x276 xalloc.o
 .debug_line    0x00003b66      0x112 pico.o
 .debug_line    0x00003c78      0x25d /home/pi/github/inferno-os/Pico/arm/lib/libinterp.a(gc.o)
 .debug_line    0x00003ed5      0x4a5 /home/pi/github/inferno-os/Pico/arm/lib/libkern.a(dofmt.o)
 .debug_line    0x0000437a      0x12f /home/pi/github/inferno-os/Pico/arm/lib/libkern.a(fmt.o)
 .debug_line    0x000044a9       0x9d /home/pi/github/inferno-os/Pico/arm/lib/libkern.a(memchr.o)
 .debug_line    0x00004546      0x158 /home/pi/github/inferno-os/Pico/arm/lib/libkern.a(rune.o)
 .debug_line    0x0000469e       0x65 /home/pi/github/inferno-os/Pico/arm/lib/libkern.a(strlen.o)
 .debug_line    0x00004703       0x7a /home/pi/github/inferno-os/Pico/arm/lib/libkern.a(strncpy.o)
 .debug_line    0x0000477d       0xa0 /home/pi/github/inferno-os/Pico/arm/lib/libkern.a(utflen.o)
 .debug_line    0x0000481d       0xb1 /home/pi/github/inferno-os/Pico/arm/lib/libkern.a(utfnlen.o)
 .debug_line    0x000048ce       0xaa /home/pi/github/inferno-os/Pico/arm/lib/libkern.a(vseprint.o)
 .debug_line    0x00004978       0x95 /home/pi/github/inferno-os/Pico/arm/lib/libpico.a(crt0.o)
 .debug_line    0x00004a0d       0x41 /home/pi/github/inferno-os/Pico/arm/lib/libpico.a(double_none.o)
 .debug_line    0x00004a4e       0x8a /home/pi/github/inferno-os/Pico/arm/lib/libpico.a(mem_ops_aeabi.o)
 .debug_line    0x00004ad8      0x29e /home/pi/github/inferno-os/Pico/arm/lib/libpico.a(pico_divider.o)
 .debug_line    0x00004d76      0x13b /home/pi/github/inferno-os/Pico/arm/lib/libpico.a(pico_malloc.o)
 .debug_line    0x00004eb1      0x31d /home/pi/github/inferno-os/Pico/arm/lib/libpico.a(runtime.o)
 .debug_line    0x000051ce      0x4e9 /home/pi/github/inferno-os/Pico/arm/lib/libpico.a(stdio.o)
 .debug_line    0x000056b7      0x2ad /home/pi/github/inferno-os/Pico/arm/lib/libpico.a(stdio_uart.o)
 .debug_line    0x00005964      0x1c2 /home/pi/github/inferno-os/Pico/arm/lib/libpico.a(sync.o)
 .debug_line    0x00005b26      0x83b /home/pi/github/inferno-os/Pico/arm/lib/libpico.a(time.o)
 .debug_line    0x00006361      0x331 /home/pi/github/inferno-os/Pico/arm/lib/libpico.a(timer.o)
 .debug_line    0x00006692      0x24b /home/pi/github/inferno-os/Pico/arm/lib/libpico.a(uart.o)
 .debug_line    0x000068dd       0x5e /home/pi/github/inferno-os/Pico/arm/lib/libpico.a(pico_int64_ops_aeabi.o)
 .debug_line    0x0000693b       0xff /home/pi/github/inferno-os/Pico/arm/lib/libpico.a(bootrom.o)
 .debug_line    0x00006a3a      0x196 /home/pi/github/inferno-os/Pico/arm/lib/libpico.a(claim.o)